Archive member included to satisfy reference by file (symbol)

C:/ST/STM32CubeIDE_1.17.0/STM32CubeIDE/plugins/com.st.stm32cube.ide.mcu.externaltools.gnu-tools-for-stm32.12.3.rel1.win32_1.1.0.202410251130/tools/bin/../lib/gcc/arm-none-eabi/12.3.1/../../../../arm-none-eabi/lib/thumb/v7e-m+fp/hard\libc_nano.a(libc_a-calloc.o)
                              ./CANopenNode/CANopen.o (calloc)
C:/ST/STM32CubeIDE_1.17.0/STM32CubeIDE/plugins/com.st.stm32cube.ide.mcu.externaltools.gnu-tools-for-stm32.12.3.rel1.win32_1.1.0.202410251130/tools/bin/../lib/gcc/arm-none-eabi/12.3.1/../../../../arm-none-eabi/lib/thumb/v7e-m+fp/hard\libc_nano.a(libc_a-callocr.o)
                              C:/ST/STM32CubeIDE_1.17.0/STM32CubeIDE/plugins/com.st.stm32cube.ide.mcu.externaltools.gnu-tools-for-stm32.12.3.rel1.win32_1.1.0.202410251130/tools/bin/../lib/gcc/arm-none-eabi/12.3.1/../../../../arm-none-eabi/lib/thumb/v7e-m+fp/hard\libc_nano.a(libc_a-calloc.o) (_calloc_r)
C:/ST/STM32CubeIDE_1.17.0/STM32CubeIDE/plugins/com.st.stm32cube.ide.mcu.externaltools.gnu-tools-for-stm32.12.3.rel1.win32_1.1.0.202410251130/tools/bin/../lib/gcc/arm-none-eabi/12.3.1/../../../../arm-none-eabi/lib/thumb/v7e-m+fp/hard\libc_nano.a(libc_a-exit.o)
                              C:/ST/STM32CubeIDE_1.17.0/STM32CubeIDE/plugins/com.st.stm32cube.ide.mcu.externaltools.gnu-tools-for-stm32.12.3.rel1.win32_1.1.0.202410251130/tools/bin/../lib/gcc/arm-none-eabi/12.3.1/../../../../arm-none-eabi/lib/thumb/v7e-m+fp/hard/crt0.o (exit)
C:/ST/STM32CubeIDE_1.17.0/STM32CubeIDE/plugins/com.st.stm32cube.ide.mcu.externaltools.gnu-tools-for-stm32.12.3.rel1.win32_1.1.0.202410251130/tools/bin/../lib/gcc/arm-none-eabi/12.3.1/../../../../arm-none-eabi/lib/thumb/v7e-m+fp/hard\libc_nano.a(libc_a-malloc.o)
                              ./CANopenNode/CANopen.o (free)
C:/ST/STM32CubeIDE_1.17.0/STM32CubeIDE/plugins/com.st.stm32cube.ide.mcu.externaltools.gnu-tools-for-stm32.12.3.rel1.win32_1.1.0.202410251130/tools/bin/../lib/gcc/arm-none-eabi/12.3.1/../../../../arm-none-eabi/lib/thumb/v7e-m+fp/hard\libc_nano.a(libc_a-mallocr.o)
                              C:/ST/STM32CubeIDE_1.17.0/STM32CubeIDE/plugins/com.st.stm32cube.ide.mcu.externaltools.gnu-tools-for-stm32.12.3.rel1.win32_1.1.0.202410251130/tools/bin/../lib/gcc/arm-none-eabi/12.3.1/../../../../arm-none-eabi/lib/thumb/v7e-m+fp/hard\libc_nano.a(libc_a-callocr.o) (_malloc_r)
C:/ST/STM32CubeIDE_1.17.0/STM32CubeIDE/plugins/com.st.stm32cube.ide.mcu.externaltools.gnu-tools-for-stm32.12.3.rel1.win32_1.1.0.202410251130/tools/bin/../lib/gcc/arm-none-eabi/12.3.1/../../../../arm-none-eabi/lib/thumb/v7e-m+fp/hard\libc_nano.a(libc_a-mlock.o)
                              C:/ST/STM32CubeIDE_1.17.0/STM32CubeIDE/plugins/com.st.stm32cube.ide.mcu.externaltools.gnu-tools-for-stm32.12.3.rel1.win32_1.1.0.202410251130/tools/bin/../lib/gcc/arm-none-eabi/12.3.1/../../../../arm-none-eabi/lib/thumb/v7e-m+fp/hard\libc_nano.a(libc_a-mallocr.o) (__malloc_lock)
C:/ST/STM32CubeIDE_1.17.0/STM32CubeIDE/plugins/com.st.stm32cube.ide.mcu.externaltools.gnu-tools-for-stm32.12.3.rel1.win32_1.1.0.202410251130/tools/bin/../lib/gcc/arm-none-eabi/12.3.1/../../../../arm-none-eabi/lib/thumb/v7e-m+fp/hard\libc_nano.a(libc_a-nano-vfprintf_float.o)
                              (_printf_float)
C:/ST/STM32CubeIDE_1.17.0/STM32CubeIDE/plugins/com.st.stm32cube.ide.mcu.externaltools.gnu-tools-for-stm32.12.3.rel1.win32_1.1.0.202410251130/tools/bin/../lib/gcc/arm-none-eabi/12.3.1/../../../../arm-none-eabi/lib/thumb/v7e-m+fp/hard\libc_nano.a(libc_a-nano-vfprintf_i.o)
                              C:/ST/STM32CubeIDE_1.17.0/STM32CubeIDE/plugins/com.st.stm32cube.ide.mcu.externaltools.gnu-tools-for-stm32.12.3.rel1.win32_1.1.0.202410251130/tools/bin/../lib/gcc/arm-none-eabi/12.3.1/../../../../arm-none-eabi/lib/thumb/v7e-m+fp/hard\libc_nano.a(libc_a-nano-vfprintf_float.o) (_printf_common)
C:/ST/STM32CubeIDE_1.17.0/STM32CubeIDE/plugins/com.st.stm32cube.ide.mcu.externaltools.gnu-tools-for-stm32.12.3.rel1.win32_1.1.0.202410251130/tools/bin/../lib/gcc/arm-none-eabi/12.3.1/../../../../arm-none-eabi/lib/thumb/v7e-m+fp/hard\libc_nano.a(libc_a-fflush.o)
                              ./CANopenNode_STM32/CO_app_STM32.o (fflush)
C:/ST/STM32CubeIDE_1.17.0/STM32CubeIDE/plugins/com.st.stm32cube.ide.mcu.externaltools.gnu-tools-for-stm32.12.3.rel1.win32_1.1.0.202410251130/tools/bin/../lib/gcc/arm-none-eabi/12.3.1/../../../../arm-none-eabi/lib/thumb/v7e-m+fp/hard\libc_nano.a(libc_a-findfp.o)
                              C:/ST/STM32CubeIDE_1.17.0/STM32CubeIDE/plugins/com.st.stm32cube.ide.mcu.externaltools.gnu-tools-for-stm32.12.3.rel1.win32_1.1.0.202410251130/tools/bin/../lib/gcc/arm-none-eabi/12.3.1/../../../../arm-none-eabi/lib/thumb/v7e-m+fp/hard\libc_nano.a(libc_a-fflush.o) (__sglue)
[...]
Memory Configuration

Name             Origin             Length             Attributes
RAM              0x20000000         0x00020000         xrw
FLASH            0x08000000         0x00080000         xr
*default*        0x00000000         0xffffffff

Linker script and memory map

LOAD C:/ST/STM32CubeIDE_1.17.0/STM32CubeIDE/plugins/com.st.stm32cube.ide.mcu.externaltools.gnu-tools-for-stm32.12.3.rel1.win32_1.1.0.202410251130/tools/bin/../lib/gcc/arm-none-eabi/12.3.1/thumb/v7e-m+fp/hard/crti.o
LOAD C:/ST/STM32CubeIDE_1.17.0/STM32CubeIDE/plugins/com.st.stm32cube.ide.mcu.externaltools.gnu-tools-for-stm32.12.3.rel1.win32_1.1.0.202410251130/tools/bin/../lib/gcc/arm-none-eabi/12.3.1/thumb/v7e-m+fp/hard/crtbegin.o
LOAD C:/ST/STM32CubeIDE_1.17.0/STM32CubeIDE/plugins/com.st.stm32cube.ide.mcu.externaltools.gnu-tools-for-stm32.12.3.rel1.win32_1.1.0.202410251130/tools/bin/../lib/gcc/arm-none-eabi/12.3.1/../../../../arm-none-eabi/lib/thumb/v7e-m+fp/hard/crt0.o
LOAD ./CANopenNode/301/CO_Emergency.o
LOAD ./CANopenNode/301/CO_HBconsumer.o
LOAD ./CANopenNode/301/CO_NMT_Heartbeat.o
LOAD ./CANopenNode/301/CO_Node_Guarding.o
LOAD ./CANopenNode/301/CO_ODinterface.o
LOAD ./CANopenNode/301/CO_PDO.o
LOAD ./CANopenNode/301/CO_SDOclient.o
LOAD ./CANopenNode/301/CO_SDOserver.o
LOAD ./CANopenNode/301/CO_SYNC.o
LOAD ./CANopenNode/301/CO_TIME.o
LOAD ./CANopenNode/301/CO_fifo.o
LOAD ./CANopenNode/301/crc16-ccitt.o
LOAD ./CANopenNode/303/CO_LEDs.o
LOAD ./CANopenNode/304/CO_GFC.o
LOAD ./CANopenNode/304/CO_SRDO.o
LOAD ./CANopenNode/305/CO_LSSmaster.o
LOAD ./CANopenNode/305/CO_LSSslave.o
LOAD ./CANopenNode/309/CO_gateway_ascii.o
LOAD ./CANopenNode/CANopen.o
LOAD ./CANopenNode/extra/CO_trace.o
LOAD ./CANopenNode/storage/CO_storage.o
LOAD ./CANopenNode/storage/CO_storageEeprom.o
LOAD ./CANopenNode_STM32/CO_app_STM32.o
LOAD ./CANopenNode_STM32/CO_driver_STM32.o
LOAD ./CANopenNode_STM32/CO_storageBlank.o
LOAD ./CANopenNode_STM32/OD.o
LOAD ./Core/Src/main.o
LOAD ./Core/Src/stm32f4xx_hal_msp.o
LOAD ./Core/Src/stm32f4xx_it.o
LOAD ./Core/Src/syscalls.o
LOAD ./Core/Src/sysmem.o
LOAD ./Core/Src/system_stm32f4xx.o
LOAD ./Core/Startup/startup_stm32f446retx.o
LOAD ./Drivers/STM32F4xx_HAL_Driver/Src/stm32f4xx_hal.o
LOAD ./Drivers/STM32F4xx_HAL_Driver/Src/stm32f4xx_hal_adc.o
LOAD ./Drivers/STM32F4xx_HAL_Driver/Src/stm32f4xx_hal_adc_ex.o
LOAD ./Drivers/STM32F4xx_HAL_Driver/Src/stm32f4xx_hal_can.o
LOAD ./Drivers/STM32F4xx_HAL_Driver/Src/stm32f4xx_hal_cortex.o
LOAD ./Drivers/STM32F4xx_HAL_Driver/Src/stm32f4xx_hal_dma.o
LOAD ./Drivers/STM32F4xx_HAL_Driver/Src/stm32f4xx_hal_dma_ex.o
LOAD ./Drivers/STM32F4xx_HAL_Driver/Src/stm32f4xx_hal_exti.o
LOAD ./Drivers/STM32F4xx_HAL_Driver/Src/stm32f4xx_hal_flash.o
LOAD ./Drivers/STM32F4xx_HAL_Driver/Src/stm32f4xx_hal_flash_ex.o
LOAD ./Drivers/STM32F4xx_HAL_Driver/Src/stm32f4xx_hal_flash_ramfunc.o
LOAD ./Drivers/STM32F4xx_HAL_Driver/Src/stm32f4xx_hal_gpio.o
LOAD ./Drivers/STM32F4xx_HAL_Driver/Src/stm32f4xx_hal_pwr.o
LOAD ./Drivers/STM32F4xx_HAL_Driver/Src/stm32f4xx_hal_pwr_ex.o
LOAD ./Drivers/STM32F4xx_HAL_Driver/Src/stm32f4xx_hal_rcc.o
LOAD ./Drivers/STM32F4xx_HAL_Driver/Src/stm32f4xx_hal_rcc_ex.o
LOAD ./Drivers/STM32F4xx_HAL_Driver/Src/stm32f4xx_hal_spi.o
LOAD ./Drivers/STM32F4xx_HAL_Driver/Src/stm32f4xx_hal_tim.o
LOAD ./Drivers/STM32F4xx_HAL_Driver/Src/stm32f4xx_hal_tim_ex.o
LOAD ./Drivers/STM32F4xx_HAL_Driver/Src/stm32f4xx_hal_uart.o
LOAD ./Drivers/STM32F4xx_HAL_Driver/Src/stm32f4xx_ll_adc.o
START GROUP
LOAD C:/ST/STM32CubeIDE_1.17.0/STM32CubeIDE/plugins/com.st.stm32cube.ide.mcu.externaltools.gnu-tools-for-stm32.12.3.rel1.win32_1.1.0.202410251130/tools/bin/../lib/gcc/arm-none-eabi/12.3.1/../../../../arm-none-eabi/lib/thumb/v7e-m+fp/hard\libc_nano.a
LOAD C:/ST/STM32CubeIDE_1.17.0/STM32CubeIDE/plugins/com.st.stm32cube.ide.mcu.externaltools.gnu-tools-for-stm32.12.3.rel1.win32_1.1.0.202410251130/tools/bin/../lib/gcc/arm-none-eabi/12.3.1/../../../../arm-none-eabi/lib/thumb/v7e-m+fp/hard\libm.a
END GROUP
START GROUP
LOAD C:/ST/STM32CubeIDE_1.17.0/STM32CubeIDE/plugins/com.st.stm32cube.ide.mcu.externaltools.gnu-tools-for-stm32.12.3.rel1.win32_1.1.0.202410251130/tools/bin/../lib/gcc/arm-none-eabi/12.3.1/thumb/v7e-m+fp/hard\libgcc.a
LOAD C:/ST/STM32CubeIDE_1.17.0/STM32CubeIDE/plugins/com.st.stm32cube.ide.mcu.externaltools.gnu-tools-for-stm32.12.3.rel1.win32_1.1.0.202410251130/tools/bin/../lib/gcc/arm-none-eabi/12.3.1/../../../../arm-none-eabi/lib/thumb/v7e-m+fp/hard\libc_nano.a
END GROUP
START GROUP
LOAD C:/ST/STM32CubeIDE_1.17.0/STM32CubeIDE/plugins/com.st.stm32cube.ide.mcu.externaltools.gnu-tools-for-stm32.12.3.rel1.win32_1.1.0.202410251130/tools/bin/../lib/gcc/arm-none-eabi/12.3.1/thumb/v7e-m+fp/hard\libgcc.a
LOAD C:/ST/STM32CubeIDE_1.17.0/STM32CubeIDE/plugins/com.st.stm32cube.ide.mcu.externaltools.gnu-tools-for-stm32.12.3.rel1.win32_1.1.0.202410251130/tools/bin/../lib/gcc/arm-none-eabi/12.3.1/../../../../arm-none-eabi/lib/thumb/v7e-m+fp/hard\libc_nano.a
LOAD C:/ST/STM32CubeIDE_1.17.0/STM32CubeIDE/plugins/com.st.stm32cube.ide.mcu.externaltools.gnu-tools-for-stm32.12.3.rel1.win32_1.1.0.202410251130/tools/bin/../lib/gcc/arm-none-eabi/12.3.1/../../../../arm-none-eabi/lib/thumb/v7e-m+fp/hard\libnosys.a
END GROUP
START GROUP
LOAD C:/ST/STM32CubeIDE_1.17.0/STM32CubeIDE/plugins/com.st.stm32cube.ide.mcu.externaltools.gnu-tools-for-stm32.12.3.rel1.win32_1.1.0.202410251130/tools/bin/../lib/gcc/arm-none-eabi/12.3.1/thumb/v7e-m+fp/hard\libgcc.a
LOAD C:/ST/STM32CubeIDE_1.17.0/STM32CubeIDE/plugins/com.st.stm32cube.ide.mcu.externaltools.gnu-tools-for-stm32.12.3.rel1.win32_1.1.0.202410251130/tools/bin/../lib/gcc/arm-none-eabi/12.3.1/../../../../arm-none-eabi/lib/thumb/v7e-m+fp/hard\libc_nano.a
LOAD C:/ST/STM32CubeIDE_1.17.0/STM32CubeIDE/plugins/com.st.stm32cube.ide.mcu.externaltools.gnu-tools-for-stm32.12.3.rel1.win32_1.1.0.202410251130/tools/bin/../lib/gcc/arm-none-eabi/12.3.1/../../../../arm-none-eabi/lib/thumb/v7e-m+fp/hard\libnosys.a
END GROUP
LOAD C:/ST/STM32CubeIDE_1.17.0/STM32CubeIDE/plugins/com.st.stm32cube.ide.mcu.externaltools.gnu-tools-for-stm32.12.3.rel1.win32_1.1.0.202410251130/tools/bin/../lib/gcc/arm-none-eabi/12.3.1/thumb/v7e-m+fp/hard/crtend.o
LOAD C:/ST/STM32CubeIDE_1.17.0/STM32CubeIDE/plugins/com.st.stm32cube.ide.mcu.externaltools.gnu-tools-for-stm32.12.3.rel1.win32_1.1.0.202410251130/tools/bin/../lib/gcc/arm-none-eabi/12.3.1/thumb/v7e-m+fp/hard/crtn.o
                0x20020000                        _estack = (ORIGIN (RAM) + LENGTH (RAM))
                0x00000200                        _Min_Heap_Size = 0x200
                0x00000400                        _Min_Stack_Size = 0x400

.isr_vector     0x08000000      0x1c4
                0x08000000                        . = ALIGN (0x4)
 *(.isr_vector)
 .isr_vector    0x08000000      0x1c4 ./Core/Startup/startup_stm32f446retx.o
                0x08000000                g_pfnVectors
                0x080001c4                        . = ALIGN (0x4)

.text           0x080001d0    0x155f0
                0x080001d0                        . = ALIGN (0x4)
 *(.text)
 .text          0x080001d0       0x40 C:/ST/STM32CubeIDE_1.17.0/STM32CubeIDE/plugins/com.st.stm32cube.ide.mcu.externaltools.gnu-tools-for-stm32.12.3.rel1.win32_1.1.0.202410251130/tools/bin/../lib/gcc/arm-none-eabi/12.3.1/thumb/v7e-m+fp/hard/crtbegin.o
 .text          0x08000210       0xa0 C:/ST/STM32CubeIDE_1.17.0/STM32CubeIDE/plugins/com.st.stm32cube.ide.mcu.externaltools.gnu-tools-for-stm32.12.3.rel1.win32_1.1.0.202410251130/tools/bin/../lib/gcc/arm-none-eabi/12.3.1/../../../../arm-none-eabi/lib/thumb/v7e-m+fp/hard\libc_nano.a(libc_a-memchr.o)
                0x08000210                memchr
 .text          0x080002b0       0x10 C:/ST/STM32CubeIDE_1.17.0/STM32CubeIDE/plugins/com.st.stm32cube.ide.mcu.externaltools.gnu-tools-for-stm32.12.3.rel1.win32_1.1.0.202410251130/tools/bin/../lib/gcc/arm-none-eabi/12.3.1/../../../../arm-none-eabi/lib/thumb/v7e-m+fp/hard\libc_nano.a(libc_a-strlen.o)
                0x080002b0                strlen
 .text          0x080002c0      0x378 C:/ST/STM32CubeIDE_1.17.0/STM32CubeIDE/plugins/com.st.stm32cube.ide.mcu.externaltools.gnu-tools-for-stm32.12.3.rel1.win32_1.1.0.202410251130/tools/bin/../lib/gcc/arm-none-eabi/12.3.1/thumb/v7e-m+fp/hard\libgcc.a(_arm_addsubdf3.o)
                0x080002c0                __aeabi_drsub
                0x080002c8                __aeabi_dsub
                0x080002c8                __subdf3
                0x080002cc                __aeabi_dadd
                0x080002cc                __adddf3
                0x08000544                __floatunsidf
                0x08000544                __aeabi_ui2d
                0x08000564                __floatsidf
                0x08000564                __aeabi_i2d
                0x08000588                __aeabi_f2d
                0x08000588                __extendsfdf2
                0x080005cc                __floatundidf
                0x080005cc                __aeabi_ul2d
                0x080005dc                __floatdidf
                0x080005dc                __aeabi_l2d
 .text          0x08000638      0x424 C:/ST/STM32CubeIDE_1.17.0/STM32CubeIDE/plugins/com.st.stm32cube.ide.mcu.externaltools.gnu-tools-for-stm32.12.3.rel1.win32_1.1.0.202410251130/tools/bin/../lib/gcc/arm-none-eabi/12.3.1/thumb/v7e-m+fp/hard\libgcc.a(_arm_muldivdf3.o)
                0x08000638                __aeabi_dmul
                0x08000638                __muldf3
                0x0800088c                __divdf3
                0x0800088c                __aeabi_ddiv
 .text          0x08000a5c      0x110 C:/ST/STM32CubeIDE_1.17.0/STM32CubeIDE/plugins/com.st.stm32cube.ide.mcu.externaltools.gnu-tools-for-stm32.12.3.rel1.win32_1.1.0.202410251130/tools/bin/../lib/gcc/arm-none-eabi/12.3.1/thumb/v7e-m+fp/hard\libgcc.a(_arm_cmpdf2.o)
                0x08000a5c                __gtdf2
                0x08000a5c                __gedf2
                0x08000a64                __ltdf2
                0x08000a64                __ledf2
                0x08000a6c                __nedf2
                0x08000a6c                __eqdf2
                0x08000a6c                __cmpdf2
                0x08000ae8                __aeabi_cdrcmple
                0x08000af8                __aeabi_cdcmpeq
                0x08000af8                __aeabi_cdcmple
                0x08000b08                __aeabi_dcmpeq
                0x08000b1c                __aeabi_dcmplt
                0x08000b30                __aeabi_dcmple
                0x08000b44                __aeabi_dcmpge
                0x08000b58                __aeabi_dcmpgt
 .text          0x08000b6c       0x2c C:/ST/STM32CubeIDE_1.17.0/STM32CubeIDE/plugins/com.st.stm32cube.ide.mcu.externaltools.gnu-tools-for-stm32.12.3.rel1.win32_1.1.0.202410251130/tools/bin/../lib/gcc/arm-none-eabi/12.3.1/thumb/v7e-m+fp/hard\libgcc.a(_arm_unorddf2.o)
                0x08000b6c                __unorddf2
                0x08000b6c                __aeabi_dcmpun
 .text          0x08000b98       0x50 C:/ST/STM32CubeIDE_1.17.0/STM32CubeIDE/plugins/com.st.stm32cube.ide.mcu.externaltools.gnu-tools-for-stm32.12.3.rel1.win32_1.1.0.202410251130/tools/bin/../lib/gcc/arm-none-eabi/12.3.1/thumb/v7e-m+fp/hard\libgcc.a(_arm_fixdfsi.o)
                0x08000b98                __aeabi_d2iz
                0x08000b98                __fixdfsi
 .text          0x08000be8       0x40 C:/ST/STM32CubeIDE_1.17.0/STM32CubeIDE/plugins/com.st.stm32cube.ide.mcu.externaltools.gnu-tools-for-stm32.12.3.rel1.win32_1.1.0.202410251130/tools/bin/../lib/gcc/arm-none-eabi/12.3.1/thumb/v7e-m+fp/hard\libgcc.a(_arm_fixunsdfsi.o)
                0x08000be8                __aeabi_d2uiz
                0x08000be8                __fixunsdfsi
 .text          0x08000c28       0xa0 C:/ST/STM32CubeIDE_1.17.0/STM32CubeIDE/plugins/com.st.stm32cube.ide.mcu.externaltools.gnu-tools-for-stm32.12.3.rel1.win32_1.1.0.202410251130/tools/bin/../lib/gcc/arm-none-eabi/12.3.1/thumb/v7e-m+fp/hard\libgcc.a(_arm_truncdfsf2.o)
                0x08000c28                __truncdfsf2
                0x08000c28                __aeabi_d2f
 .text          0x08000cc8       0x30 C:/ST/STM32CubeIDE_1.17.0/STM32CubeIDE/plugins/com.st.stm32cube.ide.mcu.externaltools.gnu-tools-for-stm32.12.3.rel1.win32_1.1.0.202410251130/tools/bin/../lib/gcc/arm-none-eabi/12.3.1/thumb/v7e-m+fp/hard\libgcc.a(_aeabi_uldivmod.o)
                0x08000cc8                __aeabi_uldivmod
 .text          0x08000cf8      0x2bc C:/ST/STM32CubeIDE_1.17.0/STM32CubeIDE/plugins/com.st.stm32cube.ide.mcu.externaltools.gnu-tools-for-stm32.12.3.rel1.win32_1.1.0.202410251130/tools/bin/../lib/gcc/arm-none-eabi/12.3.1/thumb/v7e-m+fp/hard\libgcc.a(_udivmoddi4.o)
                0x08000cf8                __udivmoddi4
 .text          0x08000fb4        0x4 C:/ST/STM32CubeIDE_1.17.0/STM32CubeIDE/plugins/com.st.stm32cube.ide.mcu.externaltools.gnu-tools-for-stm32.12.3.rel1.win32_1.1.0.202410251130/tools/bin/../lib/gcc/arm-none-eabi/12.3.1/thumb/v7e-m+fp/hard\libgcc.a(_dvmd_tls.o)
                0x08000fb4                __aeabi_idiv0
                0x08000fb4                __aeabi_ldiv0
 *(.text*)
 .text.CO_getUint8
                0x08000fb8       0x1c ./CANopenNode/301/CO_Emergency.o
 .text.CO_setUint8
                0x08000fd4       0x20 ./CANopenNode/301/CO_Emergency.o
 .text.CO_setUint32
                0x08000ff4       0x1e ./CANopenNode/301/CO_Emergency.o
 .text.OD_getIndex
                0x08001012       0x22 ./CANopenNode/301/CO_Emergency.o
 .text.OD_extension_init
                0x08001034       0x28 ./CANopenNode/301/CO_Emergency.o
 .text.OD_get_u32
                0x0800105c       0x2a ./CANopenNode/301/CO_Emergency.o
 .text.OD_read_1014_default
                0x08001086       0x70 ./CANopenNode/301/CO_Emergency.o
 .text.OD_read_1003
                0x080010f6       0xda ./CANopenNode/301/CO_Emergency.o
 .text.OD_write_1003
                0x080011d0       0x60 ./CANopenNode/301/CO_Emergency.o
 .text.CO_EM_init
                0x08001230      0x1c0 ./CANopenNode/301/CO_Emergency.o
                0x08001230                CO_EM_init
 .text.CO_EM_process
                0x080013f0      0x296 ./CANopenNode/301/CO_Emergency.o
                0x080013f0                CO_EM_process
 .text.CO_error
                0x08001686      0x17a ./CANopenNode/301/CO_Emergency.o
                0x08001686                CO_error
 .text.CO_getUint32
                0x08001800       0x1c ./CANopenNode/301/CO_HBconsumer.o
 .text.OD_getIndex
                0x0800181c       0x22 ./CANopenNode/301/CO_HBconsumer.o
 .text.OD_extension_init
                0x0800183e       0x28 ./CANopenNode/301/CO_HBconsumer.o
 .text.OD_get_u32
                0x08001866       0x2a ./CANopenNode/301/CO_HBconsumer.o
 .text.CO_HBcons_receive
                0x08001890       0x3c ./CANopenNode/301/CO_HBconsumer.o
 .text.OD_write_1016
                0x080018cc       0x8e ./CANopenNode/301/CO_HBconsumer.o
 *fill*         0x0800195a        0x2 
 .text.CO_HBconsumer_init
                0x0800195c      0x154 ./CANopenNode/301/CO_HBconsumer.o
                0x0800195c                CO_HBconsumer_init
 .text.CO_HBconsumer_initEntry
                0x08001ab0      0x12c ./CANopenNode/301/CO_HBconsumer.o
 .text.CO_HBconsumer_process
                0x08001bdc      0x1aa ./CANopenNode/301/CO_HBconsumer.o
                0x08001bdc                CO_HBconsumer_process
 .text.CO_getUint16
                0x08001d86       0x1e ./CANopenNode/301/CO_NMT_Heartbeat.o
 .text.OD_getIndex
                0x08001da4       0x22 ./CANopenNode/301/CO_NMT_Heartbeat.o
 .text.OD_extension_init
                0x08001dc6       0x28 ./CANopenNode/301/CO_NMT_Heartbeat.o
 .text.OD_get_u16
                0x08001dee       0x2a ./CANopenNode/301/CO_NMT_Heartbeat.o
 .text.CO_isError
                0x08001e18       0x4e ./CANopenNode/301/CO_NMT_Heartbeat.o
 .text.CO_getErrorRegister
                0x08001e66       0x2c ./CANopenNode/301/CO_NMT_Heartbeat.o
 .text.CO_NMT_receive
                0x08001e92       0x50 ./CANopenNode/301/CO_NMT_Heartbeat.o
 .text.OD_write_1017
                0x08001ee2       0x6a ./CANopenNode/301/CO_NMT_Heartbeat.o
 .text.CO_NMT_init
                0x08001f4c      0x17c ./CANopenNode/301/CO_NMT_Heartbeat.o
                0x08001f4c                CO_NMT_init
 .text.CO_NMT_process
                0x080020c8      0x22e ./CANopenNode/301/CO_NMT_Heartbeat.o
                0x080020c8                CO_NMT_process
 .text.OD_readOriginal
                0x080022f6       0xb0 ./CANopenNode/301/CO_ODinterface.o
                0x080022f6                OD_readOriginal
 .text.OD_writeOriginal
                0x080023a6       0xda ./CANopenNode/301/CO_ODinterface.o
                0x080023a6                OD_writeOriginal
 .text.OD_readDisabled
                0x08002480       0x1c ./CANopenNode/301/CO_ODinterface.o
 .text.OD_writeDisabled
                0x0800249c       0x1c ./CANopenNode/301/CO_ODinterface.o
 .text.OD_find  0x080024b8       0xb8 ./CANopenNode/301/CO_ODinterface.o
                0x080024b8                OD_find
 .text.OD_getSub
                0x08002570      0x210 ./CANopenNode/301/CO_ODinterface.o
                0x08002570                OD_getSub
 .text.OD_getSDOabCode
                0x08002780       0x3c ./CANopenNode/301/CO_ODinterface.o
                0x08002780                OD_getSDOabCode
 .text.OD_get_value
                0x080027bc       0x7a ./CANopenNode/301/CO_ODinterface.o
                0x080027bc                OD_get_value
 .text.OD_set_value
                0x08002836       0x7a ./CANopenNode/301/CO_ODinterface.o
                0x08002836                OD_set_value
 .text.OD_getPtr
                0x080028b0       0x86 ./CANopenNode/301/CO_ODinterface.o
                0x080028b0                OD_getPtr
 .text.CO_getUint8
                0x08002936       0x1c ./CANopenNode/301/CO_PDO.o
 .text.CO_getUint16
                0x08002952       0x1e ./CANopenNode/301/CO_PDO.o
 .text.CO_getUint32
                0x08002970       0x1c ./CANopenNode/301/CO_PDO.o
 .text.CO_setUint32
                0x0800298c       0x1e ./CANopenNode/301/CO_PDO.o
 .text.OD_getIndex
                0x080029aa       0x22 ./CANopenNode/301/CO_PDO.o
 .text.OD_extension_init
                0x080029cc       0x28 ./CANopenNode/301/CO_PDO.o
 .text.OD_get_u8
                0x080029f4       0x2a ./CANopenNode/301/CO_PDO.o
 .text.OD_get_u16
                0x08002a1e       0x2a ./CANopenNode/301/CO_PDO.o
 .text.OD_get_u32
                0x08002a48       0x2a ./CANopenNode/301/CO_PDO.o
 .text.OD_write_dummy
                0x08002a72       0x28 ./CANopenNode/301/CO_PDO.o
 .text.OD_read_dummy
                0x08002a9a       0x4e ./CANopenNode/301/CO_PDO.o
 .text.PDOconfigMap
                0x08002ae8      0x17c ./CANopenNode/301/CO_PDO.o
 .text.PDO_initMapping
                0x08002c64      0x154 ./CANopenNode/301/CO_PDO.o
 .text.OD_write_PDO_mapping
                0x08002db8      0x132 ./CANopenNode/301/CO_PDO.o
 .text.OD_read_PDO_commParam
                0x08002eea       0x9c ./CANopenNode/301/CO_PDO.o
 .text.CO_PDO_receive
                0x08002f86       0xbc ./CANopenNode/301/CO_PDO.o
 *fill*         0x08003042        0x2 
 .text.OD_write_14xx
                0x08003044      0x240 ./CANopenNode/301/CO_PDO.o
 .text.CO_RPDO_init
                0x08003284      0x284 ./CANopenNode/301/CO_PDO.o
                0x08003284                CO_RPDO_init
 .text.CO_RPDO_process
                0x08003508      0x296 ./CANopenNode/301/CO_PDO.o
                0x08003508                CO_RPDO_process
 *fill*         0x0800379e        0x2 
 .text.OD_write_18xx
                0x080037a0      0x2a4 ./CANopenNode/301/CO_PDO.o
 .text.CO_TPDO_init
                0x08003a44      0x2e0 ./CANopenNode/301/CO_PDO.o
                0x08003a44                CO_TPDO_init
 .text.CO_TPDOsend
                0x08003d24      0x188 ./CANopenNode/301/CO_PDO.o
 .text.CO_TPDO_process
                0x08003eac      0x200 ./CANopenNode/301/CO_PDO.o
                0x08003eac                CO_TPDO_process
 .text.CO_getUint8
                0x080040ac       0x1c ./CANopenNode/301/CO_SDOserver.o
 .text.CO_getUint32
                0x080040c8       0x1c ./CANopenNode/301/CO_SDOserver.o
 .text.OD_getIndex
                0x080040e4       0x22 ./CANopenNode/301/CO_SDOserver.o
 .text.OD_extension_init
                0x08004106       0x28 ./CANopenNode/301/CO_SDOserver.o
 .text.OD_get_u8
                0x0800412e       0x2a ./CANopenNode/301/CO_SDOserver.o
 .text.OD_get_u32
                0x08004158       0x2a ./CANopenNode/301/CO_SDOserver.o
 .text.OD_set_u32
                0x08004182       0x2a ./CANopenNode/301/CO_SDOserver.o
 .text.CO_SDO_receive
                0x080041ac       0x54 ./CANopenNode/301/CO_SDOserver.o
 .text.CO_SDOserver_init_canRxTx
                0x08004200       0xd8 ./CANopenNode/301/CO_SDOserver.o
 .text.OD_write_1201_additional
                0x080042d8      0x224 ./CANopenNode/301/CO_SDOserver.o
 .text.CO_SDOserver_init
                0x080044fc      0x228 ./CANopenNode/301/CO_SDOserver.o
                0x080044fc                CO_SDOserver_init
 .text.validateAndWriteToOD
                0x08004724      0x220 ./CANopenNode/301/CO_SDOserver.o
 .text.readFromOd
                0x08004944      0x18c ./CANopenNode/301/CO_SDOserver.o
 .text.CO_SDOserver_process
                0x08004ad0      0xa2c ./CANopenNode/301/CO_SDOserver.o
                0x08004ad0                CO_SDOserver_process
 .text.CO_getUint8
                0x080054fc       0x1c ./CANopenNode/301/CO_SYNC.o
 .text.CO_getUint32
                0x08005518       0x1c ./CANopenNode/301/CO_SYNC.o
 .text.OD_getIndex
                0x08005534       0x22 ./CANopenNode/301/CO_SYNC.o
 .text.OD_extension_init
                0x08005556       0x28 ./CANopenNode/301/CO_SYNC.o
 .text.OD_get_u8
                0x0800557e       0x2a ./CANopenNode/301/CO_SYNC.o
 .text.OD_get_u32
                0x080055a8       0x2a ./CANopenNode/301/CO_SYNC.o
 .text.CO_SYNCsend
                0x080055d2       0x64 ./CANopenNode/301/CO_SYNC.o
 .text.CO_SYNC_receive
                0x08005636       0x8c ./CANopenNode/301/CO_SYNC.o
 *fill*         0x080056c2        0x2 
 .text.OD_write_1005
                0x080056c4      0x188 ./CANopenNode/301/CO_SYNC.o
 .text.OD_write_1019
                0x0800584c       0xbc ./CANopenNode/301/CO_SYNC.o
 .text.CO_SYNC_init
                0x08005908      0x24c ./CANopenNode/301/CO_SYNC.o
                0x08005908                CO_SYNC_init
 .text.CO_SYNC_process
                0x08005b54      0x172 ./CANopenNode/301/CO_SYNC.o
                0x08005b54                CO_SYNC_process
 .text.CO_getUint16
                0x08005cc6       0x1e ./CANopenNode/301/CO_TIME.o
 .text.CO_getUint32
                0x08005ce4       0x1c ./CANopenNode/301/CO_TIME.o
 .text.OD_getIndex
                0x08005d00       0x22 ./CANopenNode/301/CO_TIME.o
 .text.OD_extension_init
                0x08005d22       0x28 ./CANopenNode/301/CO_TIME.o
 .text.OD_get_u32
                0x08005d4a       0x2a ./CANopenNode/301/CO_TIME.o
 .text.CO_TIME_receive
                0x08005d74       0x3a ./CANopenNode/301/CO_TIME.o
 *fill*         0x08005dae        0x2 
 .text.OD_write_1012
                0x08005db0       0xe4 ./CANopenNode/301/CO_TIME.o
 .text.CO_TIME_init
                0x08005e94      0x100 ./CANopenNode/301/CO_TIME.o
                0x08005e94                CO_TIME_init
 .text.CO_TIME_process
                0x08005f94       0xec ./CANopenNode/301/CO_TIME.o
                0x08005f94                CO_TIME_process
 .text.CO_LEDs_init
                0x08006080       0x2e ./CANopenNode/303/CO_LEDs.o
                0x08006080                CO_LEDs_init
 *fill*         0x080060ae        0x2 
 .text.CO_LEDs_process
                0x080060b0      0x360 ./CANopenNode/303/CO_LEDs.o
                0x080060b0                CO_LEDs_process
 .text.CO_LSSslave_receive
                0x08006410      0x2c8 ./CANopenNode/305/CO_LSSslave.o
 .text.CO_LSSslave_init
                0x080066d8       0xec ./CANopenNode/305/CO_LSSslave.o
                0x080066d8                CO_LSSslave_init
 .text.CO_LSSslave_process
                0x080067c4      0x428 ./CANopenNode/305/CO_LSSslave.o
                0x080067c4                CO_LSSslave_process
 .text.CO_isError
                0x08006bec       0x4e ./CANopenNode/CANopen.o
 .text.CO_getErrorRegister
                0x08006c3a       0x2c ./CANopenNode/CANopen.o
 .text.CO_NMT_getInternalState
                0x08006c66       0x24 ./CANopenNode/CANopen.o
 .text.CO_LSSslave_getState
                0x08006c8a       0x22 ./CANopenNode/CANopen.o
 .text.CO_new   0x08006cac      0x24e ./CANopenNode/CANopen.o
                0x08006cac                CO_new
 .text.CO_delete
                0x08006efa       0xbe ./CANopenNode/CANopen.o
                0x08006efa                CO_delete
 .text.CO_CANinit
                0x08006fb8       0x58 ./CANopenNode/CANopen.o
                0x08006fb8                CO_CANinit
 .text.CO_LSSinit
                0x08007010       0x58 ./CANopenNode/CANopen.o
                0x08007010                CO_LSSinit
 .text.CO_CANopenInit
                0x08007068      0x288 ./CANopenNode/CANopen.o
                0x08007068                CO_CANopenInit
 .text.CO_CANopenInitPDO
                0x080072f0      0x194 ./CANopenNode/CANopen.o
                0x080072f0                CO_CANopenInitPDO
 .text.CO_process
                0x08007484      0x1f0 ./CANopenNode/CANopen.o
                0x08007484                CO_process
 .text.CO_process_SYNC
                0x08007674       0x86 ./CANopenNode/CANopen.o
                0x08007674                CO_process_SYNC
 .text.CO_process_RPDO
                0x080076fa       0x68 ./CANopenNode/CANopen.o
                0x080076fa                CO_process_RPDO
 .text.CO_process_TPDO
                0x08007762       0x68 ./CANopenNode/CANopen.o
                0x08007762                CO_process_TPDO
 *fill*         0x080077ca        0x2 
 .text.canopen_app_init
                0x080077cc       0x68 ./CANopenNode_STM32/CO_app_STM32.o
                0x080077cc                canopen_app_init
 .text.canopen_app_resetCommunication
                0x08007834      0x23c ./CANopenNode_STM32/CO_app_STM32.o
                0x08007834                canopen_app_resetCommunication
 .text.canopen_app_process
                0x08007a70       0xd8 ./CANopenNode_STM32/CO_app_STM32.o
                0x08007a70                canopen_app_process
 .text.canopen_app_interrupt
                0x08007b48       0x84 ./CANopenNode_STM32/CO_app_STM32.o
                0x08007b48                canopen_app_interrupt
 .text.CO_CANsetConfigurationMode
                0x08007bcc       0x20 ./CANopenNode_STM32/CO_driver_STM32.o
                0x08007bcc                CO_CANsetConfigurationMode
 .text.CO_CANsetNormalMode
                0x08007bec       0x30 ./CANopenNode_STM32/CO_driver_STM32.o
                0x08007bec                CO_CANsetNormalMode
 .text.CO_CANmodule_init
                0x08007c1c      0x190 ./CANopenNode_STM32/CO_driver_STM32.o
                0x08007c1c                CO_CANmodule_init
 .text.CO_CANmodule_disable
                0x08007dac       0x2a ./CANopenNode_STM32/CO_driver_STM32.o
                0x08007dac                CO_CANmodule_disable
 *fill*         0x08007dd6        0x2 
 .text.CO_CANrxBufferInit
                0x08007dd8       0xbc ./CANopenNode_STM32/CO_driver_STM32.o
                0x08007dd8                CO_CANrxBufferInit
 .text.CO_CANtxBufferInit
                0x08007e94       0x74 ./CANopenNode_STM32/CO_driver_STM32.o
                0x08007e94                CO_CANtxBufferInit
 .text.prv_send_can_message
                0x08007f08       0x80 ./CANopenNode_STM32/CO_driver_STM32.o
 .text.CO_CANsend
                0x08007f88       0x86 ./CANopenNode_STM32/CO_driver_STM32.o
                0x08007f88                CO_CANsend
 .text.CO_CANclearPendingSyncPDOs
                0x0800800e       0xcc ./CANopenNode_STM32/CO_driver_STM32.o
                0x0800800e                CO_CANclearPendingSyncPDOs
 .text.CO_CANmodule_process
                0x080080da       0x90 ./CANopenNode_STM32/CO_driver_STM32.o
                0x080080da                CO_CANmodule_process
 *fill*         0x0800816a        0x2 
 .text.prv_read_can_received_msg
                0x0800816c       0xd8 ./CANopenNode_STM32/CO_driver_STM32.o
 .text.HAL_CAN_RxFifo0MsgPendingCallback
                0x08008244       0x1a ./CANopenNode_STM32/CO_driver_STM32.o
                0x08008244                HAL_CAN_RxFifo0MsgPendingCallback
 .text.HAL_CAN_RxFifo1MsgPendingCallback
                0x0800825e       0x1a ./CANopenNode_STM32/CO_driver_STM32.o
                0x0800825e                HAL_CAN_RxFifo1MsgPendingCallback
 .text.CO_CANinterrupt_TX
                0x08008278       0x9c ./CANopenNode_STM32/CO_driver_STM32.o
                0x08008278                CO_CANinterrupt_TX
 .text.HAL_CAN_TxMailbox0CompleteCallback
                0x08008314       0x20 ./CANopenNode_STM32/CO_driver_STM32.o
                0x08008314                HAL_CAN_TxMailbox0CompleteCallback
 .text.HAL_CAN_TxMailbox1CompleteCallback
                0x08008334       0x20 ./CANopenNode_STM32/CO_driver_STM32.o
                0x08008334                HAL_CAN_TxMailbox1CompleteCallback
 .text.HAL_CAN_TxMailbox2CompleteCallback
                0x08008354       0x20 ./CANopenNode_STM32/CO_driver_STM32.o
                0x08008354                HAL_CAN_TxMailbox2CompleteCallback
 .text.OD_get_f32
                0x08008374       0x2a ./Core/Src/main.o
 .text._micros  0x0800839e       0x16 ./Core/Src/main.o
                0x0800839e                _micros
 .text.Update_dt
                0x080083b4       0x44 ./Core/Src/main.o
                0x080083b4                Update_dt
 .text.update_speed_dt
                0x080083f8       0x44 ./Core/Src/main.o
                0x080083f8                update_speed_dt
 .text.update_position_dt
                0x0800843c       0x44 ./Core/Src/main.o
                0x0800843c                update_position_dt
 .text.delay_us
                0x08008480       0x34 ./Core/Src/main.o
                0x08008480                delay_us
 .text.spiCalcEvenParity
                0x080084b4       0x4a ./Core/Src/main.o
                0x080084b4                spiCalcEvenParity
 *fill*         0x080084fe        0x2 
 .text.AS5147U_ReadAngle
                0x08008500       0xac ./Core/Src/main.o
                0x08008500                AS5147U_ReadAngle
 *fill*         0x080085ac        0x4 
 .text.AS5147U_GetAngleRad
                0x080085b0       0xe0 ./Core/Src/main.o
                0x080085b0                AS5147U_GetAngleRad
 .text.electricalAngle
                0x08008690       0xd4 ./Core/Src/main.o
                0x08008690                electricalAngle
 *fill*         0x08008764        0x4 
 .text.alignRotor
                0x08008768      0x118 ./Core/Src/main.o
                0x08008768                alignRotor
 .text.clark    0x08008880       0x64 ./Core/Src/main.o
                0x08008880                clark
 .text.park     0x080088e4      0x184 ./Core/Src/main.o
                0x080088e4                park
 .text.setpwm   0x08008a68      0x28c ./Core/Src/main.o
                0x08008a68                setpwm
 .text.update_PID
                0x08008cf4      0x444 ./Core/Src/main.o
                0x08008cf4                update_PID
 .text.position_loop
                0x08009138      0x290 ./Core/Src/main.o
                0x08009138                position_loop
 .text.Speed_Loop
                0x080093c8      0x314 ./Core/Src/main.o
                0x080093c8                Speed_Loop
 .text.Current_Loop
                0x080096dc      0x564 ./Core/Src/main.o
                0x080096dc                Current_Loop
 .text.main     0x08009c40      0x424 ./Core/Src/main.o
                0x08009c40                main
 .text.SystemClock_Config
                0x0800a064       0xe8 ./Core/Src/main.o
                0x0800a064                SystemClock_Config
 .text.MX_ADC1_Init
                0x0800a14c      0x10c ./Core/Src/main.o
 .text.MX_ADC2_Init
                0x0800a258       0xa4 ./Core/Src/main.o
 .text.MX_CAN1_Init
                0x0800a2fc       0x6c ./Core/Src/main.o
 .text.MX_SPI1_Init
                0x0800a368       0x70 ./Core/Src/main.o
 .text.MX_TIM1_Init
                0x0800a3d8      0x170 ./Core/Src/main.o
 .text.MX_TIM2_Init
                0x0800a548       0x98 ./Core/Src/main.o
 .text.MX_TIM3_Init
                0x0800a5e0       0x9c ./Core/Src/main.o
 .text.MX_TIM7_Init
                0x0800a67c       0x6c ./Core/Src/main.o
 .text.MX_TIM8_Init
                0x0800a6e8       0xa0 ./Core/Src/main.o
 .text.MX_UART4_Init
                0x0800a788       0x54 ./Core/Src/main.o
 .text.MX_USART2_UART_Init
                0x0800a7dc       0x54 ./Core/Src/main.o
 .text.MX_DMA_Init
                0x0800a830       0x7c ./Core/Src/main.o
 .text.MX_GPIO_Init
                0x0800a8ac       0xe0 ./Core/Src/main.o
 *fill*         0x0800a98c        0x4 
 .text.HAL_ADCEx_InjectedConvCpltCallback
                0x0800a990      0x178 ./Core/Src/main.o
                0x0800a990                HAL_ADCEx_InjectedConvCpltCallback
 .text.HAL_TIM_PeriodElapsedCallback
                0x0800ab08       0x50 ./Core/Src/main.o
                0x0800ab08                HAL_TIM_PeriodElapsedCallback
 .text.HAL_UART_TxCpltCallback
                0x0800ab58       0x2c ./Core/Src/main.o
                0x0800ab58                HAL_UART_TxCpltCallback
 *fill*         0x0800ab84        0x4 
 .text.HAL_ADC_ConvCpltCallback
                0x0800ab88       0x74 ./Core/Src/main.o
                0x0800ab88                HAL_ADC_ConvCpltCallback
 .text.Error_Handler
                0x0800abfc        0xc ./Core/Src/main.o
                0x0800abfc                Error_Handler
 .text.HAL_MspInit
                0x0800ac08       0x50 ./Core/Src/stm32f4xx_hal_msp.o
                0x0800ac08                HAL_MspInit
 .text.HAL_ADC_MspInit
                0x0800ac58      0x170 ./Core/Src/stm32f4xx_hal_msp.o
                0x0800ac58                HAL_ADC_MspInit
 .text.HAL_CAN_MspInit
                0x0800adc8       0xc0 ./Core/Src/stm32f4xx_hal_msp.o
                0x0800adc8                HAL_CAN_MspInit
 .text.HAL_SPI_MspInit
                0x0800ae88       0xa0 ./Core/Src/stm32f4xx_hal_msp.o
                0x0800ae88                HAL_SPI_MspInit
 .text.HAL_TIM_Base_MspInit
                0x0800af28      0x11c ./Core/Src/stm32f4xx_hal_msp.o
                0x0800af28                HAL_TIM_Base_MspInit
 .text.HAL_TIM_MspPostInit
                0x0800b044       0x74 ./Core/Src/stm32f4xx_hal_msp.o
                0x0800b044                HAL_TIM_MspPostInit
 .text.HAL_UART_MspInit
                0x0800b0b8      0x1d4 ./Core/Src/stm32f4xx_hal_msp.o
                0x0800b0b8                HAL_UART_MspInit
 .text.NMI_Handler
                0x0800b28c        0x8 ./Core/Src/stm32f4xx_it.o
                0x0800b28c                NMI_Handler
 .text.HardFault_Handler
                0x0800b294        0x8 ./Core/Src/stm32f4xx_it.o
                0x0800b294                HardFault_Handler
 .text.MemManage_Handler
                0x0800b29c        0x8 ./Core/Src/stm32f4xx_it.o
                0x0800b29c                MemManage_Handler
 .text.BusFault_Handler
                0x0800b2a4        0x8 ./Core/Src/stm32f4xx_it.o
                0x0800b2a4                BusFault_Handler
 .text.UsageFault_Handler
                0x0800b2ac        0x8 ./Core/Src/stm32f4xx_it.o
                0x0800b2ac                UsageFault_Handler
 .text.SVC_Handler
                0x0800b2b4        0xe ./Core/Src/stm32f4xx_it.o
                0x0800b2b4                SVC_Handler
 .text.DebugMon_Handler
                0x0800b2c2        0xe ./Core/Src/stm32f4xx_it.o
                0x0800b2c2                DebugMon_Handler
 .text.PendSV_Handler
                0x0800b2d0        0xe ./Core/Src/stm32f4xx_it.o
                0x0800b2d0                PendSV_Handler
 .text.SysTick_Handler
                0x0800b2de        0xc ./Core/Src/stm32f4xx_it.o
                0x0800b2de                SysTick_Handler
 *fill*         0x0800b2ea        0x2 
 .text.DMA1_Stream4_IRQHandler
                0x0800b2ec       0x14 ./Core/Src/stm32f4xx_it.o
                0x0800b2ec                DMA1_Stream4_IRQHandler
 .text.DMA1_Stream6_IRQHandler
                0x0800b300       0x14 ./Core/Src/stm32f4xx_it.o
                0x0800b300                DMA1_Stream6_IRQHandler
 .text.ADC_IRQHandler
                0x0800b314       0x1c ./Core/Src/stm32f4xx_it.o
                0x0800b314                ADC_IRQHandler
 .text.CAN1_TX_IRQHandler
                0x0800b330       0x14 ./Core/Src/stm32f4xx_it.o
                0x0800b330                CAN1_TX_IRQHandler
 .text.CAN1_RX0_IRQHandler
                0x0800b344       0x14 ./Core/Src/stm32f4xx_it.o
                0x0800b344                CAN1_RX0_IRQHandler
 .text.CAN1_RX1_IRQHandler
                0x0800b358       0x14 ./Core/Src/stm32f4xx_it.o
                0x0800b358                CAN1_RX1_IRQHandler
 .text.SPI1_IRQHandler
                0x0800b36c       0x14 ./Core/Src/stm32f4xx_it.o
                0x0800b36c                SPI1_IRQHandler
 .text.USART2_IRQHandler
                0x0800b380       0x14 ./Core/Src/stm32f4xx_it.o
                0x0800b380                USART2_IRQHandler
 .text.TIM8_UP_TIM13_IRQHandler
                0x0800b394       0x14 ./Core/Src/stm32f4xx_it.o
                0x0800b394                TIM8_UP_TIM13_IRQHandler
 .text.TIM8_TRG_COM_TIM14_IRQHandler
                0x0800b3a8       0x14 ./Core/Src/stm32f4xx_it.o
                0x0800b3a8                TIM8_TRG_COM_TIM14_IRQHandler
 .text.TIM7_IRQHandler
                0x0800b3bc       0x14 ./Core/Src/stm32f4xx_it.o
                0x0800b3bc                TIM7_IRQHandler
 .text.DMA2_Stream2_IRQHandler
                0x0800b3d0       0x14 ./Core/Src/stm32f4xx_it.o
                0x0800b3d0                DMA2_Stream2_IRQHandler
 .text._getpid  0x0800b3e4       0x10 ./Core/Src/syscalls.o
                0x0800b3e4                _getpid
 .text._kill    0x0800b3f4       0x20 ./Core/Src/syscalls.o
                0x0800b3f4                _kill
 .text._exit    0x0800b414       0x16 ./Core/Src/syscalls.o
                0x0800b414                _exit
 .text._read    0x0800b42a       0x3a ./Core/Src/syscalls.o
                0x0800b42a                _read
 .text._write   0x0800b464       0x38 ./Core/Src/syscalls.o
                0x0800b464                _write
 .text._close   0x0800b49c       0x18 ./Core/Src/syscalls.o
                0x0800b49c                _close
 .text._fstat   0x0800b4b4       0x20 ./Core/Src/syscalls.o
                0x0800b4b4                _fstat
 .text._isatty  0x0800b4d4       0x16 ./Core/Src/syscalls.o
                0x0800b4d4                _isatty
 .text._lseek   0x0800b4ea       0x1a ./Core/Src/syscalls.o
                0x0800b4ea                _lseek
 .text._sbrk    0x0800b504       0x6c ./Core/Src/sysmem.o
                0x0800b504                _sbrk
 .text.SystemInit
                0x0800b570       0x24 ./Core/Src/system_stm32f4xx.o
                0x0800b570                SystemInit
 .text.Reset_Handler
                0x0800b594       0x50 ./Core/Startup/startup_stm32f446retx.o
                0x0800b594                Reset_Handler
 .text.Default_Handler
                0x0800b5e4        0x2 ./Core/Startup/startup_stm32f446retx.o
                0x0800b5e4                RTC_Alarm_IRQHandler
                0x0800b5e4                EXTI2_IRQHandler
                0x0800b5e4                TIM8_CC_IRQHandler
                0x0800b5e4                FMPI2C1_EV_IRQHandler
                0x0800b5e4                SPI4_IRQHandler
                0x0800b5e4                TIM1_CC_IRQHandler
                0x0800b5e4                DMA2_Stream5_IRQHandler
                0x0800b5e4                DMA1_Stream5_IRQHandler
                0x0800b5e4                PVD_IRQHandler
                0x0800b5e4                SDIO_IRQHandler
                0x0800b5e4                TAMP_STAMP_IRQHandler
                0x0800b5e4                CAN2_RX1_IRQHandler
                0x0800b5e4                EXTI3_IRQHandler
                0x0800b5e4                TIM1_UP_TIM10_IRQHandler
                0x0800b5e4                I2C3_ER_IRQHandler
                0x0800b5e4                EXTI0_IRQHandler
                0x0800b5e4                I2C2_EV_IRQHandler
                0x0800b5e4                DMA1_Stream2_IRQHandler
                0x0800b5e4                FPU_IRQHandler
                0x0800b5e4                OTG_HS_WKUP_IRQHandler
                0x0800b5e4                CAN2_SCE_IRQHandler
                0x0800b5e4                TIM6_DAC_IRQHandler
                0x0800b5e4                TIM1_BRK_TIM9_IRQHandler
                0x0800b5e4                DCMI_IRQHandler
                0x0800b5e4                CAN2_RX0_IRQHandler
                0x0800b5e4                DMA2_Stream3_IRQHandler
                0x0800b5e4                SAI2_IRQHandler
                0x0800b5e4                USART6_IRQHandler
                0x0800b5e4                USART3_IRQHandler
                0x0800b5e4                UART5_IRQHandler
                0x0800b5e4                DMA2_Stream0_IRQHandler
                0x0800b5e4                TIM4_IRQHandler
                0x0800b5e4                QUADSPI_IRQHandler
                0x0800b5e4                I2C1_EV_IRQHandler
                0x0800b5e4                DMA1_Stream1_IRQHandler
                0x0800b5e4                UART4_IRQHandler
                0x0800b5e4                TIM3_IRQHandler
                0x0800b5e4                RCC_IRQHandler
                0x0800b5e4                TIM8_BRK_TIM12_IRQHandler
                0x0800b5e4                Default_Handler
                0x0800b5e4                CEC_IRQHandler
                0x0800b5e4                EXTI15_10_IRQHandler
                0x0800b5e4                DMA1_Stream7_IRQHandler
                0x0800b5e4                CAN2_TX_IRQHandler
                0x0800b5e4                TIM5_IRQHandler
                0x0800b5e4                DMA2_Stream7_IRQHandler
                0x0800b5e4                I2C3_EV_IRQHandler
                0x0800b5e4                EXTI9_5_IRQHandler
                0x0800b5e4                RTC_WKUP_IRQHandler
                0x0800b5e4                SPDIF_RX_IRQHandler
                0x0800b5e4                SPI2_IRQHandler
                0x0800b5e4                OTG_HS_EP1_IN_IRQHandler
                0x0800b5e4                DMA1_Stream0_IRQHandler
                0x0800b5e4                FMPI2C1_ER_IRQHandler
                0x0800b5e4                EXTI4_IRQHandler
                0x0800b5e4                OTG_HS_EP1_OUT_IRQHandler
                0x0800b5e4                WWDG_IRQHandler
                0x0800b5e4                TIM2_IRQHandler
                0x0800b5e4                OTG_FS_WKUP_IRQHandler
                0x0800b5e4                TIM1_TRG_COM_TIM11_IRQHandler
                0x0800b5e4                OTG_HS_IRQHandler
                0x0800b5e4                EXTI1_IRQHandler
                0x0800b5e4                I2C2_ER_IRQHandler
                0x0800b5e4                DMA2_Stream1_IRQHandler
                0x0800b5e4                CAN1_SCE_IRQHandler
                0x0800b5e4                FLASH_IRQHandler
                0x0800b5e4                DMA2_Stream4_IRQHandler
                0x0800b5e4                USART1_IRQHandler
                0x0800b5e4                OTG_FS_IRQHandler
                0x0800b5e4                SPI3_IRQHandler
                0x0800b5e4                I2C1_ER_IRQHandler
                0x0800b5e4                FMC_IRQHandler
                0x0800b5e4                DMA2_Stream6_IRQHandler
                0x0800b5e4                SAI1_IRQHandler
                0x0800b5e4                DMA1_Stream3_IRQHandler
 *fill*         0x0800b5e6        0x2 
 .text.HAL_Init
                0x0800b5e8       0x44 ./Drivers/STM32F4xx_HAL_Driver/Src/stm32f4xx_hal.o
                0x0800b5e8                HAL_Init
 .text.HAL_InitTick
                0x0800b62c       0x60 ./Drivers/STM32F4xx_HAL_Driver/Src/stm32f4xx_hal.o
                0x0800b62c                HAL_InitTick
 .text.HAL_IncTick
                0x0800b68c       0x28 ./Drivers/STM32F4xx_HAL_Driver/Src/stm32f4xx_hal.o
                0x0800b68c                HAL_IncTick
 .text.HAL_GetTick
                0x0800b6b4       0x18 ./Drivers/STM32F4xx_HAL_Driver/Src/stm32f4xx_hal.o
                0x0800b6b4                HAL_GetTick
 .text.HAL_Delay
                0x0800b6cc       0x48 ./Drivers/STM32F4xx_HAL_Driver/Src/stm32f4xx_hal.o
                0x0800b6cc                HAL_Delay
 .text.HAL_ADC_Init
                0x0800b714       0x86 ./Drivers/STM32F4xx_HAL_Driver/Src/stm32f4xx_hal_adc.o
                0x0800b714                HAL_ADC_Init
 .text.HAL_ADC_IRQHandler
                0x0800b79a      0x220 ./Drivers/STM32F4xx_HAL_Driver/Src/stm32f4xx_hal_adc.o
                0x0800b79a                HAL_ADC_IRQHandler
 *fill*         0x0800b9ba        0x2 
 .text.HAL_ADC_Start_DMA
                0x0800b9bc      0x220 ./Drivers/STM32F4xx_HAL_Driver/Src/stm32f4xx_hal_adc.o
                0x0800b9bc                HAL_ADC_Start_DMA
 .text.HAL_ADC_ConvHalfCpltCallback
                0x0800bbdc       0x14 ./Drivers/STM32F4xx_HAL_Driver/Src/stm32f4xx_hal_adc.o
                0x0800bbdc                HAL_ADC_ConvHalfCpltCallback
 .text.HAL_ADC_LevelOutOfWindowCallback
                0x0800bbf0       0x14 ./Drivers/STM32F4xx_HAL_Driver/Src/stm32f4xx_hal_adc.o
                0x0800bbf0                HAL_ADC_LevelOutOfWindowCallback
 .text.HAL_ADC_ErrorCallback
                0x0800bc04       0x14 ./Drivers/STM32F4xx_HAL_Driver/Src/stm32f4xx_hal_adc.o
                0x0800bc04                HAL_ADC_ErrorCallback
 .text.HAL_ADC_ConfigChannel
                0x0800bc18      0x264 ./Drivers/STM32F4xx_HAL_Driver/Src/stm32f4xx_hal_adc.o
                0x0800bc18                HAL_ADC_ConfigChannel
 .text.ADC_Init
                0x0800be7c      0x1f8 ./Drivers/STM32F4xx_HAL_Driver/Src/stm32f4xx_hal_adc.o
 .text.ADC_DMAConvCplt
                0x0800c074       0xba ./Drivers/STM32F4xx_HAL_Driver/Src/stm32f4xx_hal_adc.o
 .text.ADC_DMAHalfConvCplt
                0x0800c12e       0x1c ./Drivers/STM32F4xx_HAL_Driver/Src/stm32f4xx_hal_adc.o
 .text.ADC_DMAError
                0x0800c14a       0x2e ./Drivers/STM32F4xx_HAL_Driver/Src/stm32f4xx_hal_adc.o
 .text.HAL_ADCEx_InjectedStart_IT
                0x0800c178      0x1a4 ./Drivers/STM32F4xx_HAL_Driver/Src/stm32f4xx_hal_adc_ex.o
                0x0800c178                HAL_ADCEx_InjectedStart_IT
 .text.HAL_ADCEx_InjectedGetValue
                0x0800c31c       0x70 ./Drivers/STM32F4xx_HAL_Driver/Src/stm32f4xx_hal_adc_ex.o
                0x0800c31c                HAL_ADCEx_InjectedGetValue
 .text.HAL_ADCEx_InjectedConfigChannel
                0x0800c38c      0x334 ./Drivers/STM32F4xx_HAL_Driver/Src/stm32f4xx_hal_adc_ex.o
                0x0800c38c                HAL_ADCEx_InjectedConfigChannel
 .text.HAL_CAN_Init
                0x0800c6c0      0x1f6 ./Drivers/STM32F4xx_HAL_Driver/Src/stm32f4xx_hal_can.o
                0x0800c6c0                HAL_CAN_Init
 *fill*         0x0800c8b6        0x2 
 .text.HAL_CAN_ConfigFilter
                0x0800c8b8      0x1c0 ./Drivers/STM32F4xx_HAL_Driver/Src/stm32f4xx_hal_can.o
                0x0800c8b8                HAL_CAN_ConfigFilter
 .text.HAL_CAN_Start
                0x0800ca78       0x88 ./Drivers/STM32F4xx_HAL_Driver/Src/stm32f4xx_hal_can.o
                0x0800ca78                HAL_CAN_Start
 .text.HAL_CAN_Stop
                0x0800cb00       0x92 ./Drivers/STM32F4xx_HAL_Driver/Src/stm32f4xx_hal_can.o
                0x0800cb00                HAL_CAN_Stop
 .text.HAL_CAN_AddTxMessage
                0x0800cb92      0x1a0 ./Drivers/STM32F4xx_HAL_Driver/Src/stm32f4xx_hal_can.o
                0x0800cb92                HAL_CAN_AddTxMessage
 .text.HAL_CAN_GetTxMailboxesFreeLevel
                0x0800cd32       0x6a ./Drivers/STM32F4xx_HAL_Driver/Src/stm32f4xx_hal_can.o
                0x0800cd32                HAL_CAN_GetTxMailboxesFreeLevel
 .text.HAL_CAN_GetRxMessage
                0x0800cd9c      0x244 ./Drivers/STM32F4xx_HAL_Driver/Src/stm32f4xx_hal_can.o
                0x0800cd9c                HAL_CAN_GetRxMessage
 .text.HAL_CAN_ActivateNotification
                0x0800cfe0       0x4c ./Drivers/STM32F4xx_HAL_Driver/Src/stm32f4xx_hal_can.o
                0x0800cfe0                HAL_CAN_ActivateNotification
 .text.HAL_CAN_IRQHandler
                0x0800d02c      0x36e ./Drivers/STM32F4xx_HAL_Driver/Src/stm32f4xx_hal_can.o
                0x0800d02c                HAL_CAN_IRQHandler
 .text.HAL_CAN_TxMailbox0AbortCallback
                0x0800d39a       0x14 ./Drivers/STM32F4xx_HAL_Driver/Src/stm32f4xx_hal_can.o
                0x0800d39a                HAL_CAN_TxMailbox0AbortCallback
 .text.HAL_CAN_TxMailbox1AbortCallback
                0x0800d3ae       0x14 ./Drivers/STM32F4xx_HAL_Driver/Src/stm32f4xx_hal_can.o
                0x0800d3ae                HAL_CAN_TxMailbox1AbortCallback
 .text.HAL_CAN_TxMailbox2AbortCallback
                0x0800d3c2       0x14 ./Drivers/STM32F4xx_HAL_Driver/Src/stm32f4xx_hal_can.o
                0x0800d3c2                HAL_CAN_TxMailbox2AbortCallback
 .text.HAL_CAN_RxFifo0FullCallback
                0x0800d3d6       0x14 ./Drivers/STM32F4xx_HAL_Driver/Src/stm32f4xx_hal_can.o
                0x0800d3d6                HAL_CAN_RxFifo0FullCallback
 .text.HAL_CAN_RxFifo1FullCallback
                0x0800d3ea       0x14 ./Drivers/STM32F4xx_HAL_Driver/Src/stm32f4xx_hal_can.o
                0x0800d3ea                HAL_CAN_RxFifo1FullCallback
 .text.HAL_CAN_SleepCallback
                0x0800d3fe       0x14 ./Drivers/STM32F4xx_HAL_Driver/Src/stm32f4xx_hal_can.o
                0x0800d3fe                HAL_CAN_SleepCallback
 .text.HAL_CAN_WakeUpFromRxMsgCallback
                0x0800d412       0x14 ./Drivers/STM32F4xx_HAL_Driver/Src/stm32f4xx_hal_can.o
                0x0800d412                HAL_CAN_WakeUpFromRxMsgCallback
 .text.HAL_CAN_ErrorCallback
                0x0800d426       0x14 ./Drivers/STM32F4xx_HAL_Driver/Src/stm32f4xx_hal_can.o
                0x0800d426                HAL_CAN_ErrorCallback
 *fill*         0x0800d43a        0x2 
 .text.__NVIC_SetPriorityGrouping
                0x0800d43c       0x48 ./Drivers/STM32F4xx_HAL_Driver/Src/stm32f4xx_hal_cortex.o
 .text.__NVIC_GetPriorityGrouping
                0x0800d484       0x1c ./Drivers/STM32F4xx_HAL_Driver/Src/stm32f4xx_hal_cortex.o
 .text.__NVIC_EnableIRQ
                0x0800d4a0       0x3c ./Drivers/STM32F4xx_HAL_Driver/Src/stm32f4xx_hal_cortex.o
 .text.__NVIC_SetPriority
                0x0800d4dc       0x54 ./Drivers/STM32F4xx_HAL_Driver/Src/stm32f4xx_hal_cortex.o
 .text.NVIC_EncodePriority
                0x0800d530       0x66 ./Drivers/STM32F4xx_HAL_Driver/Src/stm32f4xx_hal_cortex.o
 *fill*         0x0800d596        0x2 
 .text.__NVIC_SystemReset
                0x0800d598       0x2c ./Drivers/STM32F4xx_HAL_Driver/Src/stm32f4xx_hal_cortex.o
 .text.SysTick_Config
                0x0800d5c4       0x44 ./Drivers/STM32F4xx_HAL_Driver/Src/stm32f4xx_hal_cortex.o
 .text.HAL_NVIC_SetPriorityGrouping
                0x0800d608       0x16 ./Drivers/STM32F4xx_HAL_Driver/Src/stm32f4xx_hal_cortex.o
                0x0800d608                HAL_NVIC_SetPriorityGrouping
 .text.HAL_NVIC_SetPriority
                0x0800d61e       0x38 ./Drivers/STM32F4xx_HAL_Driver/Src/stm32f4xx_hal_cortex.o
                0x0800d61e                HAL_NVIC_SetPriority
 .text.HAL_NVIC_EnableIRQ
                0x0800d656       0x1c ./Drivers/STM32F4xx_HAL_Driver/Src/stm32f4xx_hal_cortex.o
                0x0800d656                HAL_NVIC_EnableIRQ
 .text.HAL_NVIC_SystemReset
                0x0800d672        0x8 ./Drivers/STM32F4xx_HAL_Driver/Src/stm32f4xx_hal_cortex.o
                0x0800d672                HAL_NVIC_SystemReset
 .text.HAL_SYSTICK_Config
                0x0800d67a       0x18 ./Drivers/STM32F4xx_HAL_Driver/Src/stm32f4xx_hal_cortex.o
                0x0800d67a                HAL_SYSTICK_Config
 *fill*         0x0800d692        0x2 
 .text.HAL_DMA_Init
                0x0800d694      0x15c ./Drivers/STM32F4xx_HAL_Driver/Src/stm32f4xx_hal_dma.o
                0x0800d694                HAL_DMA_Init
 .text.HAL_DMA_Start_IT
                0x0800d7f0       0xb0 ./Drivers/STM32F4xx_HAL_Driver/Src/stm32f4xx_hal_dma.o
                0x0800d7f0                HAL_DMA_Start_IT
 .text.HAL_DMA_Abort
                0x0800d8a0       0xe0 ./Drivers/STM32F4xx_HAL_Driver/Src/stm32f4xx_hal_dma.o
                0x0800d8a0                HAL_DMA_Abort
 .text.HAL_DMA_Abort_IT
                0x0800d980       0x44 ./Drivers/STM32F4xx_HAL_Driver/Src/stm32f4xx_hal_dma.o
                0x0800d980                HAL_DMA_Abort_IT
 .text.HAL_DMA_IRQHandler
                0x0800d9c4      0x314 ./Drivers/STM32F4xx_HAL_Driver/Src/stm32f4xx_hal_dma.o
                0x0800d9c4                HAL_DMA_IRQHandler
 .text.DMA_SetConfig
                0x0800dcd8       0x5c ./Drivers/STM32F4xx_HAL_Driver/Src/stm32f4xx_hal_dma.o
 .text.DMA_CalcBaseAndBitshift
                0x0800dd34       0x6c ./Drivers/STM32F4xx_HAL_Driver/Src/stm32f4xx_hal_dma.o
 .text.DMA_CheckFifoParam
                0x0800dda0       0xf8 ./Drivers/STM32F4xx_HAL_Driver/Src/stm32f4xx_hal_dma.o
 .text.HAL_GPIO_Init
                0x0800de98      0x328 ./Drivers/STM32F4xx_HAL_Driver/Src/stm32f4xx_hal_gpio.o
                0x0800de98                HAL_GPIO_Init
 .text.HAL_GPIO_WritePin
                0x0800e1c0       0x32 ./Drivers/STM32F4xx_HAL_Driver/Src/stm32f4xx_hal_gpio.o
                0x0800e1c0                HAL_GPIO_WritePin
 *fill*         0x0800e1f2        0x2 
 .text.HAL_PWREx_EnableOverDrive
                0x0800e1f4       0xa0 ./Drivers/STM32F4xx_HAL_Driver/Src/stm32f4xx_hal_pwr_ex.o
                0x0800e1f4                HAL_PWREx_EnableOverDrive
 .text.HAL_RCC_ClockConfig
                0x0800e294      0x1cc ./Drivers/STM32F4xx_HAL_Driver/Src/stm32f4xx_hal_rcc.o
                0x0800e294                HAL_RCC_ClockConfig
 .text.HAL_RCC_GetHCLKFreq
                0x0800e460       0x18 ./Drivers/STM32F4xx_HAL_Driver/Src/stm32f4xx_hal_rcc.o
                0x0800e460                HAL_RCC_GetHCLKFreq
 .text.HAL_RCC_GetPCLK1Freq
                0x0800e478       0x28 ./Drivers/STM32F4xx_HAL_Driver/Src/stm32f4xx_hal_rcc.o
                0x0800e478                HAL_RCC_GetPCLK1Freq
 .text.HAL_RCC_GetPCLK2Freq
                0x0800e4a0       0x28 ./Drivers/STM32F4xx_HAL_Driver/Src/stm32f4xx_hal_rcc.o
                0x0800e4a0                HAL_RCC_GetPCLK2Freq
 .text.HAL_RCC_GetSysClockFreq
                0x0800e4c8      0x460 ./Drivers/STM32F4xx_HAL_Driver/Src/stm32f4xx_hal_rcc_ex.o
                0x0800e4c8                HAL_RCC_GetSysClockFreq
 .text.HAL_RCC_OscConfig
                0x0800e928      0x53c ./Drivers/STM32F4xx_HAL_Driver/Src/stm32f4xx_hal_rcc_ex.o
                0x0800e928                HAL_RCC_OscConfig
 .text.HAL_SPI_Init
                0x0800ee64      0x112 ./Drivers/STM32F4xx_HAL_Driver/Src/stm32f4xx_hal_spi.o
                0x0800ee64                HAL_SPI_Init
 .text.HAL_SPI_Transmit
                0x0800ef76      0x288 ./Drivers/STM32F4xx_HAL_Driver/Src/stm32f4xx_hal_spi.o
                0x0800ef76                HAL_SPI_Transmit
 .text.HAL_SPI_TransmitReceive
                0x0800f1fe      0x352 ./Drivers/STM32F4xx_HAL_Driver/Src/stm32f4xx_hal_spi.o
                0x0800f1fe                HAL_SPI_TransmitReceive
 .text.HAL_SPI_IRQHandler
                0x0800f550      0x1e8 ./Drivers/STM32F4xx_HAL_Driver/Src/stm32f4xx_hal_spi.o
                0x0800f550                HAL_SPI_IRQHandler
 .text.HAL_SPI_ErrorCallback
                0x0800f738       0x14 ./Drivers/STM32F4xx_HAL_Driver/Src/stm32f4xx_hal_spi.o
                0x0800f738                HAL_SPI_ErrorCallback
 .text.SPI_DMAAbortOnError
                0x0800f74c       0x28 ./Drivers/STM32F4xx_HAL_Driver/Src/stm32f4xx_hal_spi.o
 .text.SPI_WaitFlagStateUntilTimeout
                0x0800f774      0x110 ./Drivers/STM32F4xx_HAL_Driver/Src/stm32f4xx_hal_spi.o
 .text.SPI_EndRxTxTransaction
                0x0800f884       0xa8 ./Drivers/STM32F4xx_HAL_Driver/Src/stm32f4xx_hal_spi.o
 .text.HAL_TIM_Base_Init
                0x0800f92c       0x9e ./Drivers/STM32F4xx_HAL_Driver/Src/stm32f4xx_hal_tim.o
                0x0800f92c                HAL_TIM_Base_Init
 *fill*         0x0800f9ca        0x2 
 .text.HAL_TIM_Base_Start
                0x0800f9cc       0xd0 ./Drivers/STM32F4xx_HAL_Driver/Src/stm32f4xx_hal_tim.o
                0x0800f9cc                HAL_TIM_Base_Start
 .text.HAL_TIM_Base_Start_IT
                0x0800fa9c       0xe0 ./Drivers/STM32F4xx_HAL_Driver/Src/stm32f4xx_hal_tim.o
                0x0800fa9c                HAL_TIM_Base_Start_IT
 .text.HAL_TIM_Base_Stop_IT
                0x0800fb7c       0x5e ./Drivers/STM32F4xx_HAL_Driver/Src/stm32f4xx_hal_tim.o
                0x0800fb7c                HAL_TIM_Base_Stop_IT
 .text.HAL_TIM_PWM_Init
                0x0800fbda       0x9e ./Drivers/STM32F4xx_HAL_Driver/Src/stm32f4xx_hal_tim.o
                0x0800fbda                HAL_TIM_PWM_Init
 .text.HAL_TIM_PWM_MspInit
                0x0800fc78       0x14 ./Drivers/STM32F4xx_HAL_Driver/Src/stm32f4xx_hal_tim.o
                0x0800fc78                HAL_TIM_PWM_MspInit
 .text.HAL_TIM_PWM_Start
                0x0800fc8c      0x190 ./Drivers/STM32F4xx_HAL_Driver/Src/stm32f4xx_hal_tim.o
                0x0800fc8c                HAL_TIM_PWM_Start
 .text.HAL_TIM_IRQHandler
                0x0800fe1c      0x1e0 ./Drivers/STM32F4xx_HAL_Driver/Src/stm32f4xx_hal_tim.o
                0x0800fe1c                HAL_TIM_IRQHandler
 .text.HAL_TIM_PWM_ConfigChannel
                0x0800fffc      0x184 ./Drivers/STM32F4xx_HAL_Driver/Src/stm32f4xx_hal_tim.o
                0x0800fffc                HAL_TIM_PWM_ConfigChannel
 .text.HAL_TIM_ConfigClockSource
                0x08010180      0x18e ./Drivers/STM32F4xx_HAL_Driver/Src/stm32f4xx_hal_tim.o
                0x08010180                HAL_TIM_ConfigClockSource
 .text.HAL_TIM_OC_DelayElapsedCallback
                0x0801030e       0x14 ./Drivers/STM32F4xx_HAL_Driver/Src/stm32f4xx_hal_tim.o
                0x0801030e                HAL_TIM_OC_DelayElapsedCallback
 .text.HAL_TIM_IC_CaptureCallback
                0x08010322       0x14 ./Drivers/STM32F4xx_HAL_Driver/Src/stm32f4xx_hal_tim.o
                0x08010322                HAL_TIM_IC_CaptureCallback
 .text.HAL_TIM_PWM_PulseFinishedCallback
                0x08010336       0x14 ./Drivers/STM32F4xx_HAL_Driver/Src/stm32f4xx_hal_tim.o
                0x08010336                HAL_TIM_PWM_PulseFinishedCallback
 .text.HAL_TIM_TriggerCallback
                0x0801034a       0x14 ./Drivers/STM32F4xx_HAL_Driver/Src/stm32f4xx_hal_tim.o
                0x0801034a                HAL_TIM_TriggerCallback
 *fill*         0x0801035e        0x2 
 .text.TIM_Base_SetConfig
                0x08010360      0x158 ./Drivers/STM32F4xx_HAL_Driver/Src/stm32f4xx_hal_tim.o
                0x08010360                TIM_Base_SetConfig
 .text.TIM_OC1_SetConfig
                0x080104b8       0xe0 ./Drivers/STM32F4xx_HAL_Driver/Src/stm32f4xx_hal_tim.o
 .text.TIM_OC2_SetConfig
                0x08010598       0xec ./Drivers/STM32F4xx_HAL_Driver/Src/stm32f4xx_hal_tim.o
                0x08010598                TIM_OC2_SetConfig
 .text.TIM_OC3_SetConfig
                0x08010684       0xe8 ./Drivers/STM32F4xx_HAL_Driver/Src/stm32f4xx_hal_tim.o
 .text.TIM_OC4_SetConfig
                0x0801076c       0xac ./Drivers/STM32F4xx_HAL_Driver/Src/stm32f4xx_hal_tim.o
 .text.TIM_TI1_ConfigInputStage
                0x08010818       0x5e ./Drivers/STM32F4xx_HAL_Driver/Src/stm32f4xx_hal_tim.o
 .text.TIM_TI2_ConfigInputStage
                0x08010876       0x60 ./Drivers/STM32F4xx_HAL_Driver/Src/stm32f4xx_hal_tim.o
 .text.TIM_ITRx_SetConfig
                0x080108d6       0x36 ./Drivers/STM32F4xx_HAL_Driver/Src/stm32f4xx_hal_tim.o
 .text.TIM_ETR_SetConfig
                0x0801090c       0x40 ./Drivers/STM32F4xx_HAL_Driver/Src/stm32f4xx_hal_tim.o
                0x0801090c                TIM_ETR_SetConfig
 .text.TIM_CCxChannelCmd
                0x0801094c       0x4a ./Drivers/STM32F4xx_HAL_Driver/Src/stm32f4xx_hal_tim.o
                0x0801094c                TIM_CCxChannelCmd
 *fill*         0x08010996        0x2 
 .text.HAL_TIMEx_MasterConfigSynchronization
                0x08010998       0xf8 ./Drivers/STM32F4xx_HAL_Driver/Src/stm32f4xx_hal_tim_ex.o
                0x08010998                HAL_TIMEx_MasterConfigSynchronization
 .text.HAL_TIMEx_ConfigBreakDeadTime
                0x08010a90       0xa4 ./Drivers/STM32F4xx_HAL_Driver/Src/stm32f4xx_hal_tim_ex.o
                0x08010a90                HAL_TIMEx_ConfigBreakDeadTime
 .text.HAL_TIMEx_CommutCallback
                0x08010b34       0x14 ./Drivers/STM32F4xx_HAL_Driver/Src/stm32f4xx_hal_tim_ex.o
                0x08010b34                HAL_TIMEx_CommutCallback
 .text.HAL_TIMEx_BreakCallback
                0x08010b48       0x14 ./Drivers/STM32F4xx_HAL_Driver/Src/stm32f4xx_hal_tim_ex.o
                0x08010b48                HAL_TIMEx_BreakCallback
 .text.HAL_UART_Init
                0x08010b5c       0xa0 ./Drivers/STM32F4xx_HAL_Driver/Src/stm32f4xx_hal_uart.o
                0x08010b5c                HAL_UART_Init
 .text.HAL_UART_IRQHandler
                0x08010bfc      0x524 ./Drivers/STM32F4xx_HAL_Driver/Src/stm32f4xx_hal_uart.o
                0x08010bfc                HAL_UART_IRQHandler
 .text.HAL_UART_RxCpltCallback
                0x08011120       0x14 ./Drivers/STM32F4xx_HAL_Driver/Src/stm32f4xx_hal_uart.o
                0x08011120                HAL_UART_RxCpltCallback
 .text.HAL_UART_ErrorCallback
                0x08011134       0x14 ./Drivers/STM32F4xx_HAL_Driver/Src/stm32f4xx_hal_uart.o
                0x08011134                HAL_UART_ErrorCallback
 .text.HAL_UARTEx_RxEventCallback
                0x08011148       0x18 ./Drivers/STM32F4xx_HAL_Driver/Src/stm32f4xx_hal_uart.o
                0x08011148                HAL_UARTEx_RxEventCallback
 .text.UART_EndRxTransfer
                0x08011160       0xc6 ./Drivers/STM32F4xx_HAL_Driver/Src/stm32f4xx_hal_uart.o
 .text.UART_DMAAbortOnError
                0x08011226       0x28 ./Drivers/STM32F4xx_HAL_Driver/Src/stm32f4xx_hal_uart.o
 .text.UART_Transmit_IT
                0x0801124e       0xa0 ./Drivers/STM32F4xx_HAL_Driver/Src/stm32f4xx_hal_uart.o
 .text.UART_EndTransmit_IT
                0x080112ee       0x30 ./Drivers/STM32F4xx_HAL_Driver/Src/stm32f4xx_hal_uart.o
 .text.UART_Receive_IT
                0x0801131e      0x17c ./Drivers/STM32F4xx_HAL_Driver/Src/stm32f4xx_hal_uart.o
 *fill*         0x0801149a        0x2 
 .text.UART_SetConfig
                0x0801149c      0x4e8 ./Drivers/STM32F4xx_HAL_Driver/Src/stm32f4xx_hal_uart.o
 .text.calloc   0x08011984       0x10 C:/ST/STM32CubeIDE_1.17.0/STM32CubeIDE/plugins/com.st.stm32cube.ide.mcu.externaltools.gnu-tools-for-stm32.12.3.rel1.win32_1.1.0.202410251130/tools/bin/../lib/gcc/arm-none-eabi/12.3.1/../../../../arm-none-eabi/lib/thumb/v7e-m+fp/hard\libc_nano.a(libc_a-calloc.o)
                0x08011984                calloc
 .text._calloc_r
                0x08011994       0x28 C:/ST/STM32CubeIDE_1.17.0/STM32CubeIDE/plugins/com.st.stm32cube.ide.mcu.externaltools.gnu-tools-for-stm32.12.3.rel1.win32_1.1.0.202410251130/tools/bin/../lib/gcc/arm-none-eabi/12.3.1/../../../../arm-none-eabi/lib/thumb/v7e-m+fp/hard\libc_nano.a(libc_a-callocr.o)
                0x08011994                _calloc_r
 .text.malloc   0x080119bc       0x10 C:/ST/STM32CubeIDE_1.17.0/STM32CubeIDE/plugins/com.st.stm32cube.ide.mcu.externaltools.gnu-tools-for-stm32.12.3.rel1.win32_1.1.0.202410251130/tools/bin/../lib/gcc/arm-none-eabi/12.3.1/../../../../arm-none-eabi/lib/thumb/v7e-m+fp/hard\libc_nano.a(libc_a-malloc.o)
                0x080119bc                malloc
 .text.free     0x080119cc       0x10 C:/ST/STM32CubeIDE_1.17.0/STM32CubeIDE/plugins/com.st.stm32cube.ide.mcu.externaltools.gnu-tools-for-stm32.12.3.rel1.win32_1.1.0.202410251130/tools/bin/../lib/gcc/arm-none-eabi/12.3.1/../../../../arm-none-eabi/lib/thumb/v7e-m+fp/hard\libc_nano.a(libc_a-malloc.o)
                0x080119cc                free
 .text.sbrk_aligned
                0x080119dc       0x44 C:/ST/STM32CubeIDE_1.17.0/STM32CubeIDE/plugins/com.st.stm32cube.ide.mcu.externaltools.gnu-tools-for-stm32.12.3.rel1.win32_1.1.0.202410251130/tools/bin/../lib/gcc/arm-none-eabi/12.3.1/../../../../arm-none-eabi/lib/thumb/v7e-m+fp/hard\libc_nano.a(libc_a-mallocr.o)
 .text._malloc_r
                0x08011a20      0x100 C:/ST/STM32CubeIDE_1.17.0/STM32CubeIDE/plugins/com.st.stm32cube.ide.mcu.externaltools.gnu-tools-for-stm32.12.3.rel1.win32_1.1.0.202410251130/tools/bin/../lib/gcc/arm-none-eabi/12.3.1/../../../../arm-none-eabi/lib/thumb/v7e-m+fp/hard\libc_nano.a(libc_a-mallocr.o)
                0x08011a20                _malloc_r
 .text.__malloc_lock
                0x08011b20        0xc C:/ST/STM32CubeIDE_1.17.0/STM32CubeIDE/plugins/com.st.stm32cube.ide.mcu.externaltools.gnu-tools-for-stm32.12.3.rel1.win32_1.1.0.202410251130/tools/bin/../lib/gcc/arm-none-eabi/12.3.1/../../../../arm-none-eabi/lib/thumb/v7e-m+fp/hard\libc_nano.a(libc_a-mlock.o)
                0x08011b20                __malloc_lock
 .text.__malloc_unlock
                0x08011b2c        0xc C:/ST/STM32CubeIDE_1.17.0/STM32CubeIDE/plugins/com.st.stm32cube.ide.mcu.externaltools.gnu-tools-for-stm32.12.3.rel1.win32_1.1.0.202410251130/tools/bin/../lib/gcc/arm-none-eabi/12.3.1/../../../../arm-none-eabi/lib/thumb/v7e-m+fp/hard\libc_nano.a(libc_a-mlock.o)
                0x08011b2c                __malloc_unlock
 .text.__cvt    0x08011b38       0xca C:/ST/STM32CubeIDE_1.17.0/STM32CubeIDE/plugins/com.st.stm32cube.ide.mcu.externaltools.gnu-tools-for-stm32.12.3.rel1.win32_1.1.0.202410251130/tools/bin/../lib/gcc/arm-none-eabi/12.3.1/../../../../arm-none-eabi/lib/thumb/v7e-m+fp/hard\libc_nano.a(libc_a-nano-vfprintf_float.o)
                0x08011b38                __cvt
 .text.__exponent
                0x08011c02       0x74 C:/ST/STM32CubeIDE_1.17.0/STM32CubeIDE/plugins/com.st.stm32cube.ide.mcu.externaltools.gnu-tools-for-stm32.12.3.rel1.win32_1.1.0.202410251130/tools/bin/../lib/gcc/arm-none-eabi/12.3.1/../../../../arm-none-eabi/lib/thumb/v7e-m+fp/hard\libc_nano.a(libc_a-nano-vfprintf_float.o)
                0x08011c02                __exponent
 *fill*         0x08011c76        0x2 
 .text._printf_float
                0x08011c78      0x454 C:/ST/STM32CubeIDE_1.17.0/STM32CubeIDE/plugins/com.st.stm32cube.ide.mcu.externaltools.gnu-tools-for-stm32.12.3.rel1.win32_1.1.0.202410251130/tools/bin/../lib/gcc/arm-none-eabi/12.3.1/../../../../arm-none-eabi/lib/thumb/v7e-m+fp/hard\libc_nano.a(libc_a-nano-vfprintf_float.o)
                0x08011c78                _printf_float
 .text._printf_common
                0x080120cc       0xda C:/ST/STM32CubeIDE_1.17.0/STM32CubeIDE/plugins/com.st.stm32cube.ide.mcu.externaltools.gnu-tools-for-stm32.12.3.rel1.win32_1.1.0.202410251130/tools/bin/../lib/gcc/arm-none-eabi/12.3.1/../../../../arm-none-eabi/lib/thumb/v7e-m+fp/hard\libc_nano.a(libc_a-nano-vfprintf_i.o)
                0x080120cc                _printf_common
 *fill*         0x080121a6        0x2 
 .text._printf_i
                0x080121a8      0x240 C:/ST/STM32CubeIDE_1.17.0/STM32CubeIDE/plugins/com.st.stm32cube.ide.mcu.externaltools.gnu-tools-for-stm32.12.3.rel1.win32_1.1.0.202410251130/tools/bin/../lib/gcc/arm-none-eabi/12.3.1/../../../../arm-none-eabi/lib/thumb/v7e-m+fp/hard\libc_nano.a(libc_a-nano-vfprintf_i.o)
                0x080121a8                _printf_i
 .text.__sflush_r
                0x080123e8      0x108 C:/ST/STM32CubeIDE_1.17.0/STM32CubeIDE/plugins/com.st.stm32cube.ide.mcu.externaltools.gnu-tools-for-stm32.12.3.rel1.win32_1.1.0.202410251130/tools/bin/../lib/gcc/arm-none-eabi/12.3.1/../../../../arm-none-eabi/lib/thumb/v7e-m+fp/hard\libc_nano.a(libc_a-fflush.o)
                0x080123e8                __sflush_r
 .text._fflush_r
                0x080124f0       0x50 C:/ST/STM32CubeIDE_1.17.0/STM32CubeIDE/plugins/com.st.stm32cube.ide.mcu.externaltools.gnu-tools-for-stm32.12.3.rel1.win32_1.1.0.202410251130/tools/bin/../lib/gcc/arm-none-eabi/12.3.1/../../../../arm-none-eabi/lib/thumb/v7e-m+fp/hard\libc_nano.a(libc_a-fflush.o)
                0x080124f0                _fflush_r
 .text.fflush   0x08012540       0x28 C:/ST/STM32CubeIDE_1.17.0/STM32CubeIDE/plugins/com.st.stm32cube.ide.mcu.externaltools.gnu-tools-for-stm32.12.3.rel1.win32_1.1.0.202410251130/tools/bin/../lib/gcc/arm-none-eabi/12.3.1/../../../../arm-none-eabi/lib/thumb/v7e-m+fp/hard\libc_nano.a(libc_a-fflush.o)
                0x08012540                fflush
 .text.std      0x08012568       0x6c C:/ST/STM32CubeIDE_1.17.0/STM32CubeIDE/plugins/com.st.stm32cube.ide.mcu.externaltools.gnu-tools-for-stm32.12.3.rel1.win32_1.1.0.202410251130/tools/bin/../lib/gcc/arm-none-eabi/12.3.1/../../../../arm-none-eabi/lib/thumb/v7e-m+fp/hard\libc_nano.a(libc_a-findfp.o)
 .text.stdio_exit_handler
                0x080125d4       0x18 C:/ST/STM32CubeIDE_1.17.0/STM32CubeIDE/plugins/com.st.stm32cube.ide.mcu.externaltools.gnu-tools-for-stm32.12.3.rel1.win32_1.1.0.202410251130/tools/bin/../lib/gcc/arm-none-eabi/12.3.1/../../../../arm-none-eabi/lib/thumb/v7e-m+fp/hard\libc_nano.a(libc_a-findfp.o)
 .text.cleanup_stdio
                0x080125ec       0x40 C:/ST/STM32CubeIDE_1.17.0/STM32CubeIDE/plugins/com.st.stm32cube.ide.mcu.externaltools.gnu-tools-for-stm32.12.3.rel1.win32_1.1.0.202410251130/tools/bin/../lib/gcc/arm-none-eabi/12.3.1/../../../../arm-none-eabi/lib/thumb/v7e-m+fp/hard\libc_nano.a(libc_a-findfp.o)
 .text.global_stdio_init.part.0
                0x0801262c       0x3c C:/ST/STM32CubeIDE_1.17.0/STM32CubeIDE/plugins/com.st.stm32cube.ide.mcu.externaltools.gnu-tools-for-stm32.12.3.rel1.win32_1.1.0.202410251130/tools/bin/../lib/gcc/arm-none-eabi/12.3.1/../../../../arm-none-eabi/lib/thumb/v7e-m+fp/hard\libc_nano.a(libc_a-findfp.o)
 .text.__sfp_lock_acquire
                0x08012668        0xc C:/ST/STM32CubeIDE_1.17.0/STM32CubeIDE/plugins/com.st.stm32cube.ide.mcu.externaltools.gnu-tools-for-stm32.12.3.rel1.win32_1.1.0.202410251130/tools/bin/../lib/gcc/arm-none-eabi/12.3.1/../../../../arm-none-eabi/lib/thumb/v7e-m+fp/hard\libc_nano.a(libc_a-findfp.o)
                0x08012668                __sfp_lock_acquire
 .text.__sfp_lock_release
                0x08012674        0xc C:/ST/STM32CubeIDE_1.17.0/STM32CubeIDE/plugins/com.st.stm32cube.ide.mcu.externaltools.gnu-tools-for-stm32.12.3.rel1.win32_1.1.0.202410251130/tools/bin/../lib/gcc/arm-none-eabi/12.3.1/../../../../arm-none-eabi/lib/thumb/v7e-m+fp/hard\libc_nano.a(libc_a-findfp.o)
                0x08012674                __sfp_lock_release
 .text.__sinit  0x08012680       0x30 C:/ST/STM32CubeIDE_1.17.0/STM32CubeIDE/plugins/com.st.stm32cube.ide.mcu.externaltools.gnu-tools-for-stm32.12.3.rel1.win32_1.1.0.202410251130/tools/bin/../lib/gcc/arm-none-eabi/12.3.1/../../../../arm-none-eabi/lib/thumb/v7e-m+fp/hard\libc_nano.a(libc_a-findfp.o)
                0x08012680                __sinit
 .text._fwalk_sglue
                0x080126b0       0x3c C:/ST/STM32CubeIDE_1.17.0/STM32CubeIDE/plugins/com.st.stm32cube.ide.mcu.externaltools.gnu-tools-for-stm32.12.3.rel1.win32_1.1.0.202410251130/tools/bin/../lib/gcc/arm-none-eabi/12.3.1/../../../../arm-none-eabi/lib/thumb/v7e-m+fp/hard\libc_nano.a(libc_a-fwalk.o)
                0x080126b0                _fwalk_sglue
 .text.printf   0x080126ec       0x24 C:/ST/STM32CubeIDE_1.17.0/STM32CubeIDE/plugins/com.st.stm32cube.ide.mcu.externaltools.gnu-tools-for-stm32.12.3.rel1.win32_1.1.0.202410251130/tools/bin/../lib/gcc/arm-none-eabi/12.3.1/../../../../arm-none-eabi/lib/thumb/v7e-m+fp/hard\libc_nano.a(libc_a-printf.o)
                0x080126ec                iprintf
                0x080126ec                printf
 .text._puts_r  0x08012710       0xaa C:/ST/STM32CubeIDE_1.17.0/STM32CubeIDE/plugins/com.st.stm32cube.ide.mcu.externaltools.gnu-tools-for-stm32.12.3.rel1.win32_1.1.0.202410251130/tools/bin/../lib/gcc/arm-none-eabi/12.3.1/../../../../arm-none-eabi/lib/thumb/v7e-m+fp/hard\libc_nano.a(libc_a-puts.o)
                0x08012710                _puts_r
 *fill*         0x080127ba        0x2 
 .text.puts     0x080127bc       0x10 C:/ST/STM32CubeIDE_1.17.0/STM32CubeIDE/plugins/com.st.stm32cube.ide.mcu.externaltools.gnu-tools-for-stm32.12.3.rel1.win32_1.1.0.202410251130/tools/bin/../lib/gcc/arm-none-eabi/12.3.1/../../../../arm-none-eabi/lib/thumb/v7e-m+fp/hard\libc_nano.a(libc_a-puts.o)
                0x080127bc                puts
 .text.__sread  0x080127cc       0x22 C:/ST/STM32CubeIDE_1.17.0/STM32CubeIDE/plugins/com.st.stm32cube.ide.mcu.externaltools.gnu-tools-for-stm32.12.3.rel1.win32_1.1.0.202410251130/tools/bin/../lib/gcc/arm-none-eabi/12.3.1/../../../../arm-none-eabi/lib/thumb/v7e-m+fp/hard\libc_nano.a(libc_a-stdio.o)
                0x080127cc                __sread
 .text.__swrite
                0x080127ee       0x38 C:/ST/STM32CubeIDE_1.17.0/STM32CubeIDE/plugins/com.st.stm32cube.ide.mcu.externaltools.gnu-tools-for-stm32.12.3.rel1.win32_1.1.0.202410251130/tools/bin/../lib/gcc/arm-none-eabi/12.3.1/../../../../arm-none-eabi/lib/thumb/v7e-m+fp/hard\libc_nano.a(libc_a-stdio.o)
                0x080127ee                __swrite
 .text.__sseek  0x08012826       0x24 C:/ST/STM32CubeIDE_1.17.0/STM32CubeIDE/plugins/com.st.stm32cube.ide.mcu.externaltools.gnu-tools-for-stm32.12.3.rel1.win32_1.1.0.202410251130/tools/bin/../lib/gcc/arm-none-eabi/12.3.1/../../../../arm-none-eabi/lib/thumb/v7e-m+fp/hard\libc_nano.a(libc_a-stdio.o)
                0x08012826                __sseek
 .text.__sclose
                0x0801284a        0x8 C:/ST/STM32CubeIDE_1.17.0/STM32CubeIDE/plugins/com.st.stm32cube.ide.mcu.externaltools.gnu-tools-for-stm32.12.3.rel1.win32_1.1.0.202410251130/tools/bin/../lib/gcc/arm-none-eabi/12.3.1/../../../../arm-none-eabi/lib/thumb/v7e-m+fp/hard\libc_nano.a(libc_a-stdio.o)
                0x0801284a                __sclose
 .text.__swbuf_r
                0x08012852       0x7c C:/ST/STM32CubeIDE_1.17.0/STM32CubeIDE/plugins/com.st.stm32cube.ide.mcu.externaltools.gnu-tools-for-stm32.12.3.rel1.win32_1.1.0.202410251130/tools/bin/../lib/gcc/arm-none-eabi/12.3.1/../../../../arm-none-eabi/lib/thumb/v7e-m+fp/hard\libc_nano.a(libc_a-wbuf.o)
                0x08012852                __swbuf_r
 *fill*         0x080128ce        0x2 
 .text.__swsetup_r
                0x080128d0       0xac C:/ST/STM32CubeIDE_1.17.0/STM32CubeIDE/plugins/com.st.stm32cube.ide.mcu.externaltools.gnu-tools-for-stm32.12.3.rel1.win32_1.1.0.202410251130/tools/bin/../lib/gcc/arm-none-eabi/12.3.1/../../../../arm-none-eabi/lib/thumb/v7e-m+fp/hard\libc_nano.a(libc_a-wsetup.o)
                0x080128d0                __swsetup_r
 .text.memmove  0x0801297c       0x34 C:/ST/STM32CubeIDE_1.17.0/STM32CubeIDE/plugins/com.st.stm32cube.ide.mcu.externaltools.gnu-tools-for-stm32.12.3.rel1.win32_1.1.0.202410251130/tools/bin/../lib/gcc/arm-none-eabi/12.3.1/../../../../arm-none-eabi/lib/thumb/v7e-m+fp/hard\libc_nano.a(libc_a-memmove.o)
                0x0801297c                memmove
 .text.memset   0x080129b0       0x10 C:/ST/STM32CubeIDE_1.17.0/STM32CubeIDE/plugins/com.st.stm32cube.ide.mcu.externaltools.gnu-tools-for-stm32.12.3.rel1.win32_1.1.0.202410251130/tools/bin/../lib/gcc/arm-none-eabi/12.3.1/../../../../arm-none-eabi/lib/thumb/v7e-m+fp/hard\libc_nano.a(libc_a-memset.o)
                0x080129b0                memset
 .text._localeconv_r
                0x080129c0        0x8 C:/ST/STM32CubeIDE_1.17.0/STM32CubeIDE/plugins/com.st.stm32cube.ide.mcu.externaltools.gnu-tools-for-stm32.12.3.rel1.win32_1.1.0.202410251130/tools/bin/../lib/gcc/arm-none-eabi/12.3.1/../../../../arm-none-eabi/lib/thumb/v7e-m+fp/hard\libc_nano.a(libc_a-localeconv.o)
                0x080129c0                _localeconv_r
 .text._close_r
                0x080129c8       0x20 C:/ST/STM32CubeIDE_1.17.0/STM32CubeIDE/plugins/com.st.stm32cube.ide.mcu.externaltools.gnu-tools-for-stm32.12.3.rel1.win32_1.1.0.202410251130/tools/bin/../lib/gcc/arm-none-eabi/12.3.1/../../../../arm-none-eabi/lib/thumb/v7e-m+fp/hard\libc_nano.a(libc_a-closer.o)
                0x080129c8                _close_r
 .text._lseek_r
                0x080129e8       0x24 C:/ST/STM32CubeIDE_1.17.0/STM32CubeIDE/plugins/com.st.stm32cube.ide.mcu.externaltools.gnu-tools-for-stm32.12.3.rel1.win32_1.1.0.202410251130/tools/bin/../lib/gcc/arm-none-eabi/12.3.1/../../../../arm-none-eabi/lib/thumb/v7e-m+fp/hard\libc_nano.a(libc_a-lseekr.o)
                0x080129e8                _lseek_r
 .text._read_r  0x08012a0c       0x24 C:/ST/STM32CubeIDE_1.17.0/STM32CubeIDE/plugins/com.st.stm32cube.ide.mcu.externaltools.gnu-tools-for-stm32.12.3.rel1.win32_1.1.0.202410251130/tools/bin/../lib/gcc/arm-none-eabi/12.3.1/../../../../arm-none-eabi/lib/thumb/v7e-m+fp/hard\libc_nano.a(libc_a-readr.o)
                0x08012a0c                _read_r
 .text._sbrk_r  0x08012a30       0x20 C:/ST/STM32CubeIDE_1.17.0/STM32CubeIDE/plugins/com.st.stm32cube.ide.mcu.externaltools.gnu-tools-for-stm32.12.3.rel1.win32_1.1.0.202410251130/tools/bin/../lib/gcc/arm-none-eabi/12.3.1/../../../../arm-none-eabi/lib/thumb/v7e-m+fp/hard\libc_nano.a(libc_a-sbrkr.o)
                0x08012a30                _sbrk_r
 .text._write_r
                0x08012a50       0x24 C:/ST/STM32CubeIDE_1.17.0/STM32CubeIDE/plugins/com.st.stm32cube.ide.mcu.externaltools.gnu-tools-for-stm32.12.3.rel1.win32_1.1.0.202410251130/tools/bin/../lib/gcc/arm-none-eabi/12.3.1/../../../../arm-none-eabi/lib/thumb/v7e-m+fp/hard\libc_nano.a(libc_a-writer.o)
                0x08012a50                _write_r
 .text.__errno  0x08012a74        0xc C:/ST/STM32CubeIDE_1.17.0/STM32CubeIDE/plugins/com.st.stm32cube.ide.mcu.externaltools.gnu-tools-for-stm32.12.3.rel1.win32_1.1.0.202410251130/tools/bin/../lib/gcc/arm-none-eabi/12.3.1/../../../../arm-none-eabi/lib/thumb/v7e-m+fp/hard\libc_nano.a(libc_a-errno.o)
                0x08012a74                __errno
 .text.__libc_init_array
                0x08012a80       0x48 C:/ST/STM32CubeIDE_1.17.0/STM32CubeIDE/plugins/com.st.stm32cube.ide.mcu.externaltools.gnu-tools-for-stm32.12.3.rel1.win32_1.1.0.202410251130/tools/bin/../lib/gcc/arm-none-eabi/12.3.1/../../../../arm-none-eabi/lib/thumb/v7e-m+fp/hard\libc_nano.a(libc_a-init.o)
                0x08012a80                __libc_init_array
 .text.__retarget_lock_init_recursive
                0x08012ac8        0x2 C:/ST/STM32CubeIDE_1.17.0/STM32CubeIDE/plugins/com.st.stm32cube.ide.mcu.externaltools.gnu-tools-for-stm32.12.3.rel1.win32_1.1.0.202410251130/tools/bin/../lib/gcc/arm-none-eabi/12.3.1/../../../../arm-none-eabi/lib/thumb/v7e-m+fp/hard\libc_nano.a(libc_a-lock.o)
                0x08012ac8                __retarget_lock_init_recursive
 .text.__retarget_lock_acquire_recursive
                0x08012aca        0x2 C:/ST/STM32CubeIDE_1.17.0/STM32CubeIDE/plugins/com.st.stm32cube.ide.mcu.externaltools.gnu-tools-for-stm32.12.3.rel1.win32_1.1.0.202410251130/tools/bin/../lib/gcc/arm-none-eabi/12.3.1/../../../../arm-none-eabi/lib/thumb/v7e-m+fp/hard\libc_nano.a(libc_a-lock.o)
                0x08012aca                __retarget_lock_acquire_recursive
 .text.__retarget_lock_release_recursive
                0x08012acc        0x2 C:/ST/STM32CubeIDE_1.17.0/STM32CubeIDE/plugins/com.st.stm32cube.ide.mcu.externaltools.gnu-tools-for-stm32.12.3.rel1.win32_1.1.0.202410251130/tools/bin/../lib/gcc/arm-none-eabi/12.3.1/../../../../arm-none-eabi/lib/thumb/v7e-m+fp/hard\libc_nano.a(libc_a-lock.o)
                0x08012acc                __retarget_lock_release_recursive
 .text.memcpy   0x08012ace       0x1c C:/ST/STM32CubeIDE_1.17.0/STM32CubeIDE/plugins/com.st.stm32cube.ide.mcu.externaltools.gnu-tools-for-stm32.12.3.rel1.win32_1.1.0.202410251130/tools/bin/../lib/gcc/arm-none-eabi/12.3.1/../../../../arm-none-eabi/lib/thumb/v7e-m+fp/hard\libc_nano.a(libc_a-memcpy-stub.o)
                0x08012ace                memcpy
 .text.quorem   0x08012aea      0x110 C:/ST/STM32CubeIDE_1.17.0/STM32CubeIDE/plugins/com.st.stm32cube.ide.mcu.externaltools.gnu-tools-for-stm32.12.3.rel1.win32_1.1.0.202410251130/tools/bin/../lib/gcc/arm-none-eabi/12.3.1/../../../../arm-none-eabi/lib/thumb/v7e-m+fp/hard\libc_nano.a(libc_a-dtoa.o)
 *fill*         0x08012bfa        0x6 
 .text._dtoa_r  0x08012c00      0xb88 C:/ST/STM32CubeIDE_1.17.0/STM32CubeIDE/plugins/com.st.stm32cube.ide.mcu.externaltools.gnu-tools-for-stm32.12.3.rel1.win32_1.1.0.202410251130/tools/bin/../lib/gcc/arm-none-eabi/12.3.1/../../../../arm-none-eabi/lib/thumb/v7e-m+fp/hard\libc_nano.a(libc_a-dtoa.o)
                0x08012c00                _dtoa_r
 .text._free_r  0x08013788       0x94 C:/ST/STM32CubeIDE_1.17.0/STM32CubeIDE/plugins/com.st.stm32cube.ide.mcu.externaltools.gnu-tools-for-stm32.12.3.rel1.win32_1.1.0.202410251130/tools/bin/../lib/gcc/arm-none-eabi/12.3.1/../../../../arm-none-eabi/lib/thumb/v7e-m+fp/hard\libc_nano.a(libc_a-freer.o)
                0x08013788                _free_r
 .text._Balloc  0x0801381c       0x80 C:/ST/STM32CubeIDE_1.17.0/STM32CubeIDE/plugins/com.st.stm32cube.ide.mcu.externaltools.gnu-tools-for-stm32.12.3.rel1.win32_1.1.0.202410251130/tools/bin/../lib/gcc/arm-none-eabi/12.3.1/../../../../arm-none-eabi/lib/thumb/v7e-m+fp/hard\libc_nano.a(libc_a-mprec.o)
                0x0801381c                _Balloc
 .text._Bfree   0x0801389c       0x44 C:/ST/STM32CubeIDE_1.17.0/STM32CubeIDE/plugins/com.st.stm32cube.ide.mcu.externaltools.gnu-tools-for-stm32.12.3.rel1.win32_1.1.0.202410251130/tools/bin/../lib/gcc/arm-none-eabi/12.3.1/../../../../arm-none-eabi/lib/thumb/v7e-m+fp/hard\libc_nano.a(libc_a-mprec.o)
                0x0801389c                _Bfree
 .text.__multadd
                0x080138e0       0x8c C:/ST/STM32CubeIDE_1.17.0/STM32CubeIDE/plugins/com.st.stm32cube.ide.mcu.externaltools.gnu-tools-for-stm32.12.3.rel1.win32_1.1.0.202410251130/tools/bin/../lib/gcc/arm-none-eabi/12.3.1/../../../../arm-none-eabi/lib/thumb/v7e-m+fp/hard\libc_nano.a(libc_a-mprec.o)
                0x080138e0                __multadd
 .text.__hi0bits
                0x0801396c       0x3e C:/ST/STM32CubeIDE_1.17.0/STM32CubeIDE/plugins/com.st.stm32cube.ide.mcu.externaltools.gnu-tools-for-stm32.12.3.rel1.win32_1.1.0.202410251130/tools/bin/../lib/gcc/arm-none-eabi/12.3.1/../../../../arm-none-eabi/lib/thumb/v7e-m+fp/hard\libc_nano.a(libc_a-mprec.o)
                0x0801396c                __hi0bits
 .text.__lo0bits
                0x080139aa       0x5a C:/ST/STM32CubeIDE_1.17.0/STM32CubeIDE/plugins/com.st.stm32cube.ide.mcu.externaltools.gnu-tools-for-stm32.12.3.rel1.win32_1.1.0.202410251130/tools/bin/../lib/gcc/arm-none-eabi/12.3.1/../../../../arm-none-eabi/lib/thumb/v7e-m+fp/hard\libc_nano.a(libc_a-mprec.o)
                0x080139aa                __lo0bits
 .text.__i2b    0x08013a04       0x2c C:/ST/STM32CubeIDE_1.17.0/STM32CubeIDE/plugins/com.st.stm32cube.ide.mcu.externaltools.gnu-tools-for-stm32.12.3.rel1.win32_1.1.0.202410251130/tools/bin/../lib/gcc/arm-none-eabi/12.3.1/../../../../arm-none-eabi/lib/thumb/v7e-m+fp/hard\libc_nano.a(libc_a-mprec.o)
                0x08013a04                __i2b
 .text.__multiply
                0x08013a30      0x154 C:/ST/STM32CubeIDE_1.17.0/STM32CubeIDE/plugins/com.st.stm32cube.ide.mcu.externaltools.gnu-tools-for-stm32.12.3.rel1.win32_1.1.0.202410251130/tools/bin/../lib/gcc/arm-none-eabi/12.3.1/../../../../arm-none-eabi/lib/thumb/v7e-m+fp/hard\libc_nano.a(libc_a-mprec.o)
                0x08013a30                __multiply
 .text.__pow5mult
                0x08013b84       0xb4 C:/ST/STM32CubeIDE_1.17.0/STM32CubeIDE/plugins/com.st.stm32cube.ide.mcu.externaltools.gnu-tools-for-stm32.12.3.rel1.win32_1.1.0.202410251130/tools/bin/../lib/gcc/arm-none-eabi/12.3.1/../../../../arm-none-eabi/lib/thumb/v7e-m+fp/hard\libc_nano.a(libc_a-mprec.o)
                0x08013b84                __pow5mult
 .text.__lshift
                0x08013c38       0xd8 C:/ST/STM32CubeIDE_1.17.0/STM32CubeIDE/plugins/com.st.stm32cube.ide.mcu.externaltools.gnu-tools-for-stm32.12.3.rel1.win32_1.1.0.202410251130/tools/bin/../lib/gcc/arm-none-eabi/12.3.1/../../../../arm-none-eabi/lib/thumb/v7e-m+fp/hard\libc_nano.a(libc_a-mprec.o)
                0x08013c38                __lshift
 .text.__mcmp   0x08013d10       0x36 C:/ST/STM32CubeIDE_1.17.0/STM32CubeIDE/plugins/com.st.stm32cube.ide.mcu.externaltools.gnu-tools-for-stm32.12.3.rel1.win32_1.1.0.202410251130/tools/bin/../lib/gcc/arm-none-eabi/12.3.1/../../../../arm-none-eabi/lib/thumb/v7e-m+fp/hard\libc_nano.a(libc_a-mprec.o)
                0x08013d10                __mcmp
 *fill*         0x08013d46        0x2 
 .text.__mdiff  0x08013d48      0x128 C:/ST/STM32CubeIDE_1.17.0/STM32CubeIDE/plugins/com.st.stm32cube.ide.mcu.externaltools.gnu-tools-for-stm32.12.3.rel1.win32_1.1.0.202410251130/tools/bin/../lib/gcc/arm-none-eabi/12.3.1/../../../../arm-none-eabi/lib/thumb/v7e-m+fp/hard\libc_nano.a(libc_a-mprec.o)
                0x08013d48                __mdiff
 .text.__d2b    0x08013e70       0xb0 C:/ST/STM32CubeIDE_1.17.0/STM32CubeIDE/plugins/com.st.stm32cube.ide.mcu.externaltools.gnu-tools-for-stm32.12.3.rel1.win32_1.1.0.202410251130/tools/bin/../lib/gcc/arm-none-eabi/12.3.1/../../../../arm-none-eabi/lib/thumb/v7e-m+fp/hard\libc_nano.a(libc_a-mprec.o)
                0x08013e70                __d2b
 .text.__sfputc_r
                0x08013f20       0x2e C:/ST/STM32CubeIDE_1.17.0/STM32CubeIDE/plugins/com.st.stm32cube.ide.mcu.externaltools.gnu-tools-for-stm32.12.3.rel1.win32_1.1.0.202410251130/tools/bin/../lib/gcc/arm-none-eabi/12.3.1/../../../../arm-none-eabi/lib/thumb/v7e-m+fp/hard\libc_nano.a(libc_a-nano-vfprintf.o)
 .text.__sfputs_r
                0x08013f4e       0x24 C:/ST/STM32CubeIDE_1.17.0/STM32CubeIDE/plugins/com.st.stm32cube.ide.mcu.externaltools.gnu-tools-for-stm32.12.3.rel1.win32_1.1.0.202410251130/tools/bin/../lib/gcc/arm-none-eabi/12.3.1/../../../../arm-none-eabi/lib/thumb/v7e-m+fp/hard\libc_nano.a(libc_a-nano-vfprintf.o)
                0x08013f4e                __sfputs_r
 *fill*         0x08013f72        0x2 
 .text._vfprintf_r
                0x08013f74      0x230 C:/ST/STM32CubeIDE_1.17.0/STM32CubeIDE/plugins/com.st.stm32cube.ide.mcu.externaltools.gnu-tools-for-stm32.12.3.rel1.win32_1.1.0.202410251130/tools/bin/../lib/gcc/arm-none-eabi/12.3.1/../../../../arm-none-eabi/lib/thumb/v7e-m+fp/hard\libc_nano.a(libc_a-nano-vfprintf.o)
                0x08013f74                _vfprintf_r
                0x08013f74                _vfiprintf_r
 .text.__swhatbuf_r
                0x080141a4       0x4c C:/ST/STM32CubeIDE_1.17.0/STM32CubeIDE/plugins/com.st.stm32cube.ide.mcu.externaltools.gnu-tools-for-stm32.12.3.rel1.win32_1.1.0.202410251130/tools/bin/../lib/gcc/arm-none-eabi/12.3.1/../../../../arm-none-eabi/lib/thumb/v7e-m+fp/hard\libc_nano.a(libc_a-makebuf.o)
                0x080141a4                __swhatbuf_r
 .text.__smakebuf_r
                0x080141f0       0x78 C:/ST/STM32CubeIDE_1.17.0/STM32CubeIDE/plugins/com.st.stm32cube.ide.mcu.externaltools.gnu-tools-for-stm32.12.3.rel1.win32_1.1.0.202410251130/tools/bin/../lib/gcc/arm-none-eabi/12.3.1/../../../../arm-none-eabi/lib/thumb/v7e-m+fp/hard\libc_nano.a(libc_a-makebuf.o)
                0x080141f0                __smakebuf_r
 .text._fstat_r
                0x08014268       0x24 C:/ST/STM32CubeIDE_1.17.0/STM32CubeIDE/plugins/com.st.stm32cube.ide.mcu.externaltools.gnu-tools-for-stm32.12.3.rel1.win32_1.1.0.202410251130/tools/bin/../lib/gcc/arm-none-eabi/12.3.1/../../../../arm-none-eabi/lib/thumb/v7e-m+fp/hard\libc_nano.a(libc_a-fstatr.o)
                0x08014268                _fstat_r
 .text._isatty_r
                0x0801428c       0x20 C:/ST/STM32CubeIDE_1.17.0/STM32CubeIDE/plugins/com.st.stm32cube.ide.mcu.externaltools.gnu-tools-for-stm32.12.3.rel1.win32_1.1.0.202410251130/tools/bin/../lib/gcc/arm-none-eabi/12.3.1/../../../../arm-none-eabi/lib/thumb/v7e-m+fp/hard\libc_nano.a(libc_a-isattyr.o)
                0x0801428c                _isatty_r
 .text.__assert_func
                0x080142ac       0x3c C:/ST/STM32CubeIDE_1.17.0/STM32CubeIDE/plugins/com.st.stm32cube.ide.mcu.externaltools.gnu-tools-for-stm32.12.3.rel1.win32_1.1.0.202410251130/tools/bin/../lib/gcc/arm-none-eabi/12.3.1/../../../../arm-none-eabi/lib/thumb/v7e-m+fp/hard\libc_nano.a(libc_a-assert.o)
                0x080142ac                __assert_func
 .text.__ascii_mbtowc
                0x080142e8       0x24 C:/ST/STM32CubeIDE_1.17.0/STM32CubeIDE/plugins/com.st.stm32cube.ide.mcu.externaltools.gnu-tools-for-stm32.12.3.rel1.win32_1.1.0.202410251130/tools/bin/../lib/gcc/arm-none-eabi/12.3.1/../../../../arm-none-eabi/lib/thumb/v7e-m+fp/hard\libc_nano.a(libc_a-mbtowc_r.o)
                0x080142e8                __ascii_mbtowc
 .text.__ascii_wctomb
                0x0801430c       0x1a C:/ST/STM32CubeIDE_1.17.0/STM32CubeIDE/plugins/com.st.stm32cube.ide.mcu.externaltools.gnu-tools-for-stm32.12.3.rel1.win32_1.1.0.202410251130/tools/bin/../lib/gcc/arm-none-eabi/12.3.1/../../../../arm-none-eabi/lib/thumb/v7e-m+fp/hard\libc_nano.a(libc_a-wctomb_r.o)
                0x0801430c                __ascii_wctomb
 *fill*         0x08014326        0x2 
 .text.fprintf  0x08014328       0x24 C:/ST/STM32CubeIDE_1.17.0/STM32CubeIDE/plugins/com.st.stm32cube.ide.mcu.externaltools.gnu-tools-for-stm32.12.3.rel1.win32_1.1.0.202410251130/tools/bin/../lib/gcc/arm-none-eabi/12.3.1/../../../../arm-none-eabi/lib/thumb/v7e-m+fp/hard\libc_nano.a(libc_a-fprintf.o)
                0x08014328                fiprintf
                0x08014328                fprintf
 .text.abort    0x0801434c        0xe C:/ST/STM32CubeIDE_1.17.0/STM32CubeIDE/plugins/com.st.stm32cube.ide.mcu.externaltools.gnu-tools-for-stm32.12.3.rel1.win32_1.1.0.202410251130/tools/bin/../lib/gcc/arm-none-eabi/12.3.1/../../../../arm-none-eabi/lib/thumb/v7e-m+fp/hard\libc_nano.a(libc_a-abort.o)
                0x0801434c                abort
 .text._raise_r
                0x0801435a       0x50 C:/ST/STM32CubeIDE_1.17.0/STM32CubeIDE/plugins/com.st.stm32cube.ide.mcu.externaltools.gnu-tools-for-stm32.12.3.rel1.win32_1.1.0.202410251130/tools/bin/../lib/gcc/arm-none-eabi/12.3.1/../../../../arm-none-eabi/lib/thumb/v7e-m+fp/hard\libc_nano.a(libc_a-signal.o)
                0x0801435a                _raise_r
 *fill*         0x080143aa        0x2 
 .text.raise    0x080143ac       0x10 C:/ST/STM32CubeIDE_1.17.0/STM32CubeIDE/plugins/com.st.stm32cube.ide.mcu.externaltools.gnu-tools-for-stm32.12.3.rel1.win32_1.1.0.202410251130/tools/bin/../lib/gcc/arm-none-eabi/12.3.1/../../../../arm-none-eabi/lib/thumb/v7e-m+fp/hard\libc_nano.a(libc_a-signal.o)
                0x080143ac                raise
 .text._kill_r  0x080143bc       0x24 C:/ST/STM32CubeIDE_1.17.0/STM32CubeIDE/plugins/com.st.stm32cube.ide.mcu.externaltools.gnu-tools-for-stm32.12.3.rel1.win32_1.1.0.202410251130/tools/bin/../lib/gcc/arm-none-eabi/12.3.1/../../../../arm-none-eabi/lib/thumb/v7e-m+fp/hard\libc_nano.a(libc_a-signalr.o)
                0x080143bc                _kill_r
 .text._getpid_r
                0x080143e0        0x4 C:/ST/STM32CubeIDE_1.17.0/STM32CubeIDE/plugins/com.st.stm32cube.ide.mcu.externaltools.gnu-tools-for-stm32.12.3.rel1.win32_1.1.0.202410251130/tools/bin/../lib/gcc/arm-none-eabi/12.3.1/../../../../arm-none-eabi/lib/thumb/v7e-m+fp/hard\libc_nano.a(libc_a-signalr.o)
                0x080143e0                _getpid_r
 .text.sqrt     0x080143e4       0x58 C:/ST/STM32CubeIDE_1.17.0/STM32CubeIDE/plugins/com.st.stm32cube.ide.mcu.externaltools.gnu-tools-for-stm32.12.3.rel1.win32_1.1.0.202410251130/tools/bin/../lib/gcc/arm-none-eabi/12.3.1/../../../../arm-none-eabi/lib/thumb/v7e-m+fp/hard\libm.a(libm_a-w_sqrt.o)
                0x080143e4                sqrt
 *fill*         0x0801443c        0x4 
 .text.cos      0x08014440       0xa8 C:/ST/STM32CubeIDE_1.17.0/STM32CubeIDE/plugins/com.st.stm32cube.ide.mcu.externaltools.gnu-tools-for-stm32.12.3.rel1.win32_1.1.0.202410251130/tools/bin/../lib/gcc/arm-none-eabi/12.3.1/../../../../arm-none-eabi/lib/thumb/v7e-m+fp/hard\libm.a(libm_a-s_cos.o)
                0x08014440                cos
 .text.sin      0x080144e8       0xa8 C:/ST/STM32CubeIDE_1.17.0/STM32CubeIDE/plugins/com.st.stm32cube.ide.mcu.externaltools.gnu-tools-for-stm32.12.3.rel1.win32_1.1.0.202410251130/tools/bin/../lib/gcc/arm-none-eabi/12.3.1/../../../../arm-none-eabi/lib/thumb/v7e-m+fp/hard\libm.a(libm_a-s_sin.o)
                0x080144e8                sin
 .text.fmaxf    0x08014590       0x3a C:/ST/STM32CubeIDE_1.17.0/STM32CubeIDE/plugins/com.st.stm32cube.ide.mcu.externaltools.gnu-tools-for-stm32.12.3.rel1.win32_1.1.0.202410251130/tools/bin/../lib/gcc/arm-none-eabi/12.3.1/../../../../arm-none-eabi/lib/thumb/v7e-m+fp/hard\libm.a(libm_a-sf_fmax.o)
                0x08014590                fmaxf
 .text.fminf    0x080145ca       0x3a C:/ST/STM32CubeIDE_1.17.0/STM32CubeIDE/plugins/com.st.stm32cube.ide.mcu.externaltools.gnu-tools-for-stm32.12.3.rel1.win32_1.1.0.202410251130/tools/bin/../lib/gcc/arm-none-eabi/12.3.1/../../../../arm-none-eabi/lib/thumb/v7e-m+fp/hard\libm.a(libm_a-sf_fmin.o)
                0x080145ca                fminf
 .text.__fpclassifyf
                0x08014604       0x38 C:/ST/STM32CubeIDE_1.17.0/STM32CubeIDE/plugins/com.st.stm32cube.ide.mcu.externaltools.gnu-tools-for-stm32.12.3.rel1.win32_1.1.0.202410251130/tools/bin/../lib/gcc/arm-none-eabi/12.3.1/../../../../arm-none-eabi/lib/thumb/v7e-m+fp/hard\libm.a(libm_a-sf_fpclassify.o)
                0x08014604                __fpclassifyf
 .text.__ieee754_sqrt