Archive member included to satisfy reference by file (symbol)

C:/ST/STM32CubeIDE_1.17.0/STM32CubeIDE/plugins/com.st.stm32cube.ide.mcu.externaltools.gnu-tools-for-stm32.12.3.rel1.win32_1.1.0.202410251130/tools/bin/../lib/gcc/arm-none-eabi/12.3.1/../../../../arm-none-eabi/lib/thumb/v7e-m+fp/hard\libc_nano.a(libc_a-calloc.o)
                              ./CANopenNode/CANopen.o (calloc)
C:/ST/STM32CubeIDE_1.17.0/STM32CubeIDE/plugins/com.st.stm32cube.ide.mcu.externaltools.gnu-tools-for-stm32.12.3.rel1.win32_1.1.0.202410251130/tools/bin/../lib/gcc/arm-none-eabi/12.3.1/../../../../arm-none-eabi/lib/thumb/v7e-m+fp/hard\libc_nano.a(libc_a-callocr.o)
                              C:/ST/STM32CubeIDE_1.17.0/STM32CubeIDE/plugins/com.st.stm32cube.ide.mcu.externaltools.gnu-tools-for-stm32.12.3.rel1.win32_1.1.0.202410251130/tools/bin/../lib/gcc/arm-none-eabi/12.3.1/../../../../arm-none-eabi/lib/thumb/v7e-m+fp/hard\libc_nano.a(libc_a-calloc.o) (_calloc_r)
C:/ST/STM32CubeIDE_1.17.0/STM32CubeIDE/plugins/com.st.stm32cube.ide.mcu.externaltools.gnu-tools-for-stm32.12.3.rel1.win32_1.1.0.202410251130/tools/bin/../lib/gcc/arm-none-eabi/12.3.1/../../../../arm-none-eabi/lib/thumb/v7e-m+fp/hard\libc_nano.a(libc_a-exit.o)
                              C:/ST/STM32CubeIDE_1.17.0/STM32CubeIDE/plugins/com.st.stm32cube.ide.mcu.externaltools.gnu-tools-for-stm32.12.3.rel1.win32_1.1.0.202410251130/tools/bin/../lib/gcc/arm-none-eabi/12.3.1/../../../../arm-none-eabi/lib/thumb/v7e-m+fp/hard/crt0.o (exit)
C:/ST/STM32CubeIDE_1.17.0/STM32CubeIDE/plugins/com.st.stm32cube.ide.mcu.externaltools.gnu-tools-for-stm32.12.3.rel1.win32_1.1.0.202410251130/tools/bin/../lib/gcc/arm-none-eabi/12.3.1/../../../../arm-none-eabi/lib/thumb/v7e-m+fp/hard\libc_nano.a(libc_a-malloc.o)
                              ./CANopenNode/CANopen.o (free)
C:/ST/STM32CubeIDE_1.17.0/STM32CubeIDE/plugins/com.st.stm32cube.ide.mcu.externaltools.gnu-tools-for-stm32.12.3.rel1.win32_1.1.0.202410251130/tools/bin/../lib/gcc/arm-none-eabi/12.3.1/../../../../arm-none-eabi/lib/thumb/v7e-m+fp/hard\libc_nano.a(libc_a-mallocr.o)
                              C:/ST/STM32CubeIDE_1.17.0/STM32CubeIDE/plugins/com.st.stm32cube.ide.mcu.externaltools.gnu-tools-for-stm32.12.3.rel1.win32_1.1.0.202410251130/tools/bin/../lib/gcc/arm-none-eabi/12.3.1/../../../../arm-none-eabi/lib/thumb/v7e-m+fp/hard\libc_nano.a(libc_a-callocr.o) (_malloc_r)
C:/ST/STM32CubeIDE_1.17.0/STM32CubeIDE/plugins/com.st.stm32cube.ide.mcu.externaltools.gnu-tools-for-stm32.12.3.rel1.win32_1.1.0.202410251130/tools/bin/../lib/gcc/arm-none-eabi/12.3.1/../../../../arm-none-eabi/lib/thumb/v7e-m+fp/hard\libc_nano.a(libc_a-mlock.o)
                              C:/ST/STM32CubeIDE_1.17.0/STM32CubeIDE/plugins/com.st.stm32cube.ide.mcu.externaltools.gnu-tools-for-stm32.12.3.rel1.win32_1.1.0.202410251130/tools/bin/../lib/gcc/arm-none-eabi/12.3.1/../../../../arm-none-eabi/lib/thumb/v7e-m+fp/hard\libc_nano.a(libc_a-mallocr.o) (__malloc_lock)
C:/ST/STM32CubeIDE_1.17.0/STM32CubeIDE/plugins/com.st.stm32cube.ide.mcu.externaltools.gnu-tools-for-stm32.12.3.rel1.win32_1.1.0.202410251130/tools/bin/../lib/gcc/arm-none-eabi/12.3.1/../../../../arm-none-eabi/lib/thumb/v7e-m+fp/hard\libc_nano.a(libc_a-nano-vfprintf_float.o)
                              (_printf_float)
C:/ST/STM32CubeIDE_1.17.0/STM32CubeIDE/plugins/com.st.stm32cube.ide.mcu.externaltools.gnu-tools-for-stm32.12.3.rel1.win32_1.1.0.202410251130/tools/bin/../lib/gcc/arm-none-eabi/12.3.1/../../../../arm-none-eabi/lib/thumb/v7e-m+fp/hard\libc_nano.a(libc_a-nano-vfprintf_i.o)
                              C:/ST/STM32CubeIDE_1.17.0/STM32CubeIDE/plugins/com.st.stm32cube.ide.mcu.externaltools.gnu-tools-for-stm32.12.3.rel1.win32_1.1.0.202410251130/tools/bin/../lib/gcc/arm-none-eabi/12.3.1/../../../../arm-none-eabi/lib/thumb/v7e-m+fp/hard\libc_nano.a(libc_a-nano-vfprintf_float.o) (_printf_common)
C:/ST/STM32CubeIDE_1.17.0/STM32CubeIDE/plugins/com.st.stm32cube.ide.mcu.externaltools.gnu-tools-for-stm32.12.3.rel1.win32_1.1.0.202410251130/tools/bin/../lib/gcc/arm-none-eabi/12.3.1/../../../../arm-none-eabi/lib/thumb/v7e-m+fp/hard\libc_nano.a(libc_a-fflush.o)
                              ./CANopenNode_STM32/CO_app_STM32.o (fflush)
C:/ST/STM32CubeIDE_1.17.0/STM32CubeIDE/plugins/com.st.stm32cube.ide.mcu.externaltools.gnu-tools-for-stm32.12.3.rel1.win32_1.1.0.202410251130/tools/bin/../lib/gcc/arm-none-eabi/12.3.1/../../../../arm-none-eabi/lib/thumb/v7e-m+fp/hard\libc_nano.a(libc_a-findfp.o)
                              C:/ST/STM32CubeIDE_1.17.0/STM32CubeIDE/plugins/com.st.stm32cube.ide.mcu.externaltools.gnu-tools-for-stm32.12.3.rel1.win32_1.1.0.202410251130/tools/bin/../lib/gcc/arm-none-eabi/12.3.1/../../../../arm-none-eabi/lib/thumb/v7e-m+fp/hard\libc_nano.a(libc_a-fflush.o) (__sglue)
[...]
Memory Configuration

Name             Origin             Length             Attributes
RAM              0x20000000         0x00020000         xrw
FLASH            0x08000000         0x00080000         xr
*default*        0x00000000         0xffffffff

Linker script and memory map

LOAD C:/ST/STM32CubeIDE_1.17.0/STM32CubeIDE/plugins/com.st.stm32cube.ide.mcu.externaltools.gnu-tools-for-stm32.12.3.rel1.win32_1.1.0.202410251130/tools/bin/../lib/gcc/arm-none-eabi/12.3.1/thumb/v7e-m+fp/hard/crti.o
LOAD C:/ST/STM32CubeIDE_1.17.0/STM32CubeIDE/plugins/com.st.stm32cube.ide.mcu.externaltools.gnu-tools-for-stm32.12.3.rel1.win32_1.1.0.202410251130/tools/bin/../lib/gcc/arm-none-eabi/12.3.1/thumb/v7e-m+fp/hard/crtbegin.o
LOAD C:/ST/STM32CubeIDE_1.17.0/STM32CubeIDE/plugins/com.st.stm32cube.ide.mcu.externaltools.gnu-tools-for-stm32.12.3.rel1.win32_1.1.0.202410251130/tools/bin/../lib/gcc/arm-none-eabi/12.3.1/../../../../arm-none-eabi/lib/thumb/v7e-m+fp/hard/crt0.o
LOAD ./CANopenNode/301/CO_Emergency.o
LOAD ./CANopenNode/301/CO_HBconsumer.o
LOAD ./CANopenNode/301/CO_NMT_Heartbeat.o
LOAD ./CANopenNode/301/CO_ODinterface.o
LOAD ./CANopenNode/301/CO_PDO.o
LOAD ./CANopenNode/301/CO_SDOclient.o
LOAD ./CANopenNode/301/CO_SDOserver.o
LOAD ./CANopenNode/301/CO_SYNC.o
LOAD ./CANopenNode/301/CO_TIME.o
LOAD ./CANopenNode/301/CO_fifo.o
LOAD ./CANopenNode/301/crc16-ccitt.o
LOAD ./CANopenNode/303/CO_LEDs.o
LOAD ./CANopenNode/304/CO_GFC.o
LOAD ./CANopenNode/304/CO_SRDO.o
LOAD ./CANopenNode/305/CO_LSSmaster.o
LOAD ./CANopenNode/305/CO_LSSslave.o
LOAD ./CANopenNode/309/CO_gateway_ascii.o
LOAD ./CANopenNode/CANopen.o
LOAD ./CANopenNode/extra/CO_trace.o
LOAD ./CANopenNode/storage/CO_storage.o
LOAD ./CANopenNode/storage/CO_storageEeprom.o
LOAD ./CANopenNode_STM32/CO_app_STM32.o
LOAD ./CANopenNode_STM32/CO_driver_STM32.o
LOAD ./CANopenNode_STM32/CO_storageBlank.o
LOAD ./CANopenNode_STM32/OD.o
LOAD ./Core/Src/main.o
LOAD ./Core/Src/stm32f4xx_hal_msp.o
LOAD ./Core/Src/stm32f4xx_it.o
LOAD ./Core/Src/syscalls.o
LOAD ./Core/Src/sysmem.o
LOAD ./Core/Src/system_stm32f4xx.o
LOAD ./Core/Startup/startup_stm32f446retx.o
LOAD ./Drivers/STM32F4xx_HAL_Driver/Src/stm32f4xx_hal.o
LOAD ./Drivers/STM32F4xx_HAL_Driver/Src/stm32f4xx_hal_adc.o
LOAD ./Drivers/STM32F4xx_HAL_Driver/Src/stm32f4xx_hal_adc_ex.o
LOAD ./Drivers/STM32F4xx_HAL_Driver/Src/stm32f4xx_hal_can.o
LOAD ./Drivers/STM32F4xx_HAL_Driver/Src/stm32f4xx_hal_cortex.o
LOAD ./Drivers/STM32F4xx_HAL_Driver/Src/stm32f4xx_hal_dma.o
LOAD ./Drivers/STM32F4xx_HAL_Driver/Src/stm32f4xx_hal_dma_ex.o
LOAD ./Drivers/STM32F4xx_HAL_Driver/Src/stm32f4xx_hal_exti.o
LOAD ./Drivers/STM32F4xx_HAL_Driver/Src/stm32f4xx_hal_flash.o
LOAD ./Drivers/STM32F4xx_HAL_Driver/Src/stm32f4xx_hal_flash_ex.o
LOAD ./Drivers/STM32F4xx_HAL_Driver/Src/stm32f4xx_hal_flash_ramfunc.o
LOAD ./Drivers/STM32F4xx_HAL_Driver/Src/stm32f4xx_hal_gpio.o
LOAD ./Drivers/STM32F4xx_HAL_Driver/Src/stm32f4xx_hal_pwr.o
LOAD ./Drivers/STM32F4xx_HAL_Driver/Src/stm32f4xx_hal_pwr_ex.o
LOAD ./Drivers/STM32F4xx_HAL_Driver/Src/stm32f4xx_hal_rcc.o
LOAD ./Drivers/STM32F4xx_HAL_Driver/Src/stm32f4xx_hal_rcc_ex.o
LOAD ./Drivers/STM32F4xx_HAL_Driver/Src/stm32f4xx_hal_spi.o
LOAD ./Drivers/STM32F4xx_HAL_Driver/Src/stm32f4xx_hal_tim.o
LOAD ./Drivers/STM32F4xx_HAL_Driver/Src/stm32f4xx_hal_tim_ex.o
LOAD ./Drivers/STM32F4xx_HAL_Driver/Src/stm32f4xx_hal_uart.o
LOAD ./Drivers/STM32F4xx_HAL_Driver/Src/stm32f4xx_ll_adc.o
START GROUP
LOAD C:/ST/STM32CubeIDE_1.17.0/STM32CubeIDE/plugins/com.st.stm32cube.ide.mcu.externaltools.gnu-tools-for-stm32.12.3.rel1.win32_1.1.0.202410251130/tools/bin/../lib/gcc/arm-none-eabi/12.3.1/../../../../arm-none-eabi/lib/thumb/v7e-m+fp/hard\libc_nano.a
LOAD C:/ST/STM32CubeIDE_1.17.0/STM32CubeIDE/plugins/com.st.stm32cube.ide.mcu.externaltools.gnu-tools-for-stm32.12.3.rel1.win32_1.1.0.202410251130/tools/bin/../lib/gcc/arm-none-eabi/12.3.1/../../../../arm-none-eabi/lib/thumb/v7e-m+fp/hard\libm.a
END GROUP
START GROUP
LOAD C:/ST/STM32CubeIDE_1.17.0/STM32CubeIDE/plugins/com.st.stm32cube.ide.mcu.externaltools.gnu-tools-for-stm32.12.3.rel1.win32_1.1.0.202410251130/tools/bin/../lib/gcc/arm-none-eabi/12.3.1/thumb/v7e-m+fp/hard\libgcc.a
LOAD C:/ST/STM32CubeIDE_1.17.0/STM32CubeIDE/plugins/com.st.stm32cube.ide.mcu.externaltools.gnu-tools-for-stm32.12.3.rel1.win32_1.1.0.202410251130/tools/bin/../lib/gcc/arm-none-eabi/12.3.1/../../../../arm-none-eabi/lib/thumb/v7e-m+fp/hard\libc_nano.a
END GROUP
START GROUP
LOAD C:/ST/STM32CubeIDE_1.17.0/STM32CubeIDE/plugins/com.st.stm32cube.ide.mcu.externaltools.gnu-tools-for-stm32.12.3.rel1.win32_1.1.0.202410251130/tools/bin/../lib/gcc/arm-none-eabi/12.3.1/thumb/v7e-m+fp/hard\libgcc.a
LOAD C:/ST/STM32CubeIDE_1.17.0/STM32CubeIDE/plugins/com.st.stm32cube.ide.mcu.externaltools.gnu-tools-for-stm32.12.3.rel1.win32_1.1.0.202410251130/tools/bin/../lib/gcc/arm-none-eabi/12.3.1/../../../../arm-none-eabi/lib/thumb/v7e-m+fp/hard\libc_nano.a
LOAD C:/ST/STM32CubeIDE_1.17.0/STM32CubeIDE/plugins/com.st.stm32cube.ide.mcu.externaltools.gnu-tools-for-stm32.12.3.rel1.win32_1.1.0.202410251130/tools/bin/../lib/gcc/arm-none-eabi/12.3.1/../../../../arm-none-eabi/lib/thumb/v7e-m+fp/hard\libnosys.a
END GROUP
START GROUP
LOAD C:/ST/STM32CubeIDE_1.17.0/STM32CubeIDE/plugins/com.st.stm32cube.ide.mcu.externaltools.gnu-tools-for-stm32.12.3.rel1.win32_1.1.0.202410251130/tools/bin/../lib/gcc/arm-none-eabi/12.3.1/thumb/v7e-m+fp/hard\libgcc.a
LOAD C:/ST/STM32CubeIDE_1.17.0/STM32CubeIDE/plugins/com.st.stm32cube.ide.mcu.externaltools.gnu-tools-for-stm32.12.3.rel1.win32_1.1.0.202410251130/tools/bin/../lib/gcc/arm-none-eabi/12.3.1/../../../../arm-none-eabi/lib/thumb/v7e-m+fp/hard\libc_nano.a
LOAD C:/ST/STM32CubeIDE_1.17.0/STM32CubeIDE/plugins/com.st.stm32cube.ide.mcu.externaltools.gnu-tools-for-stm32.12.3.rel1.win32_1.1.0.202410251130/tools/bin/../lib/gcc/arm-none-eabi/12.3.1/../../../../arm-none-eabi/lib/thumb/v7e-m+fp/hard\libnosys.a
END GROUP
LOAD C:/ST/STM32CubeIDE_1.17.0/STM32CubeIDE/plugins/com.st.stm32cube.ide.mcu.externaltools.gnu-tools-for-stm32.12.3.rel1.win32_1.1.0.202410251130/tools/bin/../lib/gcc/arm-none-eabi/12.3.1/thumb/v7e-m+fp/hard/crtend.o
LOAD C:/ST/STM32CubeIDE_1.17.0/STM32CubeIDE/plugins/com.st.stm32cube.ide.mcu.externaltools.gnu-tools-for-stm32.12.3.rel1.win32_1.1.0.202410251130/tools/bin/../lib/gcc/arm-none-eabi/12.3.1/thumb/v7e-m+fp/hard/crtn.o
                0x20020000                        _estack = (ORIGIN (RAM) + LENGTH (RAM))
                0x00000200                        _Min_Heap_Size = 0x200
                0x00000400                        _Min_Stack_Size = 0x400

.isr_vector     0x08000000      0x1c4
                0x08000000                        . = ALIGN (0x4)
 *(.isr_vector)
 .isr_vector    0x08000000      0x1c4 ./Core/Startup/startup_stm32f446retx.o
                0x08000000                g_pfnVectors
                0x080001c4                        . = ALIGN (0x4)

.text           0x080001d0    0x155d0
                0x080001d0                        . = ALIGN (0x4)
 *(.text)
 .text          0x080001d0       0x40 C:/ST/STM32CubeIDE_1.17.0/STM32CubeIDE/plugins/com.st.stm32cube.ide.mcu.externaltools.gnu-tools-for-stm32.12.3.rel1.win32_1.1.0.202410251130/tools/bin/../lib/gcc/arm-none-eabi/12.3.1/thumb/v7e-m+fp/hard/crtbegin.o
 .text          0x08000210       0xa0 C:/ST/STM32CubeIDE_1.17.0/STM32CubeIDE/plugins/com.st.stm32cube.ide.mcu.externaltools.gnu-tools-for-stm32.12.3.rel1.win32_1.1.0.202410251130/tools/bin/../lib/gcc/arm-none-eabi/12.3.1/../../../../arm-none-eabi/lib/thumb/v7e-m+fp/hard\libc_nano.a(libc_a-memchr.o)
                0x08000210                memchr
 .text          0x080002b0       0x10 C:/ST/STM32CubeIDE_1.17.0/STM32CubeIDE/plugins/com.st.stm32cube.ide.mcu.externaltools.gnu-tools-for-stm32.12.3.rel1.win32_1.1.0.202410251130/tools/bin/../lib/gcc/arm-none-eabi/12.3.1/../../../../arm-none-eabi/lib/thumb/v7e-m+fp/hard\libc_nano.a(libc_a-strlen.o)
                0x080002b0                strlen
 .text          0x080002c0      0x378 C:/ST/STM32CubeIDE_1.17.0/STM32CubeIDE/plugins/com.st.stm32cube.ide.mcu.externaltools.gnu-tools-for-stm32.12.3.rel1.win32_1.1.0.202410251130/tools/bin/../lib/gcc/arm-none-eabi/12.3.1/thumb/v7e-m+fp/hard\libgcc.a(_arm_addsubdf3.o)
                0x080002c0                __aeabi_drsub
                0x080002c8                __aeabi_dsub
                0x080002c8                __subdf3
                0x080002cc                __aeabi_dadd
                0x080002cc                __adddf3
                0x08000544                __floatunsidf
                0x08000544                __aeabi_ui2d
                0x08000564                __floatsidf
                0x08000564                __aeabi_i2d
                0x08000588                __aeabi_f2d
                0x08000588                __extendsfdf2
                0x080005cc                __floatundidf
                0x080005cc                __aeabi_ul2d
                0x080005dc                __floatdidf
                0x080005dc                __aeabi_l2d
 .text          0x08000638      0x424 C:/ST/STM32CubeIDE_1.17.0/STM32CubeIDE/plugins/com.st.stm32cube.ide.mcu.externaltools.gnu-tools-for-stm32.12.3.rel1.win32_1.1.0.202410251130/tools/bin/../lib/gcc/arm-none-eabi/12.3.1/thumb/v7e-m+fp/hard\libgcc.a(_arm_muldivdf3.o)
                0x08000638                __aeabi_dmul
                0x08000638                __muldf3
                0x0800088c                __divdf3
                0x0800088c                __aeabi_ddiv
 .text          0x08000a5c      0x110 C:/ST/STM32CubeIDE_1.17.0/STM32CubeIDE/plugins/com.st.stm32cube.ide.mcu.externaltools.gnu-tools-for-stm32.12.3.rel1.win32_1.1.0.202410251130/tools/bin/../lib/gcc/arm-none-eabi/12.3.1/thumb/v7e-m+fp/hard\libgcc.a(_arm_cmpdf2.o)
                0x08000a5c                __gtdf2
                0x08000a5c                __gedf2
                0x08000a64                __ltdf2
                0x08000a64                __ledf2
                0x08000a6c                __nedf2
                0x08000a6c                __eqdf2
                0x08000a6c                __cmpdf2
                0x08000ae8                __aeabi_cdrcmple
                0x08000af8                __aeabi_cdcmpeq
                0x08000af8                __aeabi_cdcmple
                0x08000b08                __aeabi_dcmpeq
                0x08000b1c                __aeabi_dcmplt
                0x08000b30                __aeabi_dcmple
                0x08000b44                __aeabi_dcmpge
                0x08000b58                __aeabi_dcmpgt
 .text          0x08000b6c       0x2c C:/ST/STM32CubeIDE_1.17.0/STM32CubeIDE/plugins/com.st.stm32cube.ide.mcu.externaltools.gnu-tools-for-stm32.12.3.rel1.win32_1.1.0.202410251130/tools/bin/../lib/gcc/arm-none-eabi/12.3.1/thumb/v7e-m+fp/hard\libgcc.a(_arm_unorddf2.o)
                0x08000b6c                __unorddf2
                0x08000b6c                __aeabi_dcmpun
 .text          0x08000b98       0x50 C:/ST/STM32CubeIDE_1.17.0/STM32CubeIDE/plugins/com.st.stm32cube.ide.mcu.externaltools.gnu-tools-for-stm32.12.3.rel1.win32_1.1.0.202410251130/tools/bin/../lib/gcc/arm-none-eabi/12.3.1/thumb/v7e-m+fp/hard\libgcc.a(_arm_fixdfsi.o)
                0x08000b98                __aeabi_d2iz
                0x08000b98                __fixdfsi
 .text          0x08000be8       0x40 C:/ST/STM32CubeIDE_1.17.0/STM32CubeIDE/plugins/com.st.stm32cube.ide.mcu.externaltools.gnu-tools-for-stm32.12.3.rel1.win32_1.1.0.202410251130/tools/bin/../lib/gcc/arm-none-eabi/12.3.1/thumb/v7e-m+fp/hard\libgcc.a(_arm_fixunsdfsi.o)
                0x08000be8                __aeabi_d2uiz
                0x08000be8                __fixunsdfsi
 .text          0x08000c28       0xa0 C:/ST/STM32CubeIDE_1.17.0/STM32CubeIDE/plugins/com.st.stm32cube.ide.mcu.externaltools.gnu-tools-for-stm32.12.3.rel1.win32_1.1.0.202410251130/tools/bin/../lib/gcc/arm-none-eabi/12.3.1/thumb/v7e-m+fp/hard\libgcc.a(_arm_truncdfsf2.o)
                0x08000c28                __truncdfsf2
                0x08000c28                __aeabi_d2f
 .text          0x08000cc8       0x30 C:/ST/STM32CubeIDE_1.17.0/STM32CubeIDE/plugins/com.st.stm32cube.ide.mcu.externaltools.gnu-tools-for-stm32.12.3.rel1.win32_1.1.0.202410251130/tools/bin/../lib/gcc/arm-none-eabi/12.3.1/thumb/v7e-m+fp/hard\libgcc.a(_aeabi_uldivmod.o)
                0x08000cc8                __aeabi_uldivmod
 .text          0x08000cf8      0x2bc C:/ST/STM32CubeIDE_1.17.0/STM32CubeIDE/plugins/com.st.stm32cube.ide.mcu.externaltools.gnu-tools-for-stm32.12.3.rel1.win32_1.1.0.202410251130/tools/bin/../lib/gcc/arm-none-eabi/12.3.1/thumb/v7e-m+fp/hard\libgcc.a(_udivmoddi4.o)
                0x08000cf8                __udivmoddi4
 .text          0x08000fb4        0x4 C:/ST/STM32CubeIDE_1.17.0/STM32CubeIDE/plugins/com.st.stm32cube.ide.mcu.externaltools.gnu-tools-for-stm32.12.3.rel1.win32_1.1.0.202410251130/tools/bin/../lib/gcc/arm-none-eabi/12.3.1/thumb/v7e-m+fp/hard\libgcc.a(_dvmd_tls.o)
                0x08000fb4                __aeabi_idiv0
                0x08000fb4                __aeabi_ldiv0
 *(.text*)
 .text.CO_getUint8
                0x08000fb8       0x1c ./CANopenNode/301/CO_Emergency.o
 .text.CO_setUint8
                0x08000fd4       0x20 ./CANopenNode/301/CO_Emergency.o
 .text.CO_setUint32
                0x08000ff4       0x1e ./CANopenNode/301/CO_Emergency.o
 .text.OD_getIndex
                0x08001012       0x22 ./CANopenNode/301/CO_Emergency.o
 .text.OD_extension_init
                0x08001034       0x28 ./CANopenNode/301/CO_Emergency.o
 .text.OD_get_u32
                0x0800105c       0x2a ./CANopenNode/301/CO_Emergency.o
 .text.OD_read_1014_default
                0x08001086       0x72 ./CANopenNode/301/CO_Emergency.o
 .text.OD_read_1003
                0x080010f8       0xda ./CANopenNode/301/CO_Emergency.o
 .text.OD_write_1003
                0x080011d2       0x60 ./CANopenNode/301/CO_Emergency.o
 *fill*         0x08001232        0x2 
 .text.CO_EM_init
                0x08001234      0x1c0 ./CANopenNode/301/CO_Emergency.o
                0x08001234                CO_EM_init
 .text.CO_EM_process
                0x080013f4      0x294 ./CANopenNode/301/CO_Emergency.o
                0x080013f4                CO_EM_process
 .text.CO_error
                0x08001688      0x17a ./CANopenNode/301/CO_Emergency.o
                0x08001688                CO_error
 .text.CO_getUint32
                0x08001802       0x1c ./CANopenNode/301/CO_HBconsumer.o
 .text.OD_getIndex
                0x0800181e       0x22 ./CANopenNode/301/CO_HBconsumer.o
 .text.OD_extension_init
                0x08001840       0x28 ./CANopenNode/301/CO_HBconsumer.o
 .text.OD_get_u32
                0x08001868       0x2a ./CANopenNode/301/CO_HBconsumer.o
 .text.CO_HBcons_receive
                0x08001892       0x3c ./CANopenNode/301/CO_HBconsumer.o
 .text.OD_write_1016
                0x080018ce       0x8e ./CANopenNode/301/CO_HBconsumer.o
 .text.CO_HBconsumer_init
                0x0800195c      0x158 ./CANopenNode/301/CO_HBconsumer.o
                0x0800195c                CO_HBconsumer_init
 .text.CO_HBconsumer_initEntry
                0x08001ab4      0x130 ./CANopenNode/301/CO_HBconsumer.o
 .text.CO_HBconsumer_process
                0x08001be4      0x1aa ./CANopenNode/301/CO_HBconsumer.o
                0x08001be4                CO_HBconsumer_process
 .text.CO_getUint16
                0x08001d8e       0x1e ./CANopenNode/301/CO_NMT_Heartbeat.o
 .text.OD_getIndex
                0x08001dac       0x22 ./CANopenNode/301/CO_NMT_Heartbeat.o
 .text.OD_extension_init
                0x08001dce       0x28 ./CANopenNode/301/CO_NMT_Heartbeat.o
 .text.OD_get_u16
                0x08001df6       0x2a ./CANopenNode/301/CO_NMT_Heartbeat.o
 .text.CO_isError
                0x08001e20       0x4e ./CANopenNode/301/CO_NMT_Heartbeat.o
 .text.CO_getErrorRegister
                0x08001e6e       0x2c ./CANopenNode/301/CO_NMT_Heartbeat.o
 .text.CO_NMT_receive
                0x08001e9a       0x4e ./CANopenNode/301/CO_NMT_Heartbeat.o
 .text.OD_write_1017
                0x08001ee8       0x6a ./CANopenNode/301/CO_NMT_Heartbeat.o
 *fill*         0x08001f52        0x2 
 .text.CO_NMT_init
                0x08001f54      0x17c ./CANopenNode/301/CO_NMT_Heartbeat.o
                0x08001f54                CO_NMT_init
 .text.CO_NMT_process
                0x080020d0      0x1dc ./CANopenNode/301/CO_NMT_Heartbeat.o
                0x080020d0                CO_NMT_process
 .text.OD_readOriginal
                0x080022ac       0xb0 ./CANopenNode/301/CO_ODinterface.o
                0x080022ac                OD_readOriginal
 .text.OD_writeOriginal
                0x0800235c       0xbc ./CANopenNode/301/CO_ODinterface.o
                0x0800235c                OD_writeOriginal
 .text.OD_readDisabled
                0x08002418       0x1c ./CANopenNode/301/CO_ODinterface.o
 .text.OD_writeDisabled
                0x08002434       0x1c ./CANopenNode/301/CO_ODinterface.o
 .text.OD_find  0x08002450       0xb8 ./CANopenNode/301/CO_ODinterface.o
                0x08002450                OD_find
 .text.OD_getSub
                0x08002508      0x1e4 ./CANopenNode/301/CO_ODinterface.o
                0x08002508                OD_getSub
 .text.OD_getSDOabCode
                0x080026ec       0x3c ./CANopenNode/301/CO_ODinterface.o
                0x080026ec                OD_getSDOabCode
 .text.OD_get_value
                0x08002728       0x6c ./CANopenNode/301/CO_ODinterface.o
                0x08002728                OD_get_value
 .text.OD_set_value
                0x08002794       0x62 ./CANopenNode/301/CO_ODinterface.o
                0x08002794                OD_set_value
 .text.OD_getPtr
                0x080027f6       0x86 ./CANopenNode/301/CO_ODinterface.o
                0x080027f6                OD_getPtr
 .text.CO_getUint8
                0x0800287c       0x1c ./CANopenNode/301/CO_PDO.o
 .text.CO_getUint16
                0x08002898       0x1e ./CANopenNode/301/CO_PDO.o
 .text.CO_getUint32
                0x080028b6       0x1c ./CANopenNode/301/CO_PDO.o
 .text.CO_setUint32
                0x080028d2       0x1e ./CANopenNode/301/CO_PDO.o
 .text.OD_getIndex
                0x080028f0       0x22 ./CANopenNode/301/CO_PDO.o
 .text.OD_extension_init
                0x08002912       0x28 ./CANopenNode/301/CO_PDO.o
 .text.OD_get_u8
                0x0800293a       0x2a ./CANopenNode/301/CO_PDO.o
 .text.OD_get_u16
                0x08002964       0x2a ./CANopenNode/301/CO_PDO.o
 .text.OD_get_u32
                0x0800298e       0x2a ./CANopenNode/301/CO_PDO.o
 .text.OD_write_dummy
                0x080029b8       0x28 ./CANopenNode/301/CO_PDO.o
 .text.OD_read_dummy
                0x080029e0       0x4e ./CANopenNode/301/CO_PDO.o
 *fill*         0x08002a2e        0x2 
 .text.PDOconfigMap
                0x08002a30      0x180 ./CANopenNode/301/CO_PDO.o
 .text.PDO_initMapping
                0x08002bb0      0x15a ./CANopenNode/301/CO_PDO.o
 .text.OD_write_PDO_mapping
                0x08002d0a      0x142 ./CANopenNode/301/CO_PDO.o
 .text.OD_read_PDO_commParam
                0x08002e4c       0x9c ./CANopenNode/301/CO_PDO.o
 .text.CO_PDO_receive
                0x08002ee8       0xbc ./CANopenNode/301/CO_PDO.o
 .text.OD_write_14xx
                0x08002fa4      0x23c ./CANopenNode/301/CO_PDO.o
 .text.CO_RPDO_init
                0x080031e0      0x28c ./CANopenNode/301/CO_PDO.o
                0x080031e0                CO_RPDO_init
 .text.CO_RPDO_process
                0x0800346c      0x266 ./CANopenNode/301/CO_PDO.o
                0x0800346c                CO_RPDO_process
 *fill*         0x080036d2        0x2 
 .text.OD_write_18xx
                0x080036d4      0x2a4 ./CANopenNode/301/CO_PDO.o
 .text.CO_TPDO_init
                0x08003978      0x2f4 ./CANopenNode/301/CO_PDO.o
                0x08003978                CO_TPDO_init
 .text.CO_TPDOsend
                0x08003c6c      0x148 ./CANopenNode/301/CO_PDO.o
 .text.CO_TPDO_process
                0x08003db4      0x204 ./CANopenNode/301/CO_PDO.o
                0x08003db4                CO_TPDO_process
 .text.CO_getUint8
                0x08003fb8       0x1c ./CANopenNode/301/CO_SDOserver.o
 .text.CO_getUint32
                0x08003fd4       0x1c ./CANopenNode/301/CO_SDOserver.o
 .text.OD_getIndex
                0x08003ff0       0x22 ./CANopenNode/301/CO_SDOserver.o
 .text.OD_mappable
                0x08004012       0x2c ./CANopenNode/301/CO_SDOserver.o
 .text.OD_extension_init
                0x0800403e       0x28 ./CANopenNode/301/CO_SDOserver.o
 .text.OD_get_u8
                0x08004066       0x2a ./CANopenNode/301/CO_SDOserver.o
 .text.OD_get_u32
                0x08004090       0x2a ./CANopenNode/301/CO_SDOserver.o
 .text.OD_set_u32
                0x080040ba       0x2a ./CANopenNode/301/CO_SDOserver.o
 .text.CO_SDO_receive
                0x080040e4       0x54 ./CANopenNode/301/CO_SDOserver.o
 .text.CO_SDOserver_init_canRxTx
                0x08004138       0xd8 ./CANopenNode/301/CO_SDOserver.o
 .text.OD_write_1201_additional
                0x08004210      0x224 ./CANopenNode/301/CO_SDOserver.o
 .text.CO_SDOserver_init
                0x08004434      0x228 ./CANopenNode/301/CO_SDOserver.o
                0x08004434                CO_SDOserver_init
 .text.validateAndWriteToOD
                0x0800465c      0x22c ./CANopenNode/301/CO_SDOserver.o
 .text.readFromOd
                0x08004888      0x198 ./CANopenNode/301/CO_SDOserver.o
 .text.CO_SDOserver_process
                0x08004a20      0xa20 ./CANopenNode/301/CO_SDOserver.o
                0x08004a20                CO_SDOserver_process
 .text.CO_getUint8
                0x08005440       0x1c ./CANopenNode/301/CO_SYNC.o
 .text.CO_getUint32
                0x0800545c       0x1c ./CANopenNode/301/CO_SYNC.o
 .text.OD_getIndex
                0x08005478       0x22 ./CANopenNode/301/CO_SYNC.o
 .text.OD_extension_init
                0x0800549a       0x28 ./CANopenNode/301/CO_SYNC.o
 .text.OD_get_u8
                0x080054c2       0x2a ./CANopenNode/301/CO_SYNC.o
 .text.OD_get_u32
                0x080054ec       0x2a ./CANopenNode/301/CO_SYNC.o
 .text.CO_SYNCsend
                0x08005516       0x64 ./CANopenNode/301/CO_SYNC.o
 .text.CO_SYNC_receive
                0x0800557a       0x8c ./CANopenNode/301/CO_SYNC.o
 *fill*         0x08005606        0x2 
 .text.OD_write_1005
                0x08005608      0x18c ./CANopenNode/301/CO_SYNC.o
 .text.OD_write_1019
                0x08005794       0xbe ./CANopenNode/301/CO_SYNC.o
 *fill*         0x08005852        0x2 
 .text.CO_SYNC_init
                0x08005854      0x250 ./CANopenNode/301/CO_SYNC.o
                0x08005854                CO_SYNC_init
 .text.CO_SYNC_process
                0x08005aa4      0x172 ./CANopenNode/301/CO_SYNC.o
                0x08005aa4                CO_SYNC_process
 .text.CO_getUint16
                0x08005c16       0x1e ./CANopenNode/301/CO_TIME.o
 .text.CO_getUint32
                0x08005c34       0x1c ./CANopenNode/301/CO_TIME.o
 .text.OD_getIndex
                0x08005c50       0x22 ./CANopenNode/301/CO_TIME.o
 .text.OD_extension_init
                0x08005c72       0x28 ./CANopenNode/301/CO_TIME.o
 .text.OD_get_u32
                0x08005c9a       0x2a ./CANopenNode/301/CO_TIME.o
 .text.CO_TIME_receive
                0x08005cc4       0x3a ./CANopenNode/301/CO_TIME.o
 *fill*         0x08005cfe        0x2 
 .text.OD_write_1012
                0x08005d00       0xe4 ./CANopenNode/301/CO_TIME.o
 .text.CO_TIME_init
                0x08005de4      0x100 ./CANopenNode/301/CO_TIME.o
                0x08005de4                CO_TIME_init
 .text.CO_TIME_process
                0x08005ee4       0xec ./CANopenNode/301/CO_TIME.o
                0x08005ee4                CO_TIME_process
 .text.CO_LEDs_init
                0x08005fd0       0x2e ./CANopenNode/303/CO_LEDs.o
                0x08005fd0                CO_LEDs_init
 *fill*         0x08005ffe        0x2 
 .text.CO_LEDs_process
                0x08006000      0x360 ./CANopenNode/303/CO_LEDs.o
                0x08006000                CO_LEDs_process
 .text.CO_LSSslave_receive
                0x08006360      0x2c0 ./CANopenNode/305/CO_LSSslave.o
 .text.CO_LSSslave_init
                0x08006620       0xec ./CANopenNode/305/CO_LSSslave.o
                0x08006620                CO_LSSslave_init
 .text.CO_LSSslave_process
                0x0800670c      0x428 ./CANopenNode/305/CO_LSSslave.o
                0x0800670c                CO_LSSslave_process
 .text.CO_isError
                0x08006b34       0x4e ./CANopenNode/CANopen.o
 .text.CO_getErrorRegister
                0x08006b82       0x2c ./CANopenNode/CANopen.o
 .text.CO_NMT_getInternalState
                0x08006bae       0x24 ./CANopenNode/CANopen.o
 .text.CO_LSSslave_getState
                0x08006bd2       0x22 ./CANopenNode/CANopen.o
 .text.CO_new   0x08006bf4      0x24e ./CANopenNode/CANopen.o
                0x08006bf4                CO_new
 .text.CO_delete
                0x08006e42       0xbe ./CANopenNode/CANopen.o
                0x08006e42                CO_delete
 .text.CO_CANinit
                0x08006f00       0x58 ./CANopenNode/CANopen.o
                0x08006f00                CO_CANinit
 .text.CO_LSSinit
                0x08006f58       0x58 ./CANopenNode/CANopen.o
                0x08006f58                CO_LSSinit
 .text.CO_CANopenInit
                0x08006fb0      0x290 ./CANopenNode/CANopen.o
                0x08006fb0                CO_CANopenInit
 .text.CO_CANopenInitPDO
                0x08007240      0x1ac ./CANopenNode/CANopen.o
                0x08007240                CO_CANopenInitPDO
 .text.CO_process
                0x080073ec      0x1ea ./CANopenNode/CANopen.o
                0x080073ec                CO_process
 .text.CO_process_SYNC
                0x080075d6       0x80 ./CANopenNode/CANopen.o
                0x080075d6                CO_process_SYNC
 .text.CO_process_RPDO
                0x08007656       0x72 ./CANopenNode/CANopen.o
                0x08007656                CO_process_RPDO
 .text.CO_process_TPDO
                0x080076c8       0x72 ./CANopenNode/CANopen.o
                0x080076c8                CO_process_TPDO
 *fill*         0x0800773a        0x2 
 .text.canopen_app_init
                0x0800773c       0x68 ./CANopenNode_STM32/CO_app_STM32.o
                0x0800773c                canopen_app_init
 .text.canopen_app_resetCommunication
                0x080077a4      0x23c ./CANopenNode_STM32/CO_app_STM32.o
                0x080077a4                canopen_app_resetCommunication
 .text.canopen_app_process
                0x080079e0       0xd8 ./CANopenNode_STM32/CO_app_STM32.o
                0x080079e0                canopen_app_process
 .text.canopen_app_interrupt
                0x08007ab8       0x84 ./CANopenNode_STM32/CO_app_STM32.o
                0x08007ab8                canopen_app_interrupt
 .text.CO_CANsetConfigurationMode
                0x08007b3c       0x20 ./CANopenNode_STM32/CO_driver_STM32.o
                0x08007b3c                CO_CANsetConfigurationMode
 .text.CO_CANsetNormalMode
                0x08007b5c       0x30 ./CANopenNode_STM32/CO_driver_STM32.o
                0x08007b5c                CO_CANsetNormalMode
 .text.CO_CANmodule_init
                0x08007b8c      0x190 ./CANopenNode_STM32/CO_driver_STM32.o
                0x08007b8c                CO_CANmodule_init
 .text.CO_CANmodule_disable
                0x08007d1c       0x2a ./CANopenNode_STM32/CO_driver_STM32.o
                0x08007d1c                CO_CANmodule_disable
 *fill*         0x08007d46        0x2 
 .text.CO_CANrxBufferInit
                0x08007d48       0xbc ./CANopenNode_STM32/CO_driver_STM32.o
                0x08007d48                CO_CANrxBufferInit
 .text.CO_CANtxBufferInit
                0x08007e04       0x74 ./CANopenNode_STM32/CO_driver_STM32.o
                0x08007e04                CO_CANtxBufferInit
 .text.prv_send_can_message
                0x08007e78       0x80 ./CANopenNode_STM32/CO_driver_STM32.o
 .text.CO_CANsend
                0x08007ef8       0x86 ./CANopenNode_STM32/CO_driver_STM32.o
                0x08007ef8                CO_CANsend
 .text.CO_CANclearPendingSyncPDOs
                0x08007f7e       0xcc ./CANopenNode_STM32/CO_driver_STM32.o
                0x08007f7e                CO_CANclearPendingSyncPDOs
 .text.CO_CANmodule_process
                0x0800804a       0x90 ./CANopenNode_STM32/CO_driver_STM32.o
                0x0800804a                CO_CANmodule_process
 *fill*         0x080080da        0x2 
 .text.prv_read_can_received_msg
                0x080080dc       0xd8 ./CANopenNode_STM32/CO_driver_STM32.o
 .text.HAL_CAN_RxFifo0MsgPendingCallback
                0x080081b4       0x1a ./CANopenNode_STM32/CO_driver_STM32.o
                0x080081b4                HAL_CAN_RxFifo0MsgPendingCallback
 .text.HAL_CAN_RxFifo1MsgPendingCallback
                0x080081ce       0x1a ./CANopenNode_STM32/CO_driver_STM32.o
                0x080081ce                HAL_CAN_RxFifo1MsgPendingCallback
 .text.CO_CANinterrupt_TX
                0x080081e8       0xa4 ./CANopenNode_STM32/CO_driver_STM32.o
                0x080081e8                CO_CANinterrupt_TX
 .text.HAL_CAN_TxMailbox0CompleteCallback
                0x0800828c       0x20 ./CANopenNode_STM32/CO_driver_STM32.o
                0x0800828c                HAL_CAN_TxMailbox0CompleteCallback
 .text.HAL_CAN_TxMailbox1CompleteCallback
                0x080082ac       0x20 ./CANopenNode_STM32/CO_driver_STM32.o
                0x080082ac                HAL_CAN_TxMailbox1CompleteCallback
 .text.HAL_CAN_TxMailbox2CompleteCallback
                0x080082cc       0x20 ./CANopenNode_STM32/CO_driver_STM32.o
                0x080082cc                HAL_CAN_TxMailbox2CompleteCallback
 .text.OD_get_f32
                0x080082ec       0x2a ./Core/Src/main.o
 .text._micros  0x08008316       0x16 ./Core/Src/main.o
                0x08008316                _micros
 .text.Update_dt
                0x0800832c       0x74 ./Core/Src/main.o
                0x0800832c                Update_dt
 .text.delay_us
                0x080083a0       0x34 ./Core/Src/main.o
                0x080083a0                delay_us
 .text.spiCalcEvenParity
                0x080083d4       0x4a ./Core/Src/main.o
                0x080083d4                spiCalcEvenParity
 *fill*         0x0800841e        0x2 
 .text.AS5147U_ReadAngle
                0x08008420       0xac ./Core/Src/main.o
                0x08008420                AS5147U_ReadAngle
 *fill*         0x080084cc        0x4 
 .text.AS5147U_GetAngleRad
                0x080084d0       0x70 ./Core/Src/main.o
                0x080084d0                AS5147U_GetAngleRad
 .text.electricalAngle
                0x08008540       0xd4 ./Core/Src/main.o
                0x08008540                electricalAngle
 *fill*         0x08008614        0x4 
 .text.alignRotor
                0x08008618      0x104 ./Core/Src/main.o
                0x08008618                alignRotor
 *fill*         0x0800871c        0x4 
 .text.clark    0x08008720       0x64 ./Core/Src/main.o
                0x08008720                clark
 .text.park     0x08008784      0x184 ./Core/Src/main.o
                0x08008784                park
 .text.setpwm   0x08008908      0x224 ./Core/Src/main.o
                0x08008908                setpwm
 .text.update_PID
                0x08008b2c      0x394 ./Core/Src/main.o
                0x08008b2c                update_PID
 .text.position_loop
                0x08008ec0      0x248 ./Core/Src/main.o
                0x08008ec0                position_loop
 .text.Speed_Loop
                0x08009108      0x320 ./Core/Src/main.o
                0x08009108                Speed_Loop
 .text.Current_Loop
                0x08009428      0x564 ./Core/Src/main.o
                0x08009428                Current_Loop
 .text.main     0x0800998c      0x208 ./Core/Src/main.o
                0x0800998c                main
 .text.SystemClock_Config
                0x08009b94       0xe8 ./Core/Src/main.o
                0x08009b94                SystemClock_Config
 .text.MX_ADC1_Init
                0x08009c7c      0x10c ./Core/Src/main.o
 .text.MX_ADC2_Init
                0x08009d88       0xa4 ./Core/Src/main.o
 .text.MX_CAN1_Init
                0x08009e2c       0x6c ./Core/Src/main.o
 .text.MX_SPI1_Init
                0x08009e98       0x70 ./Core/Src/main.o
 .text.MX_TIM1_Init
                0x08009f08      0x170 ./Core/Src/main.o
 .text.MX_TIM2_Init
                0x0800a078       0x98 ./Core/Src/main.o
 .text.MX_TIM3_Init
                0x0800a110       0x9c ./Core/Src/main.o
 .text.MX_TIM7_Init
                0x0800a1ac       0x6c ./Core/Src/main.o
 .text.MX_TIM8_Init
                0x0800a218       0xa0 ./Core/Src/main.o
 .text.MX_UART4_Init
                0x0800a2b8       0x54 ./Core/Src/main.o
 .text.MX_USART2_UART_Init
                0x0800a30c       0x54 ./Core/Src/main.o
 .text.MX_DMA_Init
                0x0800a360       0x40 ./Core/Src/main.o
 .text.MX_GPIO_Init
                0x0800a3a0       0xe0 ./Core/Src/main.o
 .text.HAL_ADCEx_InjectedConvCpltCallback
                0x0800a480      0x178 ./Core/Src/main.o
                0x0800a480                HAL_ADCEx_InjectedConvCpltCallback
 .text.HAL_TIM_PeriodElapsedCallback
                0x0800a5f8       0x50 ./Core/Src/main.o
                0x0800a5f8                HAL_TIM_PeriodElapsedCallback
 .text.HAL_UART_TxCpltCallback
                0x0800a648       0x2c ./Core/Src/main.o
                0x0800a648                HAL_UART_TxCpltCallback
 *fill*         0x0800a674        0x4 
 .text.HAL_ADC_ConvCpltCallback
                0x0800a678       0x74 ./Core/Src/main.o
                0x0800a678                HAL_ADC_ConvCpltCallback
 .text.Error_Handler
                0x0800a6ec        0xc ./Core/Src/main.o
                0x0800a6ec                Error_Handler
 .text.HAL_MspInit
                0x0800a6f8       0x50 ./Core/Src/stm32f4xx_hal_msp.o
                0x0800a6f8                HAL_MspInit
 .text.HAL_ADC_MspInit
                0x0800a748      0x108 ./Core/Src/stm32f4xx_hal_msp.o
                0x0800a748                HAL_ADC_MspInit
 .text.HAL_CAN_MspInit
                0x0800a850       0xc0 ./Core/Src/stm32f4xx_hal_msp.o
                0x0800a850                HAL_CAN_MspInit
 .text.HAL_SPI_MspInit
                0x0800a910       0xa0 ./Core/Src/stm32f4xx_hal_msp.o
                0x0800a910                HAL_SPI_MspInit
 .text.HAL_TIM_Base_MspInit
                0x0800a9b0      0x11c ./Core/Src/stm32f4xx_hal_msp.o
                0x0800a9b0                HAL_TIM_Base_MspInit
 .text.HAL_TIM_MspPostInit
                0x0800aacc       0x74 ./Core/Src/stm32f4xx_hal_msp.o
                0x0800aacc                HAL_TIM_MspPostInit
 .text.HAL_UART_MspInit
                0x0800ab40      0x170 ./Core/Src/stm32f4xx_hal_msp.o
                0x0800ab40                HAL_UART_MspInit
 .text.NMI_Handler
                0x0800acb0        0x8 ./Core/Src/stm32f4xx_it.o
                0x0800acb0                NMI_Handler
 .text.HardFault_Handler
                0x0800acb8        0x8 ./Core/Src/stm32f4xx_it.o
                0x0800acb8                HardFault_Handler
 .text.MemManage_Handler
                0x0800acc0        0x8 ./Core/Src/stm32f4xx_it.o
                0x0800acc0                MemManage_Handler
 .text.BusFault_Handler
                0x0800acc8        0x8 ./Core/Src/stm32f4xx_it.o
                0x0800acc8                BusFault_Handler
 .text.UsageFault_Handler
                0x0800acd0        0x8 ./Core/Src/stm32f4xx_it.o
                0x0800acd0                UsageFault_Handler
 .text.SVC_Handler
                0x0800acd8        0xe ./Core/Src/stm32f4xx_it.o
                0x0800acd8                SVC_Handler
 .text.DebugMon_Handler
                0x0800ace6        0xe ./Core/Src/stm32f4xx_it.o
                0x0800ace6                DebugMon_Handler
 .text.PendSV_Handler
                0x0800acf4        0xe ./Core/Src/stm32f4xx_it.o
                0x0800acf4                PendSV_Handler
 .text.SysTick_Handler
                0x0800ad02        0xc ./Core/Src/stm32f4xx_it.o
                0x0800ad02                SysTick_Handler
 *fill*         0x0800ad0e        0x2 
 .text.DMA1_Stream6_IRQHandler
                0x0800ad10       0x14 ./Core/Src/stm32f4xx_it.o
                0x0800ad10                DMA1_Stream6_IRQHandler
 .text.ADC_IRQHandler
                0x0800ad24       0x1c ./Core/Src/stm32f4xx_it.o
                0x0800ad24                ADC_IRQHandler
 .text.CAN1_TX_IRQHandler
                0x0800ad40       0x14 ./Core/Src/stm32f4xx_it.o
                0x0800ad40                CAN1_TX_IRQHandler
 .text.CAN1_RX0_IRQHandler
                0x0800ad54       0x14 ./Core/Src/stm32f4xx_it.o
                0x0800ad54                CAN1_RX0_IRQHandler
 .text.CAN1_RX1_IRQHandler
                0x0800ad68       0x14 ./Core/Src/stm32f4xx_it.o
                0x0800ad68                CAN1_RX1_IRQHandler
 .text.SPI1_IRQHandler
                0x0800ad7c       0x14 ./Core/Src/stm32f4xx_it.o
                0x0800ad7c                SPI1_IRQHandler
 .text.USART2_IRQHandler
                0x0800ad90       0x14 ./Core/Src/stm32f4xx_it.o
                0x0800ad90                USART2_IRQHandler
 .text.TIM8_UP_TIM13_IRQHandler
                0x0800ada4       0x14 ./Core/Src/stm32f4xx_it.o
                0x0800ada4                TIM8_UP_TIM13_IRQHandler
 .text.TIM8_TRG_COM_TIM14_IRQHandler
                0x0800adb8       0x14 ./Core/Src/stm32f4xx_it.o
                0x0800adb8                TIM8_TRG_COM_TIM14_IRQHandler
 .text.TIM7_IRQHandler
                0x0800adcc       0x14 ./Core/Src/stm32f4xx_it.o
                0x0800adcc                TIM7_IRQHandler
 .text._getpid  0x0800ade0       0x10 ./Core/Src/syscalls.o
                0x0800ade0                _getpid
 .text._kill    0x0800adf0       0x20 ./Core/Src/syscalls.o
                0x0800adf0                _kill
 .text._exit    0x0800ae10       0x16 ./Core/Src/syscalls.o
                0x0800ae10                _exit
 .text._read    0x0800ae26       0x3a ./Core/Src/syscalls.o
                0x0800ae26                _read
 .text._write   0x0800ae60       0x38 ./Core/Src/syscalls.o
                0x0800ae60                _write
 .text._close   0x0800ae98       0x18 ./Core/Src/syscalls.o
                0x0800ae98                _close
 .text._fstat   0x0800aeb0       0x20 ./Core/Src/syscalls.o
                0x0800aeb0                _fstat
 .text._isatty  0x0800aed0       0x16 ./Core/Src/syscalls.o
                0x0800aed0                _isatty
 .text._lseek   0x0800aee6       0x1a ./Core/Src/syscalls.o
                0x0800aee6                _lseek
 .text._sbrk    0x0800af00       0x6c ./Core/Src/sysmem.o
                0x0800af00                _sbrk
 .text.SystemInit
                0x0800af6c       0x24 ./Core/Src/system_stm32f4xx.o
                0x0800af6c                SystemInit
 .text.Reset_Handler
                0x0800af90       0x50 ./Core/Startup/startup_stm32f446retx.o
                0x0800af90                Reset_Handler
 .text.Default_Handler
                0x0800afe0        0x2 ./Core/Startup/startup_stm32f446retx.o
                0x0800afe0                RTC_Alarm_IRQHandler
                0x0800afe0                EXTI2_IRQHandler
                0x0800afe0                TIM8_CC_IRQHandler
                0x0800afe0                FMPI2C1_EV_IRQHandler
                0x0800afe0                SPI4_IRQHandler
                0x0800afe0                TIM1_CC_IRQHandler
                0x0800afe0                DMA2_Stream5_IRQHandler
                0x0800afe0                DMA1_Stream5_IRQHandler
                0x0800afe0                PVD_IRQHandler
                0x0800afe0                SDIO_IRQHandler
                0x0800afe0                TAMP_STAMP_IRQHandler
                0x0800afe0                CAN2_RX1_IRQHandler
                0x0800afe0                EXTI3_IRQHandler
                0x0800afe0                TIM1_UP_TIM10_IRQHandler
                0x0800afe0                I2C3_ER_IRQHandler
                0x0800afe0                EXTI0_IRQHandler
                0x0800afe0                I2C2_EV_IRQHandler
                0x0800afe0                DMA1_Stream2_IRQHandler
                0x0800afe0                FPU_IRQHandler
                0x0800afe0                OTG_HS_WKUP_IRQHandler
                0x0800afe0                CAN2_SCE_IRQHandler
                0x0800afe0                DMA2_Stream2_IRQHandler
                0x0800afe0                TIM6_DAC_IRQHandler
                0x0800afe0                TIM1_BRK_TIM9_IRQHandler
                0x0800afe0                DCMI_IRQHandler
                0x0800afe0                CAN2_RX0_IRQHandler
                0x0800afe0                DMA2_Stream3_IRQHandler
                0x0800afe0                SAI2_IRQHandler
                0x0800afe0                USART6_IRQHandler
                0x0800afe0                USART3_IRQHandler
                0x0800afe0                UART5_IRQHandler
                0x0800afe0                DMA2_Stream0_IRQHandler
                0x0800afe0                TIM4_IRQHandler
                0x0800afe0                QUADSPI_IRQHandler
                0x0800afe0                I2C1_EV_IRQHandler
                0x0800afe0                DMA1_Stream1_IRQHandler
                0x0800afe0                UART4_IRQHandler
                0x0800afe0                TIM3_IRQHandler
                0x0800afe0                RCC_IRQHandler
                0x0800afe0                TIM8_BRK_TIM12_IRQHandler
                0x0800afe0                Default_Handler
                0x0800afe0                CEC_IRQHandler
                0x0800afe0                EXTI15_10_IRQHandler
                0x0800afe0                DMA1_Stream7_IRQHandler
                0x0800afe0                CAN2_TX_IRQHandler
                0x0800afe0                TIM5_IRQHandler
                0x0800afe0                DMA2_Stream7_IRQHandler
                0x0800afe0                I2C3_EV_IRQHandler
                0x0800afe0                EXTI9_5_IRQHandler
                0x0800afe0                RTC_WKUP_IRQHandler
                0x0800afe0                SPDIF_RX_IRQHandler
                0x0800afe0                SPI2_IRQHandler
                0x0800afe0                OTG_HS_EP1_IN_IRQHandler
                0x0800afe0                DMA1_Stream0_IRQHandler
                0x0800afe0                FMPI2C1_ER_IRQHandler
                0x0800afe0                EXTI4_IRQHandler
                0x0800afe0                OTG_HS_EP1_OUT_IRQHandler
                0x0800afe0                WWDG_IRQHandler
                0x0800afe0                TIM2_IRQHandler
                0x0800afe0                OTG_FS_WKUP_IRQHandler
                0x0800afe0                TIM1_TRG_COM_TIM11_IRQHandler
                0x0800afe0                OTG_HS_IRQHandler
                0x0800afe0                EXTI1_IRQHandler
                0x0800afe0                I2C2_ER_IRQHandler
                0x0800afe0                DMA2_Stream1_IRQHandler
                0x0800afe0                CAN1_SCE_IRQHandler
                0x0800afe0                FLASH_IRQHandler
                0x0800afe0                DMA2_Stream4_IRQHandler
                0x0800afe0                USART1_IRQHandler
                0x0800afe0                OTG_FS_IRQHandler
                0x0800afe0                SPI3_IRQHandler
                0x0800afe0                DMA1_Stream4_IRQHandler
                0x0800afe0                I2C1_ER_IRQHandler
                0x0800afe0                FMC_IRQHandler
                0x0800afe0                DMA2_Stream6_IRQHandler
                0x0800afe0                SAI1_IRQHandler
                0x0800afe0                DMA1_Stream3_IRQHandler
 *fill*         0x0800afe2        0x2 
 .text.HAL_Init
                0x0800afe4       0x44 ./Drivers/STM32F4xx_HAL_Driver/Src/stm32f4xx_hal.o
                0x0800afe4                HAL_Init
 .text.HAL_InitTick
                0x0800b028       0x60 ./Drivers/STM32F4xx_HAL_Driver/Src/stm32f4xx_hal.o
                0x0800b028                HAL_InitTick
 .text.HAL_IncTick
                0x0800b088       0x28 ./Drivers/STM32F4xx_HAL_Driver/Src/stm32f4xx_hal.o
                0x0800b088                HAL_IncTick
 .text.HAL_GetTick
                0x0800b0b0       0x18 ./Drivers/STM32F4xx_HAL_Driver/Src/stm32f4xx_hal.o
                0x0800b0b0                HAL_GetTick
 .text.HAL_Delay
                0x0800b0c8       0x48 ./Drivers/STM32F4xx_HAL_Driver/Src/stm32f4xx_hal.o
                0x0800b0c8                HAL_Delay
 .text.HAL_ADC_Init
                0x0800b110       0x86 ./Drivers/STM32F4xx_HAL_Driver/Src/stm32f4xx_hal_adc.o
                0x0800b110                HAL_ADC_Init
 .text.HAL_ADC_IRQHandler
                0x0800b196      0x220 ./Drivers/STM32F4xx_HAL_Driver/Src/stm32f4xx_hal_adc.o
                0x0800b196                HAL_ADC_IRQHandler
 *fill*         0x0800b3b6        0x2 
 .text.HAL_ADC_Start_DMA
                0x0800b3b8      0x220 ./Drivers/STM32F4xx_HAL_Driver/Src/stm32f4xx_hal_adc.o
                0x0800b3b8                HAL_ADC_Start_DMA
 .text.HAL_ADC_ConvHalfCpltCallback
                0x0800b5d8       0x14 ./Drivers/STM32F4xx_HAL_Driver/Src/stm32f4xx_hal_adc.o
                0x0800b5d8                HAL_ADC_ConvHalfCpltCallback
 .text.HAL_ADC_LevelOutOfWindowCallback
                0x0800b5ec       0x14 ./Drivers/STM32F4xx_HAL_Driver/Src/stm32f4xx_hal_adc.o
                0x0800b5ec                HAL_ADC_LevelOutOfWindowCallback
 .text.HAL_ADC_ErrorCallback
                0x0800b600       0x14 ./Drivers/STM32F4xx_HAL_Driver/Src/stm32f4xx_hal_adc.o
                0x0800b600                HAL_ADC_ErrorCallback
 .text.HAL_ADC_ConfigChannel
                0x0800b614      0x264 ./Drivers/STM32F4xx_HAL_Driver/Src/stm32f4xx_hal_adc.o
                0x0800b614                HAL_ADC_ConfigChannel
 .text.ADC_Init
                0x0800b878      0x1f8 ./Drivers/STM32F4xx_HAL_Driver/Src/stm32f4xx_hal_adc.o
 .text.ADC_DMAConvCplt
                0x0800ba70       0xba ./Drivers/STM32F4xx_HAL_Driver/Src/stm32f4xx_hal_adc.o
 .text.ADC_DMAHalfConvCplt
                0x0800bb2a       0x1c ./Drivers/STM32F4xx_HAL_Driver/Src/stm32f4xx_hal_adc.o
 .text.ADC_DMAError
                0x0800bb46       0x2e ./Drivers/STM32F4xx_HAL_Driver/Src/stm32f4xx_hal_adc.o
 .text.HAL_ADCEx_InjectedStart_IT
                0x0800bb74      0x1a4 ./Drivers/STM32F4xx_HAL_Driver/Src/stm32f4xx_hal_adc_ex.o
                0x0800bb74                HAL_ADCEx_InjectedStart_IT
 .text.HAL_ADCEx_InjectedGetValue
                0x0800bd18       0x70 ./Drivers/STM32F4xx_HAL_Driver/Src/stm32f4xx_hal_adc_ex.o
                0x0800bd18                HAL_ADCEx_InjectedGetValue
 .text.HAL_ADCEx_InjectedConfigChannel
                0x0800bd88      0x334 ./Drivers/STM32F4xx_HAL_Driver/Src/stm32f4xx_hal_adc_ex.o
                0x0800bd88                HAL_ADCEx_InjectedConfigChannel
 .text.HAL_CAN_Init
                0x0800c0bc      0x1f6 ./Drivers/STM32F4xx_HAL_Driver/Src/stm32f4xx_hal_can.o
                0x0800c0bc                HAL_CAN_Init
 *fill*         0x0800c2b2        0x2 
 .text.HAL_CAN_ConfigFilter
                0x0800c2b4      0x1c0 ./Drivers/STM32F4xx_HAL_Driver/Src/stm32f4xx_hal_can.o
                0x0800c2b4                HAL_CAN_ConfigFilter
 .text.HAL_CAN_Start
                0x0800c474       0x88 ./Drivers/STM32F4xx_HAL_Driver/Src/stm32f4xx_hal_can.o
                0x0800c474                HAL_CAN_Start
 .text.HAL_CAN_Stop
                0x0800c4fc       0x92 ./Drivers/STM32F4xx_HAL_Driver/Src/stm32f4xx_hal_can.o
                0x0800c4fc                HAL_CAN_Stop
 .text.HAL_CAN_AddTxMessage
                0x0800c58e      0x1a0 ./Drivers/STM32F4xx_HAL_Driver/Src/stm32f4xx_hal_can.o
                0x0800c58e                HAL_CAN_AddTxMessage
 .text.HAL_CAN_GetTxMailboxesFreeLevel
                0x0800c72e       0x6a ./Drivers/STM32F4xx_HAL_Driver/Src/stm32f4xx_hal_can.o
                0x0800c72e                HAL_CAN_GetTxMailboxesFreeLevel
 .text.HAL_CAN_GetRxMessage
                0x0800c798      0x244 ./Drivers/STM32F4xx_HAL_Driver/Src/stm32f4xx_hal_can.o
                0x0800c798                HAL_CAN_GetRxMessage
 .text.HAL_CAN_ActivateNotification
                0x0800c9dc       0x4c ./Drivers/STM32F4xx_HAL_Driver/Src/stm32f4xx_hal_can.o
                0x0800c9dc                HAL_CAN_ActivateNotification
 .text.HAL_CAN_IRQHandler
                0x0800ca28      0x36e ./Drivers/STM32F4xx_HAL_Driver/Src/stm32f4xx_hal_can.o
                0x0800ca28                HAL_CAN_IRQHandler
 .text.HAL_CAN_TxMailbox0AbortCallback
                0x0800cd96       0x14 ./Drivers/STM32F4xx_HAL_Driver/Src/stm32f4xx_hal_can.o
                0x0800cd96                HAL_CAN_TxMailbox0AbortCallback
 .text.HAL_CAN_TxMailbox1AbortCallback
                0x0800cdaa       0x14 ./Drivers/STM32F4xx_HAL_Driver/Src/stm32f4xx_hal_can.o
                0x0800cdaa                HAL_CAN_TxMailbox1AbortCallback
 .text.HAL_CAN_TxMailbox2AbortCallback
                0x0800cdbe       0x14 ./Drivers/STM32F4xx_HAL_Driver/Src/stm32f4xx_hal_can.o
                0x0800cdbe                HAL_CAN_TxMailbox2AbortCallback
 .text.HAL_CAN_RxFifo0FullCallback
                0x0800cdd2       0x14 ./Drivers/STM32F4xx_HAL_Driver/Src/stm32f4xx_hal_can.o
                0x0800cdd2                HAL_CAN_RxFifo0FullCallback
 .text.HAL_CAN_RxFifo1FullCallback
                0x0800cde6       0x14 ./Drivers/STM32F4xx_HAL_Driver/Src/stm32f4xx_hal_can.o
                0x0800cde6                HAL_CAN_RxFifo1FullCallback
 .text.HAL_CAN_SleepCallback
                0x0800cdfa       0x14 ./Drivers/STM32F4xx_HAL_Driver/Src/stm32f4xx_hal_can.o
                0x0800cdfa                HAL_CAN_SleepCallback
 .text.HAL_CAN_WakeUpFromRxMsgCallback
                0x0800ce0e       0x14 ./Drivers/STM32F4xx_HAL_Driver/Src/stm32f4xx_hal_can.o
                0x0800ce0e                HAL_CAN_WakeUpFromRxMsgCallback
 .text.HAL_CAN_ErrorCallback
                0x0800ce22       0x14 ./Drivers/STM32F4xx_HAL_Driver/Src/stm32f4xx_hal_can.o
                0x0800ce22                HAL_CAN_ErrorCallback
 *fill*         0x0800ce36        0x2 
 .text.__NVIC_SetPriorityGrouping
                0x0800ce38       0x48 ./Drivers/STM32F4xx_HAL_Driver/Src/stm32f4xx_hal_cortex.o
 .text.__NVIC_GetPriorityGrouping
                0x0800ce80       0x1c ./Drivers/STM32F4xx_HAL_Driver/Src/stm32f4xx_hal_cortex.o
 .text.__NVIC_EnableIRQ
                0x0800ce9c       0x3c ./Drivers/STM32F4xx_HAL_Driver/Src/stm32f4xx_hal_cortex.o
 .text.__NVIC_SetPriority
                0x0800ced8       0x54 ./Drivers/STM32F4xx_HAL_Driver/Src/stm32f4xx_hal_cortex.o
 .text.NVIC_EncodePriority
                0x0800cf2c       0x66 ./Drivers/STM32F4xx_HAL_Driver/Src/stm32f4xx_hal_cortex.o
 *fill*         0x0800cf92        0x2 
 .text.__NVIC_SystemReset
                0x0800cf94       0x2c ./Drivers/STM32F4xx_HAL_Driver/Src/stm32f4xx_hal_cortex.o
 .text.SysTick_Config
                0x0800cfc0       0x44 ./Drivers/STM32F4xx_HAL_Driver/Src/stm32f4xx_hal_cortex.o
 .text.HAL_NVIC_SetPriorityGrouping
                0x0800d004       0x16 ./Drivers/STM32F4xx_HAL_Driver/Src/stm32f4xx_hal_cortex.o
                0x0800d004                HAL_NVIC_SetPriorityGrouping
 .text.HAL_NVIC_SetPriority
                0x0800d01a       0x38 ./Drivers/STM32F4xx_HAL_Driver/Src/stm32f4xx_hal_cortex.o
                0x0800d01a                HAL_NVIC_SetPriority
 .text.HAL_NVIC_EnableIRQ
                0x0800d052       0x1c ./Drivers/STM32F4xx_HAL_Driver/Src/stm32f4xx_hal_cortex.o
                0x0800d052                HAL_NVIC_EnableIRQ
 .text.HAL_NVIC_SystemReset
                0x0800d06e        0x8 ./Drivers/STM32F4xx_HAL_Driver/Src/stm32f4xx_hal_cortex.o
                0x0800d06e                HAL_NVIC_SystemReset
 .text.HAL_SYSTICK_Config
                0x0800d076       0x18 ./Drivers/STM32F4xx_HAL_Driver/Src/stm32f4xx_hal_cortex.o
                0x0800d076                HAL_SYSTICK_Config
 *fill*         0x0800d08e        0x2 
 .text.HAL_DMA_Init
                0x0800d090      0x15c ./Drivers/STM32F4xx_HAL_Driver/Src/stm32f4xx_hal_dma.o
                0x0800d090                HAL_DMA_Init
 .text.HAL_DMA_Start_IT
                0x0800d1ec       0xb0 ./Drivers/STM32F4xx_HAL_Driver/Src/stm32f4xx_hal_dma.o
                0x0800d1ec                HAL_DMA_Start_IT
 .text.HAL_DMA_Abort
                0x0800d29c       0xe0 ./Drivers/STM32F4xx_HAL_Driver/Src/stm32f4xx_hal_dma.o
                0x0800d29c                HAL_DMA_Abort
 .text.HAL_DMA_Abort_IT
                0x0800d37c       0x44 ./Drivers/STM32F4xx_HAL_Driver/Src/stm32f4xx_hal_dma.o
                0x0800d37c                HAL_DMA_Abort_IT
 .text.HAL_DMA_IRQHandler
                0x0800d3c0      0x314 ./Drivers/STM32F4xx_HAL_Driver/Src/stm32f4xx_hal_dma.o
                0x0800d3c0                HAL_DMA_IRQHandler
 .text.DMA_SetConfig
                0x0800d6d4       0x5c ./Drivers/STM32F4xx_HAL_Driver/Src/stm32f4xx_hal_dma.o
 .text.DMA_CalcBaseAndBitshift
                0x0800d730       0x6c ./Drivers/STM32F4xx_HAL_Driver/Src/stm32f4xx_hal_dma.o
 .text.DMA_CheckFifoParam
                0x0800d79c       0xf8 ./Drivers/STM32F4xx_HAL_Driver/Src/stm32f4xx_hal_dma.o
 .text.HAL_GPIO_Init
                0x0800d894      0x328 ./Drivers/STM32F4xx_HAL_Driver/Src/stm32f4xx_hal_gpio.o
                0x0800d894                HAL_GPIO_Init
 .text.HAL_GPIO_WritePin
                0x0800dbbc       0x32 ./Drivers/STM32F4xx_HAL_Driver/Src/stm32f4xx_hal_gpio.o
                0x0800dbbc                HAL_GPIO_WritePin
 *fill*         0x0800dbee        0x2 
 .text.HAL_PWREx_EnableOverDrive
                0x0800dbf0       0xa0 ./Drivers/STM32F4xx_HAL_Driver/Src/stm32f4xx_hal_pwr_ex.o
                0x0800dbf0                HAL_PWREx_EnableOverDrive
 .text.HAL_RCC_ClockConfig
                0x0800dc90      0x1cc ./Drivers/STM32F4xx_HAL_Driver/Src/stm32f4xx_hal_rcc.o
                0x0800dc90                HAL_RCC_ClockConfig
 .text.HAL_RCC_GetHCLKFreq
                0x0800de5c       0x18 ./Drivers/STM32F4xx_HAL_Driver/Src/stm32f4xx_hal_rcc.o
                0x0800de5c                HAL_RCC_GetHCLKFreq
 .text.HAL_RCC_GetPCLK1Freq
                0x0800de74       0x28 ./Drivers/STM32F4xx_HAL_Driver/Src/stm32f4xx_hal_rcc.o
                0x0800de74                HAL_RCC_GetPCLK1Freq
 .text.HAL_RCC_GetPCLK2Freq
                0x0800de9c       0x28 ./Drivers/STM32F4xx_HAL_Driver/Src/stm32f4xx_hal_rcc.o
                0x0800de9c                HAL_RCC_GetPCLK2Freq
 .text.HAL_RCC_GetSysClockFreq
                0x0800dec4      0x460 ./Drivers/STM32F4xx_HAL_Driver/Src/stm32f4xx_hal_rcc_ex.o
                0x0800dec4                HAL_RCC_GetSysClockFreq
 .text.HAL_RCC_OscConfig
                0x0800e324      0x53c ./Drivers/STM32F4xx_HAL_Driver/Src/stm32f4xx_hal_rcc_ex.o
                0x0800e324                HAL_RCC_OscConfig
 .text.HAL_SPI_Init
                0x0800e860      0x112 ./Drivers/STM32F4xx_HAL_Driver/Src/stm32f4xx_hal_spi.o
                0x0800e860                HAL_SPI_Init
 .text.HAL_SPI_Transmit
                0x0800e972      0x288 ./Drivers/STM32F4xx_HAL_Driver/Src/stm32f4xx_hal_spi.o
                0x0800e972                HAL_SPI_Transmit
 .text.HAL_SPI_TransmitReceive
                0x0800ebfa      0x352 ./Drivers/STM32F4xx_HAL_Driver/Src/stm32f4xx_hal_spi.o
                0x0800ebfa                HAL_SPI_TransmitReceive
 .text.HAL_SPI_IRQHandler
                0x0800ef4c      0x1e8 ./Drivers/STM32F4xx_HAL_Driver/Src/stm32f4xx_hal_spi.o
                0x0800ef4c                HAL_SPI_IRQHandler
 .text.HAL_SPI_ErrorCallback
                0x0800f134       0x14 ./Drivers/STM32F4xx_HAL_Driver/Src/stm32f4xx_hal_spi.o
                0x0800f134                HAL_SPI_ErrorCallback
 .text.SPI_DMAAbortOnError
                0x0800f148       0x28 ./Drivers/STM32F4xx_HAL_Driver/Src/stm32f4xx_hal_spi.o
 .text.SPI_WaitFlagStateUntilTimeout
                0x0800f170      0x110 ./Drivers/STM32F4xx_HAL_Driver/Src/stm32f4xx_hal_spi.o
 .text.SPI_EndRxTxTransaction
                0x0800f280       0xa8 ./Drivers/STM32F4xx_HAL_Driver/Src/stm32f4xx_hal_spi.o
 .text.HAL_TIM_Base_Init
                0x0800f328       0x9e ./Drivers/STM32F4xx_HAL_Driver/Src/stm32f4xx_hal_tim.o
                0x0800f328                HAL_TIM_Base_Init
 *fill*         0x0800f3c6        0x2 
 .text.HAL_TIM_Base_Start
                0x0800f3c8       0xd0 ./Drivers/STM32F4xx_HAL_Driver/Src/stm32f4xx_hal_tim.o
                0x0800f3c8                HAL_TIM_Base_Start
 .text.HAL_TIM_Base_Start_IT
                0x0800f498       0xe0 ./Drivers/STM32F4xx_HAL_Driver/Src/stm32f4xx_hal_tim.o
                0x0800f498                HAL_TIM_Base_Start_IT
 .text.HAL_TIM_Base_Stop_IT
                0x0800f578       0x5e ./Drivers/STM32F4xx_HAL_Driver/Src/stm32f4xx_hal_tim.o
                0x0800f578                HAL_TIM_Base_Stop_IT
 .text.HAL_TIM_PWM_Init
                0x0800f5d6       0x9e ./Drivers/STM32F4xx_HAL_Driver/Src/stm32f4xx_hal_tim.o
                0x0800f5d6                HAL_TIM_PWM_Init
 .text.HAL_TIM_PWM_MspInit
                0x0800f674       0x14 ./Drivers/STM32F4xx_HAL_Driver/Src/stm32f4xx_hal_tim.o
                0x0800f674                HAL_TIM_PWM_MspInit
 .text.HAL_TIM_PWM_Start
                0x0800f688      0x190 ./Drivers/STM32F4xx_HAL_Driver/Src/stm32f4xx_hal_tim.o
                0x0800f688                HAL_TIM_PWM_Start
 .text.HAL_TIM_IRQHandler
                0x0800f818      0x1e0 ./Drivers/STM32F4xx_HAL_Driver/Src/stm32f4xx_hal_tim.o
                0x0800f818                HAL_TIM_IRQHandler
 .text.HAL_TIM_PWM_ConfigChannel
                0x0800f9f8      0x184 ./Drivers/STM32F4xx_HAL_Driver/Src/stm32f4xx_hal_tim.o
                0x0800f9f8                HAL_TIM_PWM_ConfigChannel
 .text.HAL_TIM_ConfigClockSource
                0x0800fb7c      0x18e ./Drivers/STM32F4xx_HAL_Driver/Src/stm32f4xx_hal_tim.o
                0x0800fb7c                HAL_TIM_ConfigClockSource
 .text.HAL_TIM_OC_DelayElapsedCallback
                0x0800fd0a       0x14 ./Drivers/STM32F4xx_HAL_Driver/Src/stm32f4xx_hal_tim.o
                0x0800fd0a                HAL_TIM_OC_DelayElapsedCallback
 .text.HAL_TIM_IC_CaptureCallback
                0x0800fd1e       0x14 ./Drivers/STM32F4xx_HAL_Driver/Src/stm32f4xx_hal_tim.o
                0x0800fd1e                HAL_TIM_IC_CaptureCallback
 .text.HAL_TIM_PWM_PulseFinishedCallback
                0x0800fd32       0x14 ./Drivers/STM32F4xx_HAL_Driver/Src/stm32f4xx_hal_tim.o
                0x0800fd32                HAL_TIM_PWM_PulseFinishedCallback
 .text.HAL_TIM_TriggerCallback
                0x0800fd46       0x14 ./Drivers/STM32F4xx_HAL_Driver/Src/stm32f4xx_hal_tim.o
                0x0800fd46                HAL_TIM_TriggerCallback
 *fill*         0x0800fd5a        0x2 
 .text.TIM_Base_SetConfig
                0x0800fd5c      0x158 ./Drivers/STM32F4xx_HAL_Driver/Src/stm32f4xx_hal_tim.o
                0x0800fd5c                TIM_Base_SetConfig
 .text.TIM_OC1_SetConfig
                0x0800feb4       0xe0 ./Drivers/STM32F4xx_HAL_Driver/Src/stm32f4xx_hal_tim.o
 .text.TIM_OC2_SetConfig
                0x0800ff94       0xec ./Drivers/STM32F4xx_HAL_Driver/Src/stm32f4xx_hal_tim.o
                0x0800ff94                TIM_OC2_SetConfig
 .text.TIM_OC3_SetConfig
                0x08010080       0xe8 ./Drivers/STM32F4xx_HAL_Driver/Src/stm32f4xx_hal_tim.o
 .text.TIM_OC4_SetConfig
                0x08010168       0xac ./Drivers/STM32F4xx_HAL_Driver/Src/stm32f4xx_hal_tim.o
 .text.TIM_TI1_ConfigInputStage
                0x08010214       0x5e ./Drivers/STM32F4xx_HAL_Driver/Src/stm32f4xx_hal_tim.o
 .text.TIM_TI2_ConfigInputStage
                0x08010272       0x60 ./Drivers/STM32F4xx_HAL_Driver/Src/stm32f4xx_hal_tim.o
 .text.TIM_ITRx_SetConfig
                0x080102d2       0x36 ./Drivers/STM32F4xx_HAL_Driver/Src/stm32f4xx_hal_tim.o
 .text.TIM_ETR_SetConfig
                0x08010308       0x40 ./Drivers/STM32F4xx_HAL_Driver/Src/stm32f4xx_hal_tim.o
                0x08010308                TIM_ETR_SetConfig
 .text.TIM_CCxChannelCmd
                0x08010348       0x4a ./Drivers/STM32F4xx_HAL_Driver/Src/stm32f4xx_hal_tim.o
                0x08010348                TIM_CCxChannelCmd
 *fill*         0x08010392        0x2 
 .text.HAL_TIMEx_MasterConfigSynchronization
                0x08010394       0xf8 ./Drivers/STM32F4xx_HAL_Driver/Src/stm32f4xx_hal_tim_ex.o
                0x08010394                HAL_TIMEx_MasterConfigSynchronization
 .text.HAL_TIMEx_ConfigBreakDeadTime
                0x0801048c       0xa4 ./Drivers/STM32F4xx_HAL_Driver/Src/stm32f4xx_hal_tim_ex.o
                0x0801048c                HAL_TIMEx_ConfigBreakDeadTime
 .text.HAL_TIMEx_CommutCallback
                0x08010530       0x14 ./Drivers/STM32F4xx_HAL_Driver/Src/stm32f4xx_hal_tim_ex.o
                0x08010530                HAL_TIMEx_CommutCallback
 .text.HAL_TIMEx_BreakCallback
                0x08010544       0x14 ./Drivers/STM32F4xx_HAL_Driver/Src/stm32f4xx_hal_tim_ex.o
                0x08010544                HAL_TIMEx_BreakCallback
 .text.HAL_UART_Init
                0x08010558       0xa0 ./Drivers/STM32F4xx_HAL_Driver/Src/stm32f4xx_hal_uart.o
                0x08010558                HAL_UART_Init
 .text.HAL_UART_Transmit_DMA
                0x080105f8       0xe0 ./Drivers/STM32F4xx_HAL_Driver/Src/stm32f4xx_hal_uart.o
                0x080105f8                HAL_UART_Transmit_DMA
 .text.HAL_UART_IRQHandler
                0x080106d8      0x524 ./Drivers/STM32F4xx_HAL_Driver/Src/stm32f4xx_hal_uart.o
                0x080106d8                HAL_UART_IRQHandler
 .text.HAL_UART_TxHalfCpltCallback
                0x08010bfc       0x14 ./Drivers/STM32F4xx_HAL_Driver/Src/stm32f4xx_hal_uart.o
                0x08010bfc                HAL_UART_TxHalfCpltCallback
 .text.HAL_UART_RxCpltCallback
                0x08010c10       0x14 ./Drivers/STM32F4xx_HAL_Driver/Src/stm32f4xx_hal_uart.o
                0x08010c10                HAL_UART_RxCpltCallback
 .text.HAL_UART_ErrorCallback
                0x08010c24       0x14 ./Drivers/STM32F4xx_HAL_Driver/Src/stm32f4xx_hal_uart.o
                0x08010c24                HAL_UART_ErrorCallback
 .text.HAL_UARTEx_RxEventCallback
                0x08010c38       0x18 ./Drivers/STM32F4xx_HAL_Driver/Src/stm32f4xx_hal_uart.o
                0x08010c38                HAL_UARTEx_RxEventCallback
 .text.UART_DMATransmitCplt
                0x08010c50       0x9a ./Drivers/STM32F4xx_HAL_Driver/Src/stm32f4xx_hal_uart.o
 .text.UART_DMATxHalfCplt
                0x08010cea       0x1c ./Drivers/STM32F4xx_HAL_Driver/Src/stm32f4xx_hal_uart.o
 .text.UART_DMAError
                0x08010d06       0x94 ./Drivers/STM32F4xx_HAL_Driver/Src/stm32f4xx_hal_uart.o
 .text.UART_EndTxTransfer
                0x08010d9a       0x50 ./Drivers/STM32F4xx_HAL_Driver/Src/stm32f4xx_hal_uart.o
 .text.UART_EndRxTransfer
                0x08010dea       0xc6 ./Drivers/STM32F4xx_HAL_Driver/Src/stm32f4xx_hal_uart.o
 .text.UART_DMAAbortOnError
                0x08010eb0       0x28 ./Drivers/STM32F4xx_HAL_Driver/Src/stm32f4xx_hal_uart.o
 .text.UART_Transmit_IT
                0x08010ed8       0xa0 ./Drivers/STM32F4xx_HAL_Driver/Src/stm32f4xx_hal_uart.o
 .text.UART_EndTransmit_IT
                0x08010f78       0x30 ./Drivers/STM32F4xx_HAL_Driver/Src/stm32f4xx_hal_uart.o
 .text.UART_Receive_IT
                0x08010fa8      0x17c ./Drivers/STM32F4xx_HAL_Driver/Src/stm32f4xx_hal_uart.o
 .text.UART_SetConfig
                0x08011124      0x4e8 ./Drivers/STM32F4xx_HAL_Driver/Src/stm32f4xx_hal_uart.o
 .text.calloc   0x0801160c       0x10 C:/ST/STM32CubeIDE_1.17.0/STM32CubeIDE/plugins/com.st.stm32cube.ide.mcu.externaltools.gnu-tools-for-stm32.12.3.rel1.win32_1.1.0.202410251130/tools/bin/../lib/gcc/arm-none-eabi/12.3.1/../../../../arm-none-eabi/lib/thumb/v7e-m+fp/hard\libc_nano.a(libc_a-calloc.o)
                0x0801160c                calloc
 .text._calloc_r
                0x0801161c       0x28 C:/ST/STM32CubeIDE_1.17.0/STM32CubeIDE/plugins/com.st.stm32cube.ide.mcu.externaltools.gnu-tools-for-stm32.12.3.rel1.win32_1.1.0.202410251130/tools/bin/../lib/gcc/arm-none-eabi/12.3.1/../../../../arm-none-eabi/lib/thumb/v7e-m+fp/hard\libc_nano.a(libc_a-callocr.o)
                0x0801161c                _calloc_r
 .text.malloc   0x08011644       0x10 C:/ST/STM32CubeIDE_1.17.0/STM32CubeIDE/plugins/com.st.stm32cube.ide.mcu.externaltools.gnu-tools-for-stm32.12.3.rel1.win32_1.1.0.202410251130/tools/bin/../lib/gcc/arm-none-eabi/12.3.1/../../../../arm-none-eabi/lib/thumb/v7e-m+fp/hard\libc_nano.a(libc_a-malloc.o)
                0x08011644                malloc
 .text.free     0x08011654       0x10 C:/ST/STM32CubeIDE_1.17.0/STM32CubeIDE/plugins/com.st.stm32cube.ide.mcu.externaltools.gnu-tools-for-stm32.12.3.rel1.win32_1.1.0.202410251130/tools/bin/../lib/gcc/arm-none-eabi/12.3.1/../../../../arm-none-eabi/lib/thumb/v7e-m+fp/hard\libc_nano.a(libc_a-malloc.o)
                0x08011654                free
 .text.sbrk_aligned
                0x08011664       0x44 C:/ST/STM32CubeIDE_1.17.0/STM32CubeIDE/plugins/com.st.stm32cube.ide.mcu.externaltools.gnu-tools-for-stm32.12.3.rel1.win32_1.1.0.202410251130/tools/bin/../lib/gcc/arm-none-eabi/12.3.1/../../../../arm-none-eabi/lib/thumb/v7e-m+fp/hard\libc_nano.a(libc_a-mallocr.o)
 .text._malloc_r
                0x080116a8      0x100 C:/ST/STM32CubeIDE_1.17.0/STM32CubeIDE/plugins/com.st.stm32cube.ide.mcu.externaltools.gnu-tools-for-stm32.12.3.rel1.win32_1.1.0.202410251130/tools/bin/../lib/gcc/arm-none-eabi/12.3.1/../../../../arm-none-eabi/lib/thumb/v7e-m+fp/hard\libc_nano.a(libc_a-mallocr.o)
                0x080116a8                _malloc_r
 .text.__malloc_lock
                0x080117a8        0xc C:/ST/STM32CubeIDE_1.17.0/STM32CubeIDE/plugins/com.st.stm32cube.ide.mcu.externaltools.gnu-tools-for-stm32.12.3.rel1.win32_1.1.0.202410251130/tools/bin/../lib/gcc/arm-none-eabi/12.3.1/../../../../arm-none-eabi/lib/thumb/v7e-m+fp/hard\libc_nano.a(libc_a-mlock.o)
                0x080117a8                __malloc_lock
 .text.__malloc_unlock
                0x080117b4        0xc C:/ST/STM32CubeIDE_1.17.0/STM32CubeIDE/plugins/com.st.stm32cube.ide.mcu.externaltools.gnu-tools-for-stm32.12.3.rel1.win32_1.1.0.202410251130/tools/bin/../lib/gcc/arm-none-eabi/12.3.1/../../../../arm-none-eabi/lib/thumb/v7e-m+fp/hard\libc_nano.a(libc_a-mlock.o)
                0x080117b4                __malloc_unlock
 .text.__cvt    0x080117c0       0xca C:/ST/STM32CubeIDE_1.17.0/STM32CubeIDE/plugins/com.st.stm32cube.ide.mcu.externaltools.gnu-tools-for-stm32.12.3.rel1.win32_1.1.0.202410251130/tools/bin/../lib/gcc/arm-none-eabi/12.3.1/../../../../arm-none-eabi/lib/thumb/v7e-m+fp/hard\libc_nano.a(libc_a-nano-vfprintf_float.o)
                0x080117c0                __cvt
 .text.__exponent
                0x0801188a       0x74 C:/ST/STM32CubeIDE_1.17.0/STM32CubeIDE/plugins/com.st.stm32cube.ide.mcu.externaltools.gnu-tools-for-stm32.12.3.rel1.win32_1.1.0.202410251130/tools/bin/../lib/gcc/arm-none-eabi/12.3.1/../../../../arm-none-eabi/lib/thumb/v7e-m+fp/hard\libc_nano.a(libc_a-nano-vfprintf_float.o)
                0x0801188a                __exponent
 *fill*         0x080118fe        0x2 
 .text._printf_float
                0x08011900      0x454 C:/ST/STM32CubeIDE_1.17.0/STM32CubeIDE/plugins/com.st.stm32cube.ide.mcu.externaltools.gnu-tools-for-stm32.12.3.rel1.win32_1.1.0.202410251130/tools/bin/../lib/gcc/arm-none-eabi/12.3.1/../../../../arm-none-eabi/lib/thumb/v7e-m+fp/hard\libc_nano.a(libc_a-nano-vfprintf_float.o)
                0x08011900                _printf_float
 .text._printf_common
                0x08011d54       0xda C:/ST/STM32CubeIDE_1.17.0/STM32CubeIDE/plugins/com.st.stm32cube.ide.mcu.externaltools.gnu-tools-for-stm32.12.3.rel1.win32_1.1.0.202410251130/tools/bin/../lib/gcc/arm-none-eabi/12.3.1/../../../../arm-none-eabi/lib/thumb/v7e-m+fp/hard\libc_nano.a(libc_a-nano-vfprintf_i.o)
                0x08011d54                _printf_common
 *fill*         0x08011e2e        0x2 
 .text._printf_i
                0x08011e30      0x240 C:/ST/STM32CubeIDE_1.17.0/STM32CubeIDE/plugins/com.st.stm32cube.ide.mcu.externaltools.gnu-tools-for-stm32.12.3.rel1.win32_1.1.0.202410251130/tools/bin/../lib/gcc/arm-none-eabi/12.3.1/../../../../arm-none-eabi/lib/thumb/v7e-m+fp/hard\libc_nano.a(libc_a-nano-vfprintf_i.o)
                0x08011e30                _printf_i
 .text.__sflush_r
                0x08012070      0x108 C:/ST/STM32CubeIDE_1.17.0/STM32CubeIDE/plugins/com.st.stm32cube.ide.mcu.externaltools.gnu-tools-for-stm32.12.3.rel1.win32_1.1.0.202410251130/tools/bin/../lib/gcc/arm-none-eabi/12.3.1/../../../../arm-none-eabi/lib/thumb/v7e-m+fp/hard\libc_nano.a(libc_a-fflush.o)
                0x08012070                __sflush_r
 .text._fflush_r
                0x08012178       0x50 C:/ST/STM32CubeIDE_1.17.0/STM32CubeIDE/plugins/com.st.stm32cube.ide.mcu.externaltools.gnu-tools-for-stm32.12.3.rel1.win32_1.1.0.202410251130/tools/bin/../lib/gcc/arm-none-eabi/12.3.1/../../../../arm-none-eabi/lib/thumb/v7e-m+fp/hard\libc_nano.a(libc_a-fflush.o)
                0x08012178                _fflush_r
 .text.fflush   0x080121c8       0x28 C:/ST/STM32CubeIDE_1.17.0/STM32CubeIDE/plugins/com.st.stm32cube.ide.mcu.externaltools.gnu-tools-for-stm32.12.3.rel1.win32_1.1.0.202410251130/tools/bin/../lib/gcc/arm-none-eabi/12.3.1/../../../../arm-none-eabi/lib/thumb/v7e-m+fp/hard\libc_nano.a(libc_a-fflush.o)
                0x080121c8                fflush
 .text.std      0x080121f0       0x6c C:/ST/STM32CubeIDE_1.17.0/STM32CubeIDE/plugins/com.st.stm32cube.ide.mcu.externaltools.gnu-tools-for-stm32.12.3.rel1.win32_1.1.0.202410251130/tools/bin/../lib/gcc/arm-none-eabi/12.3.1/../../../../arm-none-eabi/lib/thumb/v7e-m+fp/hard\libc_nano.a(libc_a-findfp.o)
 .text.stdio_exit_handler
                0x0801225c       0x18 C:/ST/STM32CubeIDE_1.17.0/STM32CubeIDE/plugins/com.st.stm32cube.ide.mcu.externaltools.gnu-tools-for-stm32.12.3.rel1.win32_1.1.0.202410251130/tools/bin/../lib/gcc/arm-none-eabi/12.3.1/../../../../arm-none-eabi/lib/thumb/v7e-m+fp/hard\libc_nano.a(libc_a-findfp.o)
 .text.cleanup_stdio
                0x08012274       0x40 C:/ST/STM32CubeIDE_1.17.0/STM32CubeIDE/plugins/com.st.stm32cube.ide.mcu.externaltools.gnu-tools-for-stm32.12.3.rel1.win32_1.1.0.202410251130/tools/bin/../lib/gcc/arm-none-eabi/12.3.1/../../../../arm-none-eabi/lib/thumb/v7e-m+fp/hard\libc_nano.a(libc_a-findfp.o)
 .text.global_stdio_init.part.0
                0x080122b4       0x3c C:/ST/STM32CubeIDE_1.17.0/STM32CubeIDE/plugins/com.st.stm32cube.ide.mcu.externaltools.gnu-tools-for-stm32.12.3.rel1.win32_1.1.0.202410251130/tools/bin/../lib/gcc/arm-none-eabi/12.3.1/../../../../arm-none-eabi/lib/thumb/v7e-m+fp/hard\libc_nano.a(libc_a-findfp.o)
 .text.__sfp_lock_acquire
                0x080122f0        0xc C:/ST/STM32CubeIDE_1.17.0/STM32CubeIDE/plugins/com.st.stm32cube.ide.mcu.externaltools.gnu-tools-for-stm32.12.3.rel1.win32_1.1.0.202410251130/tools/bin/../lib/gcc/arm-none-eabi/12.3.1/../../../../arm-none-eabi/lib/thumb/v7e-m+fp/hard\libc_nano.a(libc_a-findfp.o)
                0x080122f0                __sfp_lock_acquire
 .text.__sfp_lock_release
                0x080122fc        0xc C:/ST/STM32CubeIDE_1.17.0/STM32CubeIDE/plugins/com.st.stm32cube.ide.mcu.externaltools.gnu-tools-for-stm32.12.3.rel1.win32_1.1.0.202410251130/tools/bin/../lib/gcc/arm-none-eabi/12.3.1/../../../../arm-none-eabi/lib/thumb/v7e-m+fp/hard\libc_nano.a(libc_a-findfp.o)
                0x080122fc                __sfp_lock_release
 .text.__sinit  0x08012308       0x30 C:/ST/STM32CubeIDE_1.17.0/STM32CubeIDE/plugins/com.st.stm32cube.ide.mcu.externaltools.gnu-tools-for-stm32.12.3.rel1.win32_1.1.0.202410251130/tools/bin/../lib/gcc/arm-none-eabi/12.3.1/../../../../arm-none-eabi/lib/thumb/v7e-m+fp/hard\libc_nano.a(libc_a-findfp.o)
                0x08012308                __sinit
 .text._fwalk_sglue
                0x08012338       0x3c C:/ST/STM32CubeIDE_1.17.0/STM32CubeIDE/plugins/com.st.stm32cube.ide.mcu.externaltools.gnu-tools-for-stm32.12.3.rel1.win32_1.1.0.202410251130/tools/bin/../lib/gcc/arm-none-eabi/12.3.1/../../../../arm-none-eabi/lib/thumb/v7e-m+fp/hard\libc_nano.a(libc_a-fwalk.o)
                0x08012338                _fwalk_sglue
 .text.printf   0x08012374       0x24 C:/ST/STM32CubeIDE_1.17.0/STM32CubeIDE/plugins/com.st.stm32cube.ide.mcu.externaltools.gnu-tools-for-stm32.12.3.rel1.win32_1.1.0.202410251130/tools/bin/../lib/gcc/arm-none-eabi/12.3.1/../../../../arm-none-eabi/lib/thumb/v7e-m+fp/hard\libc_nano.a(libc_a-printf.o)
                0x08012374                iprintf
                0x08012374                printf
 .text._puts_r  0x08012398       0xaa C:/ST/STM32CubeIDE_1.17.0/STM32CubeIDE/plugins/com.st.stm32cube.ide.mcu.externaltools.gnu-tools-for-stm32.12.3.rel1.win32_1.1.0.202410251130/tools/bin/../lib/gcc/arm-none-eabi/12.3.1/../../../../arm-none-eabi/lib/thumb/v7e-m+fp/hard\libc_nano.a(libc_a-puts.o)
                0x08012398                _puts_r
 *fill*         0x08012442        0x2 
 .text.puts     0x08012444       0x10 C:/ST/STM32CubeIDE_1.17.0/STM32CubeIDE/plugins/com.st.stm32cube.ide.mcu.externaltools.gnu-tools-for-stm32.12.3.rel1.win32_1.1.0.202410251130/tools/bin/../lib/gcc/arm-none-eabi/12.3.1/../../../../arm-none-eabi/lib/thumb/v7e-m+fp/hard\libc_nano.a(libc_a-puts.o)
                0x08012444                puts
 .text.sprintf  0x08012454       0x40 C:/ST/STM32CubeIDE_1.17.0/STM32CubeIDE/plugins/com.st.stm32cube.ide.mcu.externaltools.gnu-tools-for-stm32.12.3.rel1.win32_1.1.0.202410251130/tools/bin/../lib/gcc/arm-none-eabi/12.3.1/../../../../arm-none-eabi/lib/thumb/v7e-m+fp/hard\libc_nano.a(libc_a-sprintf.o)
                0x08012454                siprintf
                0x08012454                sprintf
 .text.__sread  0x08012494       0x22 C:/ST/STM32CubeIDE_1.17.0/STM32CubeIDE/plugins/com.st.stm32cube.ide.mcu.externaltools.gnu-tools-for-stm32.12.3.rel1.win32_1.1.0.202410251130/tools/bin/../lib/gcc/arm-none-eabi/12.3.1/../../../../arm-none-eabi/lib/thumb/v7e-m+fp/hard\libc_nano.a(libc_a-stdio.o)
                0x08012494                __sread
 .text.__swrite
                0x080124b6       0x38 C:/ST/STM32CubeIDE_1.17.0/STM32CubeIDE/plugins/com.st.stm32cube.ide.mcu.externaltools.gnu-tools-for-stm32.12.3.rel1.win32_1.1.0.202410251130/tools/bin/../lib/gcc/arm-none-eabi/12.3.1/../../../../arm-none-eabi/lib/thumb/v7e-m+fp/hard\libc_nano.a(libc_a-stdio.o)
                0x080124b6                __swrite
 .text.__sseek  0x080124ee       0x24 C:/ST/STM32CubeIDE_1.17.0/STM32CubeIDE/plugins/com.st.stm32cube.ide.mcu.externaltools.gnu-tools-for-stm32.12.3.rel1.win32_1.1.0.202410251130/tools/bin/../lib/gcc/arm-none-eabi/12.3.1/../../../../arm-none-eabi/lib/thumb/v7e-m+fp/hard\libc_nano.a(libc_a-stdio.o)
                0x080124ee                __sseek
 .text.__sclose
                0x08012512        0x8 C:/ST/STM32CubeIDE_1.17.0/STM32CubeIDE/plugins/com.st.stm32cube.ide.mcu.externaltools.gnu-tools-for-stm32.12.3.rel1.win32_1.1.0.202410251130/tools/bin/../lib/gcc/arm-none-eabi/12.3.1/../../../../arm-none-eabi/lib/thumb/v7e-m+fp/hard\libc_nano.a(libc_a-stdio.o)
                0x08012512                __sclose
 .text.__swbuf_r
                0x0801251a       0x7c C:/ST/STM32CubeIDE_1.17.0/STM32CubeIDE/plugins/com.st.stm32cube.ide.mcu.externaltools.gnu-tools-for-stm32.12.3.rel1.win32_1.1.0.202410251130/tools/bin/../lib/gcc/arm-none-eabi/12.3.1/../../../../arm-none-eabi/lib/thumb/v7e-m+fp/hard\libc_nano.a(libc_a-wbuf.o)
                0x0801251a                __swbuf_r
 *fill*         0x08012596        0x2 
 .text.__swsetup_r
                0x08012598       0xac C:/ST/STM32CubeIDE_1.17.0/STM32CubeIDE/plugins/com.st.stm32cube.ide.mcu.externaltools.gnu-tools-for-stm32.12.3.rel1.win32_1.1.0.202410251130/tools/bin/../lib/gcc/arm-none-eabi/12.3.1/../../../../arm-none-eabi/lib/thumb/v7e-m+fp/hard\libc_nano.a(libc_a-wsetup.o)
                0x08012598                __swsetup_r
 .text.memmove  0x08012644       0x34 C:/ST/STM32CubeIDE_1.17.0/STM32CubeIDE/plugins/com.st.stm32cube.ide.mcu.externaltools.gnu-tools-for-stm32.12.3.rel1.win32_1.1.0.202410251130/tools/bin/../lib/gcc/arm-none-eabi/12.3.1/../../../../arm-none-eabi/lib/thumb/v7e-m+fp/hard\libc_nano.a(libc_a-memmove.o)
                0x08012644                memmove
 .text.memset   0x08012678       0x10 C:/ST/STM32CubeIDE_1.17.0/STM32CubeIDE/plugins/com.st.stm32cube.ide.mcu.externaltools.gnu-tools-for-stm32.12.3.rel1.win32_1.1.0.202410251130/tools/bin/../lib/gcc/arm-none-eabi/12.3.1/../../../../arm-none-eabi/lib/thumb/v7e-m+fp/hard\libc_nano.a(libc_a-memset.o)
                0x08012678                memset
 .text._localeconv_r
                0x08012688        0x8 C:/ST/STM32CubeIDE_1.17.0/STM32CubeIDE/plugins/com.st.stm32cube.ide.mcu.externaltools.gnu-tools-for-stm32.12.3.rel1.win32_1.1.0.202410251130/tools/bin/../lib/gcc/arm-none-eabi/12.3.1/../../../../arm-none-eabi/lib/thumb/v7e-m+fp/hard\libc_nano.a(libc_a-localeconv.o)
                0x08012688                _localeconv_r
 .text._close_r
                0x08012690       0x20 C:/ST/STM32CubeIDE_1.17.0/STM32CubeIDE/plugins/com.st.stm32cube.ide.mcu.externaltools.gnu-tools-for-stm32.12.3.rel1.win32_1.1.0.202410251130/tools/bin/../lib/gcc/arm-none-eabi/12.3.1/../../../../arm-none-eabi/lib/thumb/v7e-m+fp/hard\libc_nano.a(libc_a-closer.o)
                0x08012690                _close_r
 .text._lseek_r
                0x080126b0       0x24 C:/ST/STM32CubeIDE_1.17.0/STM32CubeIDE/plugins/com.st.stm32cube.ide.mcu.externaltools.gnu-tools-for-stm32.12.3.rel1.win32_1.1.0.202410251130/tools/bin/../lib/gcc/arm-none-eabi/12.3.1/../../../../arm-none-eabi/lib/thumb/v7e-m+fp/hard\libc_nano.a(libc_a-lseekr.o)
                0x080126b0                _lseek_r
 .text._read_r  0x080126d4       0x24 C:/ST/STM32CubeIDE_1.17.0/STM32CubeIDE/plugins/com.st.stm32cube.ide.mcu.externaltools.gnu-tools-for-stm32.12.3.rel1.win32_1.1.0.202410251130/tools/bin/../lib/gcc/arm-none-eabi/12.3.1/../../../../arm-none-eabi/lib/thumb/v7e-m+fp/hard\libc_nano.a(libc_a-readr.o)
                0x080126d4                _read_r
 .text._sbrk_r  0x080126f8       0x20 C:/ST/STM32CubeIDE_1.17.0/STM32CubeIDE/plugins/com.st.stm32cube.ide.mcu.externaltools.gnu-tools-for-stm32.12.3.rel1.win32_1.1.0.202410251130/tools/bin/../lib/gcc/arm-none-eabi/12.3.1/../../../../arm-none-eabi/lib/thumb/v7e-m+fp/hard\libc_nano.a(libc_a-sbrkr.o)
                0x080126f8                _sbrk_r
 .text._write_r
                0x08012718       0x24 C:/ST/STM32CubeIDE_1.17.0/STM32CubeIDE/plugins/com.st.stm32cube.ide.mcu.externaltools.gnu-tools-for-stm32.12.3.rel1.win32_1.1.0.202410251130/tools/bin/../lib/gcc/arm-none-eabi/12.3.1/../../../../arm-none-eabi/lib/thumb/v7e-m+fp/hard\libc_nano.a(libc_a-writer.o)
                0x08012718                _write_r
 .text.__errno  0x0801273c        0xc C:/ST/STM32CubeIDE_1.17.0/STM32CubeIDE/plugins/com.st.stm32cube.ide.mcu.externaltools.gnu-tools-for-stm32.12.3.rel1.win32_1.1.0.202410251130/tools/bin/../lib/gcc/arm-none-eabi/12.3.1/../../../../arm-none-eabi/lib/thumb/v7e-m+fp/hard\libc_nano.a(libc_a-errno.o)
                0x0801273c                __errno
 .text.__libc_init_array
                0x08012748       0x48 C:/ST/STM32CubeIDE_1.17.0/STM32CubeIDE/plugins/com.st.stm32cube.ide.mcu.externaltools.gnu-tools-for-stm32.12.3.rel1.win32_1.1.0.202410251130/tools/bin/../lib/gcc/arm-none-eabi/12.3.1/../../../../arm-none-eabi/lib/thumb/v7e-m+fp/hard\libc_nano.a(libc_a-init.o)
                0x08012748                __libc_init_array
 .text.__retarget_lock_init_recursive
                0x08012790        0x2 C:/ST/STM32CubeIDE_1.17.0/STM32CubeIDE/plugins/com.st.stm32cube.ide.mcu.externaltools.gnu-tools-for-stm32.12.3.rel1.win32_1.1.0.202410251130/tools/bin/../lib/gcc/arm-none-eabi/12.3.1/../../../../arm-none-eabi/lib/thumb/v7e-m+fp/hard\libc_nano.a(libc_a-lock.o)
                0x08012790                __retarget_lock_init_recursive
 .text.__retarget_lock_acquire_recursive
                0x08012792        0x2 C:/ST/STM32CubeIDE_1.17.0/STM32CubeIDE/plugins/com.st.stm32cube.ide.mcu.externaltools.gnu-tools-for-stm32.12.3.rel1.win32_1.1.0.202410251130/tools/bin/../lib/gcc/arm-none-eabi/12.3.1/../../../../arm-none-eabi/lib/thumb/v7e-m+fp/hard\libc_nano.a(libc_a-lock.o)
                0x08012792                __retarget_lock_acquire_recursive
 .text.__retarget_lock_release_recursive
                0x08012794        0x2 C:/ST/STM32CubeIDE_1.17.0/STM32CubeIDE/plugins/com.st.stm32cube.ide.mcu.externaltools.gnu-tools-for-stm32.12.3.rel1.win32_1.1.0.202410251130/tools/bin/../lib/gcc/arm-none-eabi/12.3.1/../../../../arm-none-eabi/lib/thumb/v7e-m+fp/hard\libc_nano.a(libc_a-lock.o)
                0x08012794                __retarget_lock_release_recursive
 .text.memcpy   0x08012796       0x1c C:/ST/STM32CubeIDE_1.17.0/STM32CubeIDE/plugins/com.st.stm32cube.ide.mcu.externaltools.gnu-tools-for-stm32.12.3.rel1.win32_1.1.0.202410251130/tools/bin/../lib/gcc/arm-none-eabi/12.3.1/../../../../arm-none-eabi/lib/thumb/v7e-m+fp/hard\libc_nano.a(libc_a-memcpy-stub.o)
                0x08012796                memcpy
 .text.quorem   0x080127b2      0x110 C:/ST/STM32CubeIDE_1.17.0/STM32CubeIDE/plugins/com.st.stm32cube.ide.mcu.externaltools.gnu-tools-for-stm32.12.3.rel1.win32_1.1.0.202410251130/tools/bin/../lib/gcc/arm-none-eabi/12.3.1/../../../../arm-none-eabi/lib/thumb/v7e-m+fp/hard\libc_nano.a(libc_a-dtoa.o)
 *fill*         0x080128c2        0x6 
 .text._dtoa_r  0x080128c8      0xb88 C:/ST/STM32CubeIDE_1.17.0/STM32CubeIDE/plugins/com.st.stm32cube.ide.mcu.externaltools.gnu-tools-for-stm32.12.3.rel1.win32_1.1.0.202410251130/tools/bin/../lib/gcc/arm-none-eabi/12.3.1/../../../../arm-none-eabi/lib/thumb/v7e-m+fp/hard\libc_nano.a(libc_a-dtoa.o)
                0x080128c8                _dtoa_r
 .text._free_r  0x08013450       0x94 C:/ST/STM32CubeIDE_1.17.0/STM32CubeIDE/plugins/com.st.stm32cube.ide.mcu.externaltools.gnu-tools-for-stm32.12.3.rel1.win32_1.1.0.202410251130/tools/bin/../lib/gcc/arm-none-eabi/12.3.1/../../../../arm-none-eabi/lib/thumb/v7e-m+fp/hard\libc_nano.a(libc_a-freer.o)
                0x08013450                _free_r
 .text._Balloc  0x080134e4       0x80 C:/ST/STM32CubeIDE_1.17.0/STM32CubeIDE/plugins/com.st.stm32cube.ide.mcu.externaltools.gnu-tools-for-stm32.12.3.rel1.win32_1.1.0.202410251130/tools/bin/../lib/gcc/arm-none-eabi/12.3.1/../../../../arm-none-eabi/lib/thumb/v7e-m+fp/hard\libc_nano.a(libc_a-mprec.o)
                0x080134e4                _Balloc
 .text._Bfree   0x08013564       0x44 C:/ST/STM32CubeIDE_1.17.0/STM32CubeIDE/plugins/com.st.stm32cube.ide.mcu.externaltools.gnu-tools-for-stm32.12.3.rel1.win32_1.1.0.202410251130/tools/bin/../lib/gcc/arm-none-eabi/12.3.1/../../../../arm-none-eabi/lib/thumb/v7e-m+fp/hard\libc_nano.a(libc_a-mprec.o)
                0x08013564                _Bfree
 .text.__multadd
                0x080135a8       0x8c C:/ST/STM32CubeIDE_1.17.0/STM32CubeIDE/plugins/com.st.stm32cube.ide.mcu.externaltools.gnu-tools-for-stm32.12.3.rel1.win32_1.1.0.202410251130/tools/bin/../lib/gcc/arm-none-eabi/12.3.1/../../../../arm-none-eabi/lib/thumb/v7e-m+fp/hard\libc_nano.a(libc_a-mprec.o)
                0x080135a8                __multadd
 .text.__hi0bits
                0x08013634       0x3e C:/ST/STM32CubeIDE_1.17.0/STM32CubeIDE/plugins/com.st.stm32cube.ide.mcu.externaltools.gnu-tools-for-stm32.12.3.rel1.win32_1.1.0.202410251130/tools/bin/../lib/gcc/arm-none-eabi/12.3.1/../../../../arm-none-eabi/lib/thumb/v7e-m+fp/hard\libc_nano.a(libc_a-mprec.o)
                0x08013634                __hi0bits
 .text.__lo0bits
                0x08013672       0x5a C:/ST/STM32CubeIDE_1.17.0/STM32CubeIDE/plugins/com.st.stm32cube.ide.mcu.externaltools.gnu-tools-for-stm32.12.3.rel1.win32_1.1.0.202410251130/tools/bin/../lib/gcc/arm-none-eabi/12.3.1/../../../../arm-none-eabi/lib/thumb/v7e-m+fp/hard\libc_nano.a(libc_a-mprec.o)
                0x08013672                __lo0bits
 .text.__i2b    0x080136cc       0x2c C:/ST/STM32CubeIDE_1.17.0/STM32CubeIDE/plugins/com.st.stm32cube.ide.mcu.externaltools.gnu-tools-for-stm32.12.3.rel1.win32_1.1.0.202410251130/tools/bin/../lib/gcc/arm-none-eabi/12.3.1/../../../../arm-none-eabi/lib/thumb/v7e-m+fp/hard\libc_nano.a(libc_a-mprec.o)
                0x080136cc                __i2b
 .text.__multiply
                0x080136f8      0x154 C:/ST/STM32CubeIDE_1.17.0/STM32CubeIDE/plugins/com.st.stm32cube.ide.mcu.externaltools.gnu-tools-for-stm32.12.3.rel1.win32_1.1.0.202410251130/tools/bin/../lib/gcc/arm-none-eabi/12.3.1/../../../../arm-none-eabi/lib/thumb/v7e-m+fp/hard\libc_nano.a(libc_a-mprec.o)
                0x080136f8                __multiply
 .text.__pow5mult
                0x0801384c       0xb4 C:/ST/STM32CubeIDE_1.17.0/STM32CubeIDE/plugins/com.st.stm32cube.ide.mcu.externaltools.gnu-tools-for-stm32.12.3.rel1.win32_1.1.0.202410251130/tools/bin/../lib/gcc/arm-none-eabi/12.3.1/../../../../arm-none-eabi/lib/thumb/v7e-m+fp/hard\libc_nano.a(libc_a-mprec.o)
                0x0801384c                __pow5mult
 .text.__lshift
                0x08013900       0xd8 C:/ST/STM32CubeIDE_1.17.0/STM32CubeIDE/plugins/com.st.stm32cube.ide.mcu.externaltools.gnu-tools-for-stm32.12.3.rel1.win32_1.1.0.202410251130/tools/bin/../lib/gcc/arm-none-eabi/12.3.1/../../../../arm-none-eabi/lib/thumb/v7e-m+fp/hard\libc_nano.a(libc_a-mprec.o)
                0x08013900                __lshift
 .text.__mcmp   0x080139d8       0x36 C:/ST/STM32CubeIDE_1.17.0/STM32CubeIDE/plugins/com.st.stm32cube.ide.mcu.externaltools.gnu-tools-for-stm32.12.3.rel1.win32_1.1.0.202410251130/tools/bin/../lib/gcc/arm-none-eabi/12.3.1/../../../../arm-none-eabi/lib/thumb/v7e-m+fp/hard\libc_nano.a(libc_a-mprec.o)
                0x080139d8                __mcmp
 *fill*         0x08013a0e        0x2 
 .text.__mdiff  0x08013a10      0x128 C:/ST/STM32CubeIDE_1.17.0/STM32CubeIDE/plugins/com.st.stm32cube.ide.mcu.externaltools.gnu-tools-for-stm32.12.3.rel1.win32_1.1.0.202410251130/tools/bin/../lib/gcc/arm-none-eabi/12.3.1/../../../../arm-none-eabi/lib/thumb/v7e-m+fp/hard\libc_nano.a(libc_a-mprec.o)
                0x08013a10                __mdiff
 .text.__d2b    0x08013b38       0xb0 C:/ST/STM32CubeIDE_1.17.0/STM32CubeIDE/plugins/com.st.stm32cube.ide.mcu.externaltools.gnu-tools-for-stm32.12.3.rel1.win32_1.1.0.202410251130/tools/bin/../lib/gcc/arm-none-eabi/12.3.1/../../../../arm-none-eabi/lib/thumb/v7e-m+fp/hard\libc_nano.a(libc_a-mprec.o)
                0x08013b38                __d2b
 .text.__ssputs_r
                0x08013be8       0xb6 C:/ST/STM32CubeIDE_1.17.0/STM32CubeIDE/plugins/com.st.stm32cube.ide.mcu.externaltools.gnu-tools-for-stm32.12.3.rel1.win32_1.1.0.202410251130/tools/bin/../lib/gcc/arm-none-eabi/12.3.1/../../../../arm-none-eabi/lib/thumb/v7e-m+fp/hard\libc_nano.a(libc_a-nano-svfprintf.o)
                0x08013be8                __ssputs_r
 *fill*         0x08013c9e        0x2 
 .text._svfprintf_r
                0x08013ca0      0x1f8 C:/ST/STM32CubeIDE_1.17.0/STM32CubeIDE/plugins/com.st.stm32cube.ide.mcu.externaltools.gnu-tools-for-stm32.12.3.rel1.win32_1.1.0.202410251130/tools/bin/../lib/gcc/arm-none-eabi/12.3.1/../../../../arm-none-eabi/lib/thumb/v7e-m+fp/hard\libc_nano.a(libc_a-nano-svfprintf.o)
                0x08013ca0                _svfiprintf_r
                0x08013ca0                _svfprintf_r
 .text.__sfputc_r
                0x08013e98       0x2e C:/ST/STM32CubeIDE_1.17.0/STM32CubeIDE/plugins/com.st.stm32cube.ide.mcu.externaltools.gnu-tools-for-stm32.12.3.rel1.win32_1.1.0.202410251130/tools/bin/../lib/gcc/arm-none-eabi/12.3.1/../../../../arm-none-eabi/lib/thumb/v7e-m+fp/hard\libc_nano.a(libc_a-nano-vfprintf.o)
 .text.__sfputs_r
                0x08013ec6       0x24 C:/ST/STM32CubeIDE_1.17.0/STM32CubeIDE/plugins/com.st.stm32cube.ide.mcu.externaltools.gnu-tools-for-stm32.12.3.rel1.win32_1.1.0.202410251130/tools/bin/../lib/gcc/arm-none-eabi/12.3.1/../../../../arm-none-eabi/lib/thumb/v7e-m+fp/hard\libc_nano.a(libc_a-nano-vfprintf.o)
                0x08013ec6                __sfputs_r
 *fill*         0x08013eea        0x2 
 .text._vfprintf_r
                0x08013eec      0x230 C:/ST/STM32CubeIDE_1.17.0/STM32CubeIDE/plugins/com.st.stm32cube.ide.mcu.externaltools.gnu-tools-for-stm32.12.3.rel1.win32_1.1.0.202410251130/tools/bin/../lib/gcc/arm-none-eabi/12.3.1/../../../../arm-none-eabi/lib/thumb/v7e-m+fp/hard\libc_nano.a(libc_a-nano-vfprintf.o)
                0x08013eec                _vfprintf_r
                0x08013eec                _vfiprintf_r
 .text.__swhatbuf_r
                0x0801411c       0x4c C:/ST/STM32CubeIDE_1.17.0/STM32CubeIDE/plugins/com.st.stm32cube.ide.mcu.externaltools.gnu-tools-for-stm32.12.3.rel1.win32_1.1.0.202410251130/tools/bin/../lib/gcc/arm-none-eabi/12.3.1/../../../../arm-none-eabi/lib/thumb/v7e-m+fp/hard\libc_nano.a(libc_a-makebuf.o)
                0x0801411c                __swhatbuf_r
 .text.__smakebuf_r
                0x08014168       0x78 C:/ST/STM32CubeIDE_1.17.0/STM32CubeIDE/plugins/com.st.stm32cube.ide.mcu.externaltools.gnu-tools-for-stm32.12.3.rel1.win32_1.1.0.202410251130/tools/bin/../lib/gcc/arm-none-eabi/12.3.1/../../../../arm-none-eabi/lib/thumb/v7e-m+fp/hard\libc_nano.a(libc_a-makebuf.o)
                0x08014168                __smakebuf_r
 .text._fstat_r
                0x080141e0       0x24 C:/ST/STM32CubeIDE_1.17.0/STM32CubeIDE/plugins/com.st.stm32cube.ide.mcu.externaltools.gnu-tools-for-stm32.12.3.rel1.win32_1.1.0.202410251130/tools/bin/../lib/gcc/arm-none-eabi/12.3.1/../../../../arm-none-eabi/lib/thumb/v7e-m+fp/hard\libc_nano.a(libc_a-fstatr.o)
                0x080141e0                _fstat_r
 .text._isatty_r
                0x08014204       0x20 C:/ST/STM32CubeIDE_1.17.0/STM32CubeIDE/plugins/com.st.stm32cube.ide.mcu.externaltools.gnu-tools-for-stm32.12.3.rel1.win32_1.1.0.202410251130/tools/bin/../lib/gcc/arm-none-eabi/12.3.1/../../../../arm-none-eabi/lib/thumb/v7e-m+fp/hard\libc_nano.a(libc_a-isattyr.o)
                0x08014204                _isatty_r
 .text.__assert_func
                0x08014224       0x3c C:/ST/STM32CubeIDE_1.17.0/STM32CubeIDE/plugins/com.st.stm32cube.ide.mcu.externaltools.gnu-tools-for-stm32.12.3.rel1.win32_1.1.0.202410251130/tools/bin/../lib/gcc/arm-none-eabi/12.3.1/../../../../arm-none-eabi/lib/thumb/v7e-m+fp/hard\libc_nano.a(libc_a-assert.o)
                0x08014224                __assert_func
 .text.__ascii_mbtowc
                0x08014260       0x24 C:/ST/STM32CubeIDE_1.17.0/STM32CubeIDE/plugins/com.st.stm32cube.ide.mcu.externaltools.gnu-tools-for-stm32.12.3.rel1.win32_1.1.0.202410251130/tools/bin/../lib/gcc/arm-none-eabi/12.3.1/../../../../arm-none-eabi/lib/thumb/v7e-m+fp/hard\libc_nano.a(libc_a-mbtowc_r.o)
                0x08014260                __ascii_mbtowc
 .text._realloc_r
                0x08014284       0x5c C:/ST/STM32CubeIDE_1.17.0/STM32CubeIDE/plugins/com.st.stm32cube.ide.mcu.externaltools.gnu-tools-for-stm32.12.3.rel1.win32_1.1.0.202410251130/tools/bin/../lib/gcc/arm-none-eabi/12.3.1/../../../../arm-none-eabi/lib/thumb/v7e-m+fp/hard\libc_nano.a(libc_a-reallocr.o)
                0x08014284                _realloc_r
 .text.__ascii_wctomb
                0x080142e0       0x1a C:/ST/STM32CubeIDE_1.17.0/STM32CubeIDE/plugins/com.st.stm32cube.ide.mcu.externaltools.gnu-tools-for-stm32.12.3.rel1.win32_1.1.0.202410251130/tools/bin/../lib/gcc/arm-none-eabi/12.3.1/../../../../arm-none-eabi/lib/thumb/v7e-m+fp/hard\libc_nano.a(libc_a-wctomb_r.o)
                0x080142e0                __ascii_wctomb
 *fill*         0x080142fa        0x2 
 .text.fprintf  0x080142fc       0x24 C:/ST/STM32CubeIDE_1.17.0/STM32CubeIDE/plugins/com.st.stm32cube.ide.mcu.externaltools.gnu-tools-for-stm32.12.3.rel1.win32_1.1.0.202410251130/tools/bin/../lib/gcc/arm-none-eabi/12.3.1/../../../../arm-none-eabi/lib/thumb/v7e-m+fp/hard\libc_nano.a(libc_a-fprintf.o)
                0x080142fc                fiprintf
                0x080142fc                fprintf
 .text.abort    0x08014320        0xe C:/ST/STM32CubeIDE_1.17.0/STM32CubeIDE/plugins/com.st.stm32cube.ide.mcu.externaltools.gnu-tools-for-stm32.12.3.rel1.win32_1.1.0.202410251130/tools/bin/../lib/gcc/arm-none-eabi/12.3.1/../../../../arm-none-eabi/lib/thumb/v7e-m+fp/hard\libc_nano.a(libc_a-abort.o)
                0x08014320                abort
 .text._malloc_usable_size_r
                0x0801432e       0x10 C:/ST/STM32CubeIDE_1.17.0/STM32CubeIDE/plugins/com.st.stm32cube.ide.mcu.externaltools.gnu-tools-for-stm32.12.3.rel1.win32_1.1.0.202410251130/tools/bin/../lib/gcc/arm-none-eabi/12.3.1/../../../../arm-none-eabi/lib/thumb/v7e-m+fp/hard\libc_nano.a(libc_a-msizer.o)
                0x0801432e                _malloc_usable_size_r
 .text._raise_r
                0x0801433e       0x50 C:/ST/STM32CubeIDE_1.17.0/STM32CubeIDE/plugins/com.st.stm32cube.ide.mcu.externaltools.gnu-tools-for-stm32.12.3.rel1.win32_1.1.0.202410251130/tools/bin/../lib/gcc/arm-none-eabi/12.3.1/../../../../arm-none-eabi/lib/thumb/v7e-m+fp/hard\libc_nano.a(libc_a-signal.o)
                0x0801433e                _raise_r
 *fill*         0x0801438e        0x2 
 .text.raise    0x08014390       0x10 C:/ST/STM32CubeIDE_1.17.0/STM32CubeIDE/plugins/com.st.stm32cube.ide.mcu.externaltools.gnu-tools-for-stm32.12.3.rel1.win32_1.1.0.202410251130/tools/bin/../lib/gcc/arm-none-eabi/12.3.1/../../../../arm-none-eabi/lib/thumb/v7e-m+fp/hard\libc_nano.a(libc_a-signal.o)
                0x08014390                raise
 .text._kill_r  0x080143a0       0x24 C:/ST/STM32CubeIDE_1.17.0/STM32CubeIDE/plugins/com.st.stm32cube.ide.mcu.externaltools.gnu-tools-for-stm32.12.3.rel1.win32_1.1.0.202410251130/tools/bin/../lib/gcc/arm-none-eabi/12.3.1/../../../../arm-none-eabi/lib/thumb/v7e-m+fp/hard\libc_nano.a(libc_a-signalr.o)
                0x080143a0                _kill_r
 .text._getpid_r