D:/CANOPEN/STM32/CANopenNode/301/CO_ODinterface.h:542:1:OD_get_f32	1
../Core/Src/main.c:128:15:_micros	1
../Core/Src/main.c:132:6:Update_dt	1
../Core/Src/main.c:141:6:update_speed_dt	1
../Core/Src/main.c:149:6:update_position_dt	1
../Core/Src/main.c:157:6:delay_us	2
../Core/Src/main.c:163:9:spiCalcEvenParity	3
../Core/Src/main.c:172:10:AS5147U_ReadAngle	1
../Core/Src/main.c:196:7:normalize_angle	3
../Core/Src/main.c:202:7:AS5147U_GetAngleRad	2
../Core/Src/main.c:213:7:electricalAngle	3
../Core/Src/main.c:223:6:alignRotor	1
../Core/Src/main.c:243:6:clark	1
../Core/Src/main.c:249:6:park	1
../Core/Src/main.c:256:6:setpwm	4
../Core/Src/main.c:290:6:update_PID	35
../Core/Src/main.c:416:6:position_loop	5
../Core/Src/main.c:460:6:Speed_Loop	5
../Core/Src/main.c:504:6:Current_Loop	5
../Core/Src/main.c:574:5:main	6
../Core/Src/main.c:726:6:SystemClock_Config	4
../Core/Src/main.c:781:13:MX_ADC1_Init	5
../Core/Src/main.c:859:13:MX_ADC2_Init	3
../Core/Src/main.c:911:13:MX_CAN1_Init	2
../Core/Src/main.c:948:13:MX_SPI1_Init	2
../Core/Src/main.c:986:13:MX_TIM1_Init	9
../Core/Src/main.c:1069:13:MX_TIM2_Init	4
../Core/Src/main.c:1114:13:MX_TIM3_Init	4
../Core/Src/main.c:1159:13:MX_TIM7_Init	3
../Core/Src/main.c:1197:13:MX_TIM8_Init	4
../Core/Src/main.c:1243:13:MX_UART4_Init	2
../Core/Src/main.c:1276:13:MX_USART2_UART_Init	2
../Core/Src/main.c:1307:13:MX_DMA_Init	1
../Core/Src/main.c:1332:13:MX_GPIO_Init	1
../Core/Src/main.c:1365:6:HAL_ADCEx_InjectedConvCpltCallback	2
../Core/Src/main.c:1381:6:HAL_TIM_PeriodElapsedCallback	4
../Core/Src/main.c:1400:6:HAL_UART_TxCpltCallback	2
../Core/Src/main.c:1407:6:HAL_ADC_ConvCpltCallback	2
../Core/Src/main.c:1421:6:Error_Handler	1
