D:/CANOPEN/STM32/CANopenNode/301/CO_ODinterface.h:542:1:OD_get_f32	32	static
../Core/Src/main.c:128:15:_micros	8	static
../Core/Src/main.c:132:6:Update_dt	16	static
../Core/Src/main.c:141:6:update_speed_dt	16	static
../Core/Src/main.c:149:6:update_position_dt	16	static
../Core/Src/main.c:157:6:delay_us	16	static
../Core/Src/main.c:163:9:spiCalcEvenParity	24	static
../Core/Src/main.c:172:10:AS5147U_ReadAngle	24	static
../Core/Src/main.c:196:7:normalize_angle	16	static
../Core/Src/main.c:202:7:AS5147U_GetAngleRad	16	static
../Core/Src/main.c:213:7:electricalAngle	16	static
../Core/Src/main.c:223:6:alignRotor	16	static
../Core/Src/main.c:243:6:clark	8	static
../Core/Src/main.c:249:6:park	24	static
../Core/Src/main.c:256:6:setpwm	8	static
../Core/Src/main.c:290:6:update_PID	4	static
../Core/Src/main.c:416:6:position_loop	32	static
../Core/Src/main.c:460:6:Speed_Loop	48	static
../Core/Src/main.c:504:6:Current_Loop	40	static
../Core/Src/main.c:574:5:main	32	static
../Core/Src/main.c:726:6:SystemClock_Config	88	static
../Core/Src/main.c:781:13:MX_ADC1_Init	56	static
../Core/Src/main.c:859:13:MX_ADC2_Init	24	static
../Core/Src/main.c:911:13:MX_CAN1_Init	8	static
../Core/Src/main.c:948:13:MX_SPI1_Init	8	static
../Core/Src/main.c:986:13:MX_TIM1_Init	96	static
../Core/Src/main.c:1069:13:MX_TIM2_Init	32	static
../Core/Src/main.c:1114:13:MX_TIM3_Init	32	static
../Core/Src/main.c:1159:13:MX_TIM7_Init	16	static
../Core/Src/main.c:1197:13:MX_TIM8_Init	32	static
../Core/Src/main.c:1243:13:MX_UART4_Init	8	static
../Core/Src/main.c:1276:13:MX_USART2_UART_Init	8	static
../Core/Src/main.c:1307:13:MX_DMA_Init	16	static
../Core/Src/main.c:1332:13:MX_GPIO_Init	48	static
../Core/Src/main.c:1365:6:HAL_ADCEx_InjectedConvCpltCallback	16	static
../Core/Src/main.c:1381:6:HAL_TIM_PeriodElapsedCallback	16	static
../Core/Src/main.c:1400:6:HAL_UART_TxCpltCallback	16	static
../Core/Src/main.c:1407:6:HAL_ADC_ConvCpltCallback	16	static
../Core/Src/main.c:1421:6:Error_Handler	4	static,ignoring_inline_asm
